[14:39:10] 已套用本機回送端點；Core 端點也需改成相同設定。
[14:39:10] 完整設備模擬器已就緒。請啟動全部 ADAM Server。
[14:39:10] ADAM-6256: Listening
[AdamDeviceServer] ADAM-6256 listening on 127.0.0.201:502 unit=1
[14:39:10] ADAM-6217 A: Listening
[AdamDeviceServer] ADAM-6217 A listening on 127.0.0.202:502 unit=1
[14:39:10] ADAM-6217 B: Listening
[AdamDeviceServer] ADAM-6217 B listening on 127.0.0.203:502 unit=1
[14:39:10] ADAM-6224: Listening
[AdamDeviceServer] ADAM-6224 listening on 127.0.0.204:502 unit=1
[14:39:10] ADAM-6022: Listening
[AdamDeviceServer] ADAM-6022 listening on 127.0.0.205:502 unit=1
[Process] pumpCommand=0 pumpRunning=0 frequencyHz=40.0 flow=0.00 PT05=6.19 MV1Feedback=9.45
[Process] pumpCommand=0 pumpRunning=0 frequencyHz=40.0 flow=0.00 PT05=9.85 MV1Feedback=14.43
[Process] pumpCommand=0 pumpRunning=0 frequencyHz=40.0 flow=0.00 PT05=12.01 MV1Feedback=17.06
[Process] pumpCommand=0 pumpRunning=0 frequencyHz=40.0 flow=0.00 PT05=13.28 MV1Feedback=18.45
[Process] pumpCommand=0 pumpRunning=0 frequencyHz=40.0 flow=0.00 PT05=14.03 MV1Feedback=19.18
[Process] pumpCommand=0 pumpRunning=0 frequencyHz=40.0 flow=0.00 PT05=14.48 MV1Feedback=19.57
[Process] pumpCommand=0 pumpRunning=0 frequencyHz=40.0 flow=0.00 PT05=14.74 MV1Feedback=19.77
[Process] pumpCommand=0 pumpRunning=0 frequencyHz=40.0 flow=0.00 PT05=14.90 MV1Feedback=19.88
[Process] pumpCommand=0 pumpRunning=0 frequencyHz=40.0 flow=0.00 PT05=14.99 MV1Feedback=19.94
[Process] pumpCommand=0 pumpRunning=0 frequencyHz=40.0 flow=0.00 PT05=15.04 MV1Feedback=19.97
[Process] pumpCommand=0 pumpRunning=0 frequencyHz=40.0 flow=0.00 PT05=15.07 MV1Feedback=19.98
[Process] pumpCommand=0 pumpRunning=0 frequencyHz=40.0 flow=0.00 PT05=15.09 MV1Feedback=19.99
[Process] pumpCommand=0 pumpRunning=0 frequencyHz=40.0 flow=0.00 PT05=15.10 MV1Feedback=20.00
[Process] pumpCommand=0 pumpRunning=0 frequencyHz=40.0 flow=0.00 PT05=15.11 MV1Feedback=20.00
[Process] pumpCommand=0 pumpRunning=0 frequencyHz=40.0 flow=0.00 PT05=15.11 MV1Feedback=20.00
[Process] pumpCommand=0 pumpRunning=0 frequencyHz=40.0 flow=0.00 PT05=15.12 MV1Feedback=20.00
[Process] pumpCommand=0 pumpRunning=0 frequencyHz=40.0 flow=0.00 PT05=15.12 MV1Feedback=20.00
[Process] pumpCommand=0 pumpRunning=0 frequencyHz=40.0 flow=0.00 PT05=15.12 MV1Feedback=20.00
[Process] pumpCommand=0 pumpRunning=0 frequencyHz=40.0 flow=0.00 PT05=15.12 MV1Feedback=20.00
[Process] pumpCommand=0 pumpRunning=0 frequencyHz=40.0 flow=0.00 PT05=15.12 MV1Feedback=20.00
[Process] pumpCommand=0 pumpRunning=0 frequencyHz=40.0 flow=0.00 PT05=15.12 MV1Feedback=20.00
[Process] pumpCommand=0 pumpRunning=0 frequencyHz=40.0 flow=0.00 PT05=15.12 MV1Feedback=20.00
[Process] pumpCommand=0 pumpRunning=0 frequencyHz=40.0 flow=0.00 PT05=15.12 MV1Feedback=20.00
[Process] pumpCommand=0 pumpRunning=0 frequencyHz=40.0 flow=0.00 PT05=15.12 MV1Feedback=20.00
[Process] pumpCommand=0 pumpRunning=0 frequencyHz=40.0 flow=0.00 PT05=15.12 MV1Feedback=20.00
[Process] pumpCommand=0 pumpRunning=0 frequencyHz=40.0 flow=0.00 PT05=15.12 MV1Feedback=20.00
[Process] pumpCommand=0 pumpRunning=0 frequencyHz=40.0 flow=0.00 PT05=15.12 MV1Feedback=20.00
[Process] pumpCommand=0 pumpRunning=0 frequencyHz=40.0 flow=0.00 PT05=15.12 MV1Feedback=20.00
[Process] pumpCommand=0 pumpRunning=0 frequencyHz=40.0 flow=0.00 PT05=15.12 MV1Feedback=20.00
[Process] pumpCommand=0 pumpRunning=0 frequencyHz=40.0 flow=0.00 PT05=15.12 MV1Feedback=20.00
[Process] pumpCommand=0 pumpRunning=0 frequencyHz=40.0 flow=0.00 PT05=15.12 MV1Feedback=20.00
[Process] pumpCommand=0 pumpRunning=0 frequencyHz=40.0 flow=0.00 PT05=15.12 MV1Feedback=20.00
[Process] pumpCommand=0 pumpRunning=0 frequencyHz=40.0 flow=0.00 PT05=15.12 MV1Feedback=20.00
[Process] pumpCommand=0 pumpRunning=0 frequencyHz=40.0 flow=0.00 PT05=15.12 MV1Feedback=20.00
[Process] pumpCommand=0 pumpRunning=0 frequencyHz=40.0 flow=0.00 PT05=15.12 MV1Feedback=20.00
[Process] pumpCommand=0 pumpRunning=0 frequencyHz=40.0 flow=0.00 PT05=15.12 MV1Feedback=20.00
[Process] pumpCommand=0 pumpRunning=0 frequencyHz=40.0 flow=0.00 PT05=15.12 MV1Feedback=20.00
[Process] pumpCommand=0 pumpRunning=0 frequencyHz=40.0 flow=0.00 PT05=15.12 MV1Feedback=20.00
[Process] pumpCommand=0 pumpRunning=0 frequencyHz=40.0 flow=0.00 PT05=15.12 MV1Feedback=20.00
[Process] pumpCommand=0 pumpRunning=0 frequencyHz=40.0 flow=0.00 PT05=15.12 MV1Feedback=20.00
[Process] pumpCommand=0 pumpRunning=0 frequencyHz=40.0 flow=0.00 PT05=15.12 MV1Feedback=20.00
[Process] pumpCommand=0 pumpRunning=0 frequencyHz=40.0 flow=0.00 PT05=15.12 MV1Feedback=20.00
[Process] pumpCommand=0 pumpRunning=0 frequencyHz=40.0 flow=0.00 PT05=15.12 MV1Feedback=20.00
[Process] pumpCommand=0 pumpRunning=0 frequencyHz=40.0 flow=0.00 PT05=15.12 MV1Feedback=20.00
[Process] pumpCommand=0 pumpRunning=0 frequencyHz=40.0 flow=0.00 PT05=15.12 MV1Feedback=20.00
[Process] pumpCommand=0 pumpRunning=0 frequencyHz=40.0 flow=0.00 PT05=15.12 MV1Feedback=20.00
[Process] pumpCommand=0 pumpRunning=0 frequencyHz=40.0 flow=0.00 PT05=15.12 MV1Feedback=20.00
[Process] pumpCommand=0 pumpRunning=0 frequencyHz=40.0 flow=0.00 PT05=15.12 MV1Feedback=20.00
[Process] pumpCommand=0 pumpRunning=0 frequencyHz=40.0 flow=0.00 PT05=15.12 MV1Feedback=20.00
[Process] pumpCommand=0 pumpRunning=0 frequencyHz=40.0 flow=0.00 PT05=15.12 MV1Feedback=20.00
[Process] pumpCommand=0 pumpRunning=0 frequencyHz=40.0 flow=0.00 PT05=15.12 MV1Feedback=20.00
[Process] pumpCommand=0 pumpRunning=0 frequencyHz=40.0 flow=0.00 PT05=15.12 MV1Feedback=20.00
[Process] pumpCommand=0 pumpRunning=0 frequencyHz=40.0 flow=0.00 PT05=15.12 MV1Feedback=20.00
[Process] pumpCommand=0 pumpRunning=0 frequencyHz=40.0 flow=0.00 PT05=15.12 MV1Feedback=20.00
[Process] pumpCommand=0 pumpRunning=0 frequencyHz=40.0 flow=0.00 PT05=15.12 MV1Feedback=20.00
[Process] pumpCommand=0 pumpRunning=0 frequencyHz=40.0 flow=0.00 PT05=15.12 MV1Feedback=20.00
[Process] pumpCommand=0 pumpRunning=0 frequencyHz=40.0 flow=0.00 PT05=15.12 MV1Feedback=20.00
[Process] pumpCommand=0 pumpRunning=0 frequencyHz=40.0 flow=0.00 PT05=15.12 MV1Feedback=20.00
[Process] pumpCommand=0 pumpRunning=0 frequencyHz=40.0 flow=0.00 PT05=15.12 MV1Feedback=20.00
[Process] pumpCommand=0 pumpRunning=0 frequencyHz=40.0 flow=0.00 PT05=15.12 MV1Feedback=20.00
[Process] pumpCommand=0 pumpRunning=0 frequencyHz=40.0 flow=0.00 PT05=15.12 MV1Feedback=20.00
[Process] pumpCommand=0 pumpRunning=0 frequencyHz=40.0 flow=0.00 PT05=15.12 MV1Feedback=20.00
[Process] pumpCommand=0 pumpRunning=0 frequencyHz=40.0 flow=0.00 PT05=15.12 MV1Feedback=20.00
[Process] pumpCommand=0 pumpRunning=0 frequencyHz=40.0 flow=0.00 PT05=15.12 MV1Feedback=20.00
[Process] pumpCommand=0 pumpRunning=0 frequencyHz=40.0 flow=0.00 PT05=15.12 MV1Feedback=20.00
[Process] pumpCommand=0 pumpRunning=0 frequencyHz=40.0 flow=0.00 PT05=15.12 MV1Feedback=20.00
[Process] pumpCommand=0 pumpRunning=0 frequencyHz=40.0 flow=0.00 PT05=15.12 MV1Feedback=20.00
[Process] pumpCommand=0 pumpRunning=0 frequencyHz=40.0 flow=0.00 PT05=15.12 MV1Feedback=20.00
[Process] pumpCommand=0 pumpRunning=0 frequencyHz=40.0 flow=0.00 PT05=15.12 MV1Feedback=20.00
[Process] pumpCommand=0 pumpRunning=0 frequencyHz=40.0 flow=0.00 PT05=15.12 MV1Feedback=20.00
[Process] pumpCommand=0 pumpRunning=0 frequencyHz=40.0 flow=0.00 PT05=15.12 MV1Feedback=20.00
[Process] pumpCommand=0 pumpRunning=0 frequencyHz=40.0 flow=0.00 PT05=15.12 MV1Feedback=20.00
[Process] pumpCommand=0 pumpRunning=0 frequencyHz=40.0 flow=0.00 PT05=15.12 MV1Feedback=20.00
[Process] pumpCommand=0 pumpRunning=0 frequencyHz=40.0 flow=0.00 PT05=15.12 MV1Feedback=20.00
[Process] pumpCommand=0 pumpRunning=0 frequencyHz=40.0 flow=0.00 PT05=15.12 MV1Feedback=20.00
[Process] pumpCommand=0 pumpRunning=0 frequencyHz=40.0 flow=0.00 PT05=15.12 MV1Feedback=20.00
[Process] pumpCommand=0 pumpRunning=0 frequencyHz=40.0 flow=0.00 PT05=15.12 MV1Feedback=20.00
[Process] pumpCommand=0 pumpRunning=0 frequencyHz=40.0 flow=0.00 PT05=15.12 MV1Feedback=20.00
[Process] pumpCommand=0 pumpRunning=0 frequencyHz=40.0 flow=0.00 PT05=15.12 MV1Feedback=20.00
[Process] pumpCommand=0 pumpRunning=0 frequencyHz=40.0 flow=0.00 PT05=15.12 MV1Feedback=20.00
[Process] pumpCommand=0 pumpRunning=0 frequencyHz=40.0 flow=0.00 PT05=15.12 MV1Feedback=20.00
[Process] pumpCommand=0 pumpRunning=0 frequencyHz=40.0 flow=0.00 PT05=15.12 MV1Feedback=20.00
[Process] pumpCommand=0 pumpRunning=0 frequencyHz=40.0 flow=0.00 PT05=15.12 MV1Feedback=20.00
[Process] pumpCommand=0 pumpRunning=0 frequencyHz=40.0 flow=0.00 PT05=15.12 MV1Feedback=20.00
[Process] pumpCommand=0 pumpRunning=0 frequencyHz=40.0 flow=0.00 PT05=15.12 MV1Feedback=20.00
[Process] pumpCommand=0 pumpRunning=0 frequencyHz=40.0 flow=0.00 PT05=15.12 MV1Feedback=20.00
[Process] pumpCommand=0 pumpRunning=0 frequencyHz=40.0 flow=0.00 PT05=15.12 MV1Feedback=20.00
[Process] pumpCommand=0 pumpRunning=0 frequencyHz=40.0 flow=0.00 PT05=15.12 MV1Feedback=20.00
[Process] pumpCommand=0 pumpRunning=0 frequencyHz=40.0 flow=0.00 PT05=15.12 MV1Feedback=20.00
[Process] pumpCommand=0 pumpRunning=0 frequencyHz=40.0 flow=0.00 PT05=15.12 MV1Feedback=20.00
[Process] pumpCommand=0 pumpRunning=0 frequencyHz=40.0 flow=0.00 PT05=15.12 MV1Feedback=20.00
[Process] pumpCommand=0 pumpRunning=0 frequencyHz=40.0 flow=0.00 PT05=15.12 MV1Feedback=20.00
[Process] pumpCommand=0 pumpRunning=0 frequencyHz=40.0 flow=0.00 PT05=15.12 MV1Feedback=20.00
[Process] pumpCommand=0 pumpRunning=0 frequencyHz=40.0 flow=0.00 PT05=15.12 MV1Feedback=20.00
[Process] pumpCommand=0 pumpRunning=0 frequencyHz=40.0 flow=0.00 PT05=15.12 MV1Feedback=20.00
[Process] pumpCommand=0 pumpRunning=0 frequencyHz=40.0 flow=0.00 PT05=15.12 MV1Feedback=20.00
[Process] pumpCommand=0 pumpRunning=0 frequencyHz=40.0 flow=0.00 PT05=15.12 MV1Feedback=20.00
[Process] pumpCommand=0 pumpRunning=0 frequencyHz=40.0 flow=0.00 PT05=15.12 MV1Feedback=20.00
[Process] pumpCommand=0 pumpRunning=0 frequencyHz=40.0 flow=0.00 PT05=15.12 MV1Feedback=20.00
[Process] pumpCommand=0 pumpRunning=0 frequencyHz=40.0 flow=0.00 PT05=15.12 MV1Feedback=20.00
[Process] pumpCommand=0 pumpRunning=0 frequencyHz=40.0 flow=0.00 PT05=15.12 MV1Feedback=20.00
[Process] pumpCommand=0 pumpRunning=0 frequencyHz=40.0 flow=0.00 PT05=15.12 MV1Feedback=20.00
[Process] pumpCommand=0 pumpRunning=0 frequencyHz=40.0 flow=0.00 PT05=15.12 MV1Feedback=20.00
[Process] pumpCommand=0 pumpRunning=0 frequencyHz=40.0 flow=0.00 PT05=15.12 MV1Feedback=20.00
[Process] pumpCommand=0 pumpRunning=0 frequencyHz=40.0 flow=0.00 PT05=15.12 MV1Feedback=20.00
[Process] pumpCommand=0 pumpRunning=0 frequencyHz=40.0 flow=0.00 PT05=15.12 MV1Feedback=20.00
[Process] pumpCommand=0 pumpRunning=0 frequencyHz=40.0 flow=0.00 PT05=15.12 MV1Feedback=20.00
[Process] pumpCommand=0 pumpRunning=0 frequencyHz=40.0 flow=0.00 PT05=15.12 MV1Feedback=20.00
[Process] pumpCommand=0 pumpRunning=0 frequencyHz=40.0 flow=0.00 PT05=15.12 MV1Feedback=20.00
[Process] pumpCommand=0 pumpRunning=0 frequencyHz=40.0 flow=0.00 PT05=15.12 MV1Feedback=20.00
[Process] pumpCommand=0 pumpRunning=0 frequencyHz=40.0 flow=0.00 PT05=15.12 MV1Feedback=20.00
[Process] pumpCommand=0 pumpRunning=0 frequencyHz=40.0 flow=0.00 PT05=15.12 MV1Feedback=20.00
[Process] pumpCommand=0 pumpRunning=0 frequencyHz=40.0 flow=0.00 PT05=15.12 MV1Feedback=20.00
[Process] pumpCommand=0 pumpRunning=0 frequencyHz=40.0 flow=0.00 PT05=15.12 MV1Feedback=20.00
[Process] pumpCommand=0 pumpRunning=0 frequencyHz=40.0 flow=0.00 PT05=15.12 MV1Feedback=20.00
[Process] pumpCommand=0 pumpRunning=0 frequencyHz=40.0 flow=0.00 PT05=15.12 MV1Feedback=20.00
[Process] pumpCommand=0 pumpRunning=0 frequencyHz=40.0 flow=0.00 PT05=15.12 MV1Feedback=20.00
[Process] pumpCommand=0 pumpRunning=0 frequencyHz=40.0 flow=0.00 PT05=15.12 MV1Feedback=20.00
[Process] pumpCommand=0 pumpRunning=0 frequencyHz=40.0 flow=0.00 PT05=15.12 MV1Feedback=20.00
[Process] pumpCommand=0 pumpRunning=0 frequencyHz=40.0 flow=0.00 PT05=15.12 MV1Feedback=20.00
[Process] pumpCommand=0 pumpRunning=0 frequencyHz=40.0 flow=0.00 PT05=15.12 MV1Feedback=20.00
[Process] pumpCommand=0 pumpRunning=0 frequencyHz=40.0 flow=0.00 PT05=15.12 MV1Feedback=20.00
[Process] pumpCommand=0 pumpRunning=0 frequencyHz=40.0 flow=0.00 PT05=15.12 MV1Feedback=20.00
[Process] pumpCommand=0 pumpRunning=0 frequencyHz=40.0 flow=0.00 PT05=15.12 MV1Feedback=20.00
[Process] pumpCommand=0 pumpRunning=0 frequencyHz=40.0 flow=0.00 PT05=15.12 MV1Feedback=20.00
[Process] pumpCommand=0 pumpRunning=0 frequencyHz=40.0 flow=0.00 PT05=15.12 MV1Feedback=20.00
[Process] pumpCommand=0 pumpRunning=0 frequencyHz=40.0 flow=0.00 PT05=15.12 MV1Feedback=20.00
[Process] pumpCommand=0 pumpRunning=0 frequencyHz=40.0 flow=0.00 PT05=15.12 MV1Feedback=20.00
[Process] pumpCommand=0 pumpRunning=0 frequencyHz=40.0 flow=0.00 PT05=15.12 MV1Feedback=20.00
[Process] pumpCommand=0 pumpRunning=0 frequencyHz=40.0 flow=0.00 PT05=15.12 MV1Feedback=20.00
[Process] pumpCommand=0 pumpRunning=0 frequencyHz=40.0 flow=0.00 PT05=15.12 MV1Feedback=20.00
[Process] pumpCommand=0 pumpRunning=0 frequencyHz=40.0 flow=0.00 PT05=15.12 MV1Feedback=20.00
[Process] pumpCommand=0 pumpRunning=0 frequencyHz=40.0 flow=0.00 PT05=15.12 MV1Feedback=20.00
[Process] pumpCommand=0 pumpRunning=0 frequencyHz=40.0 flow=0.00 PT05=15.12 MV1Feedback=20.00
[Process] pumpCommand=0 pumpRunning=0 frequencyHz=40.0 flow=0.00 PT05=15.12 MV1Feedback=20.00
[Process] pumpCommand=0 pumpRunning=0 frequencyHz=40.0 flow=0.00 PT05=15.12 MV1Feedback=20.00
[Process] pumpCommand=0 pumpRunning=0 frequencyHz=40.0 flow=0.00 PT05=15.12 MV1Feedback=20.00
[Process] pumpCommand=0 pumpRunning=0 frequencyHz=40.0 flow=0.00 PT05=15.12 MV1Feedback=20.00
[Process] pumpCommand=0 pumpRunning=0 frequencyHz=40.0 flow=0.00 PT05=15.12 MV1Feedback=20.00
[Process] pumpCommand=0 pumpRunning=0 frequencyHz=40.0 flow=0.00 PT05=15.12 MV1Feedback=20.00
[Process] pumpCommand=0 pumpRunning=0 frequencyHz=40.0 flow=0.00 PT05=15.12 MV1Feedback=20.00
[Process] pumpCommand=0 pumpRunning=0 frequencyHz=40.0 flow=0.00 PT05=15.12 MV1Feedback=20.00
[Process] pumpCommand=0 pumpRunning=0 frequencyHz=40.0 flow=0.00 PT05=15.12 MV1Feedback=20.00
[Process] pumpCommand=0 pumpRunning=0 frequencyHz=40.0 flow=0.00 PT05=15.12 MV1Feedback=20.00
[Process] pumpCommand=0 pumpRunning=0 frequencyHz=40.0 flow=0.00 PT05=15.12 MV1Feedback=20.00
[Process] pumpCommand=0 pumpRunning=0 frequencyHz=40.0 flow=0.00 PT05=15.12 MV1Feedback=20.00
[Process] pumpCommand=0 pumpRunning=0 frequencyHz=40.0 flow=0.00 PT05=15.12 MV1Feedback=20.00
[Process] pumpCommand=0 pumpRunning=0 frequencyHz=40.0 flow=0.00 PT05=15.12 MV1Feedback=20.00
[Process] pumpCommand=0 pumpRunning=0 frequencyHz=40.0 flow=0.00 PT05=15.12 MV1Feedback=20.00
[Process] pumpCommand=0 pumpRunning=0 frequencyHz=40.0 flow=0.00 PT05=15.12 MV1Feedback=20.00
[Process] pumpCommand=0 pumpRunning=0 frequencyHz=40.0 flow=0.00 PT05=15.12 MV1Feedback=20.00
[Process] pumpCommand=0 pumpRunning=0 frequencyHz=40.0 flow=0.00 PT05=15.12 MV1Feedback=20.00
[Process] pumpCommand=0 pumpRunning=0 frequencyHz=40.0 flow=0.00 PT05=15.12 MV1Feedback=20.00
[Process] pumpCommand=0 pumpRunning=0 frequencyHz=40.0 flow=0.00 PT05=15.12 MV1Feedback=20.00
[Process] pumpCommand=0 pumpRunning=0 frequencyHz=40.0 flow=0.00 PT05=15.12 MV1Feedback=20.00
[Process] pumpCommand=0 pumpRunning=0 frequencyHz=40.0 flow=0.00 PT05=15.12 MV1Feedback=20.00
[Process] pumpCommand=0 pumpRunning=0 frequencyHz=40.0 flow=0.00 PT05=15.12 MV1Feedback=20.00
[Process] pumpCommand=0 pumpRunning=0 frequencyHz=40.0 flow=0.00 PT05=15.12 MV1Feedback=20.00
[Process] pumpCommand=0 pumpRunning=0 frequencyHz=40.0 flow=0.00 PT05=15.12 MV1Feedback=20.00
[Process] pumpCommand=0 pumpRunning=0 frequencyHz=40.0 flow=0.00 PT05=15.12 MV1Feedback=20.00
[Process] pumpCommand=0 pumpRunning=0 frequencyHz=40.0 flow=0.00 PT05=15.12 MV1Feedback=20.00
[Process] pumpCommand=0 pumpRunning=0 frequencyHz=40.0 flow=0.00 PT05=15.12 MV1Feedback=20.00
[Process] pumpCommand=0 pumpRunning=0 frequencyHz=40.0 flow=0.00 PT05=15.12 MV1Feedback=20.00
[Process] pumpCommand=0 pumpRunning=0 frequencyHz=40.0 flow=0.00 PT05=15.12 MV1Feedback=20.00
[Process] pumpCommand=0 pumpRunning=0 frequencyHz=40.0 flow=0.00 PT05=15.12 MV1Feedback=20.00
[Process] pumpCommand=0 pumpRunning=0 frequencyHz=40.0 flow=0.00 PT05=15.12 MV1Feedback=20.00
[Process] pumpCommand=0 pumpRunning=0 frequencyHz=40.0 flow=0.00 PT05=15.12 MV1Feedback=20.00
[Process] pumpCommand=0 pumpRunning=0 frequencyHz=40.0 flow=0.00 PT05=15.12 MV1Feedback=20.00
[Process] pumpCommand=0 pumpRunning=0 frequencyHz=40.0 flow=0.00 PT05=15.12 MV1Feedback=20.00
[Process] pumpCommand=0 pumpRunning=0 frequencyHz=40.0 flow=0.00 PT05=15.12 MV1Feedback=20.00
[Process] pumpCommand=0 pumpRunning=0 frequencyHz=40.0 flow=0.00 PT05=15.12 MV1Feedback=20.00
[Process] pumpCommand=0 pumpRunning=0 frequencyHz=40.0 flow=0.00 PT05=15.12 MV1Feedback=20.00
[Process] pumpCommand=0 pumpRunning=0 frequencyHz=40.0 flow=0.00 PT05=15.12 MV1Feedback=20.00
[Process] pumpCommand=0 pumpRunning=0 frequencyHz=40.0 flow=0.00 PT05=15.12 MV1Feedback=20.00
[Process] pumpCommand=0 pumpRunning=0 frequencyHz=40.0 flow=0.00 PT05=15.12 MV1Feedback=20.00
[Process] pumpCommand=0 pumpRunning=0 frequencyHz=40.0 flow=0.00 PT05=15.12 MV1Feedback=20.00
[Process] pumpCommand=0 pumpRunning=0 frequencyHz=40.0 flow=0.00 PT05=15.12 MV1Feedback=20.00
[Process] pumpCommand=0 pumpRunning=0 frequencyHz=40.0 flow=0.00 PT05=15.12 MV1Feedback=20.00
[Process] pumpCommand=0 pumpRunning=0 frequencyHz=40.0 flow=0.00 PT05=15.12 MV1Feedback=20.00
[Process] pumpCommand=0 pumpRunning=0 frequencyHz=40.0 flow=0.00 PT05=15.12 MV1Feedback=20.00
[Process] pumpCommand=0 pumpRunning=0 frequencyHz=40.0 flow=0.00 PT05=15.12 MV1Feedback=20.00
[Process] pumpCommand=0 pumpRunning=0 frequencyHz=40.0 flow=0.00 PT05=15.12 MV1Feedback=20.00
[Process] pumpCommand=0 pumpRunning=0 frequencyHz=40.0 flow=0.00 PT05=15.12 MV1Feedback=20.00
[Process] pumpCommand=0 pumpRunning=0 frequencyHz=40.0 flow=0.00 PT05=15.12 MV1Feedback=20.00
[Process] pumpCommand=0 pumpRunning=0 frequencyHz=40.0 flow=0.00 PT05=15.12 MV1Feedback=20.00
[Process] pumpCommand=0 pumpRunning=0 frequencyHz=40.0 flow=0.00 PT05=15.12 MV1Feedback=20.00
[Process] pumpCommand=0 pumpRunning=0 frequencyHz=40.0 flow=0.00 PT05=15.12 MV1Feedback=20.00
[Process] pumpCommand=0 pumpRunning=0 frequencyHz=40.0 flow=0.00 PT05=15.12 MV1Feedback=20.00
[Process] pumpCommand=0 pumpRunning=0 frequencyHz=40.0 flow=0.00 PT05=15.12 MV1Feedback=20.00
[Process] pumpCommand=0 pumpRunning=0 frequencyHz=40.0 flow=0.00 PT05=15.12 MV1Feedback=20.00
[Process] pumpCommand=0 pumpRunning=0 frequencyHz=40.0 flow=0.00 PT05=15.12 MV1Feedback=20.00
[Process] pumpCommand=0 pumpRunning=0 frequencyHz=40.0 flow=0.00 PT05=15.12 MV1Feedback=20.00
[Process] pumpCommand=0 pumpRunning=0 frequencyHz=40.0 flow=0.00 PT05=15.12 MV1Feedback=20.00
[Process] pumpCommand=0 pumpRunning=0 frequencyHz=40.0 flow=0.00 PT05=15.12 MV1Feedback=20.00
[Process] pumpCommand=0 pumpRunning=0 frequencyHz=40.0 flow=0.00 PT05=15.12 MV1Feedback=20.00
[Process] pumpCommand=0 pumpRunning=0 frequencyHz=40.0 flow=0.00 PT05=15.12 MV1Feedback=20.00
[Process] pumpCommand=0 pumpRunning=0 frequencyHz=40.0 flow=0.00 PT05=15.12 MV1Feedback=20.00
[Process] pumpCommand=0 pumpRunning=0 frequencyHz=40.0 flow=0.00 PT05=15.12 MV1Feedback=20.00
[Process] pumpCommand=0 pumpRunning=0 frequencyHz=40.0 flow=0.00 PT05=15.12 MV1Feedback=20.00
[Process] pumpCommand=0 pumpRunning=0 frequencyHz=40.0 flow=0.00 PT05=15.12 MV1Feedback=20.00
[Process] pumpCommand=0 pumpRunning=0 frequencyHz=40.0 flow=0.00 PT05=15.12 MV1Feedback=20.00
[Process] pumpCommand=0 pumpRunning=0 frequencyHz=40.0 flow=0.00 PT05=15.12 MV1Feedback=20.00
[Process] pumpCommand=0 pumpRunning=0 frequencyHz=40.0 flow=0.00 PT05=15.12 MV1Feedback=20.00
[Process] pumpCommand=0 pumpRunning=0 frequencyHz=40.0 flow=0.00 PT05=15.12 MV1Feedback=20.00
[Process] pumpCommand=0 pumpRunning=0 frequencyHz=40.0 flow=0.00 PT05=15.12 MV1Feedback=20.00
[Process] pumpCommand=0 pumpRunning=0 frequencyHz=40.0 flow=0.00 PT05=15.12 MV1Feedback=20.00
[Process] pumpCommand=0 pumpRunning=0 frequencyHz=40.0 flow=0.00 PT05=15.12 MV1Feedback=20.00
[Process] pumpCommand=0 pumpRunning=0 frequencyHz=40.0 flow=0.00 PT05=15.12 MV1Feedback=20.00
[Process] pumpCommand=0 pumpRunning=0 frequencyHz=40.0 flow=0.00 PT05=15.12 MV1Feedback=20.00
[Process] pumpCommand=0 pumpRunning=0 frequencyHz=40.0 flow=0.00 PT05=15.12 MV1Feedback=20.00
[Process] pumpCommand=0 pumpRunning=0 frequencyHz=40.0 flow=0.00 PT05=15.12 MV1Feedback=20.00
[Process] pumpCommand=0 pumpRunning=0 frequencyHz=40.0 flow=0.00 PT05=15.12 MV1Feedback=20.00
[Process] pumpCommand=0 pumpRunning=0 frequencyHz=40.0 flow=0.00 PT05=15.12 MV1Feedback=20.00
[Process] pumpCommand=0 pumpRunning=0 frequencyHz=40.0 flow=0.00 PT05=15.12 MV1Feedback=20.00
[Process] pumpCommand=0 pumpRunning=0 frequencyHz=40.0 flow=0.00 PT05=15.12 MV1Feedback=20.00
[Process] pumpCommand=0 pumpRunning=0 frequencyHz=40.0 flow=0.00 PT05=15.12 MV1Feedback=20.00
[Process] pumpCommand=0 pumpRunning=0 frequencyHz=40.0 flow=0.00 PT05=15.12 MV1Feedback=20.00
[Process] pumpCommand=0 pumpRunning=0 frequencyHz=40.0 flow=0.00 PT05=15.12 MV1Feedback=20.00
[Process] pumpCommand=0 pumpRunning=0 frequencyHz=40.0 flow=0.00 PT05=15.12 MV1Feedback=20.00
[Process] pumpCommand=0 pumpRunning=0 frequencyHz=40.0 flow=0.00 PT05=15.12 MV1Feedback=20.00
[Process] pumpCommand=0 pumpRunning=0 frequencyHz=40.0 flow=0.00 PT05=15.12 MV1Feedback=20.00
[Process] pumpCommand=0 pumpRunning=0 frequencyHz=40.0 flow=0.00 PT05=15.12 MV1Feedback=20.00
[Process] pumpCommand=0 pumpRunning=0 frequencyHz=40.0 flow=0.00 PT05=15.12 MV1Feedback=20.00
[Process] pumpCommand=0 pumpRunning=0 frequencyHz=40.0 flow=0.00 PT05=15.12 MV1Feedback=20.00
[Process] pumpCommand=0 pumpRunning=0 frequencyHz=40.0 flow=0.00 PT05=15.12 MV1Feedback=20.00
[Process] pumpCommand=0 pumpRunning=0 frequencyHz=40.0 flow=0.00 PT05=15.12 MV1Feedback=20.00
[Process] pumpCommand=0 pumpRunning=0 frequencyHz=40.0 flow=0.00 PT05=15.12 MV1Feedback=20.00
[Process] pumpCommand=0 pumpRunning=0 frequencyHz=40.0 flow=0.00 PT05=15.12 MV1Feedback=20.00
[Process] pumpCommand=0 pumpRunning=0 frequencyHz=40.0 flow=0.00 PT05=15.12 MV1Feedback=20.00
[Process] pumpCommand=0 pumpRunning=0 frequencyHz=40.0 flow=0.00 PT05=15.12 MV1Feedback=20.00
[Process] pumpCommand=0 pumpRunning=0 frequencyHz=40.0 flow=0.00 PT05=15.12 MV1Feedback=20.00
[Process] pumpCommand=0 pumpRunning=0 frequencyHz=40.0 flow=0.00 PT05=15.12 MV1Feedback=20.00
[Process] pumpCommand=0 pumpRunning=0 frequencyHz=40.0 flow=0.00 PT05=15.12 MV1Feedback=20.00
[Process] pumpCommand=0 pumpRunning=0 frequencyHz=40.0 flow=0.00 PT05=15.12 MV1Feedback=20.00
[Process] pumpCommand=0 pumpRunning=0 frequencyHz=40.0 flow=0.00 PT05=15.12 MV1Feedback=20.00
[Process] pumpCommand=0 pumpRunning=0 frequencyHz=40.0 flow=0.00 PT05=15.12 MV1Feedback=20.00
[Process] pumpCommand=0 pumpRunning=0 frequencyHz=40.0 flow=0.00 PT05=15.12 MV1Feedback=20.00
[Process] pumpCommand=0 pumpRunning=0 frequencyHz=40.0 flow=0.00 PT05=15.12 MV1Feedback=20.00
[Process] pumpCommand=0 pumpRunning=0 frequencyHz=40.0 flow=0.00 PT05=15.12 MV1Feedback=20.00
[Process] pumpCommand=0 pumpRunning=0 frequencyHz=40.0 flow=0.00 PT05=15.12 MV1Feedback=20.00
[Process] pumpCommand=0 pumpRunning=0 frequencyHz=40.0 flow=0.00 PT05=15.12 MV1Feedback=20.00
[Process] pumpCommand=0 pumpRunning=0 frequencyHz=40.0 flow=0.00 PT05=15.12 MV1Feedback=20.00
[Process] pumpCommand=0 pumpRunning=0 frequencyHz=40.0 flow=0.00 PT05=15.12 MV1Feedback=20.00
[Process] pumpCommand=0 pumpRunning=0 frequencyHz=40.0 flow=0.00 PT05=15.12 MV1Feedback=20.00
[Process] pumpCommand=0 pumpRunning=0 frequencyHz=40.0 flow=0.00 PT05=15.12 MV1Feedback=20.00
[Process] pumpCommand=0 pumpRunning=0 frequencyHz=40.0 flow=0.00 PT05=15.12 MV1Feedback=20.00
[Process] pumpCommand=0 pumpRunning=0 frequencyHz=40.0 flow=0.00 PT05=15.12 MV1Feedback=20.00
[Process] pumpCommand=0 pumpRunning=0 frequencyHz=40.0 flow=0.00 PT05=15.12 MV1Feedback=20.00
[Process] pumpCommand=0 pumpRunning=0 frequencyHz=40.0 flow=0.00 PT05=15.12 MV1Feedback=20.00
[Process] pumpCommand=0 pumpRunning=0 frequencyHz=40.0 flow=0.00 PT05=15.12 MV1Feedback=20.00
[Process] pumpCommand=0 pumpRunning=0 frequencyHz=40.0 flow=0.00 PT05=15.12 MV1Feedback=20.00
[Process] pumpCommand=0 pumpRunning=0 frequencyHz=40.0 flow=0.00 PT05=15.12 MV1Feedback=20.00
[Process] pumpCommand=0 pumpRunning=0 frequencyHz=40.0 flow=0.00 PT05=15.12 MV1Feedback=20.00
[Process] pumpCommand=0 pumpRunning=0 frequencyHz=40.0 flow=0.00 PT05=15.12 MV1Feedback=20.00
[Process] pumpCommand=0 pumpRunning=0 frequencyHz=40.0 flow=0.00 PT05=15.12 MV1Feedback=20.00
[Process] pumpCommand=0 pumpRunning=0 frequencyHz=40.0 flow=0.00 PT05=15.12 MV1Feedback=20.00
[Process] pumpCommand=0 pumpRunning=0 frequencyHz=40.0 flow=0.00 PT05=15.12 MV1Feedback=20.00
[14:43:31] Core → ADAM-6224：Holding Register offset 0 = [1433]
[Process] pumpCommand=0 pumpRunning=0 frequencyHz=40.0 flow=0.00 PT05=15.12 MV1Feedback=21.80
[Process] pumpCommand=0 pumpRunning=0 frequencyHz=40.0 flow=0.00 PT05=15.12 MV1Feedback=28.03
[Process] pumpCommand=0 pumpRunning=0 frequencyHz=40.0 flow=0.00 PT05=15.12 MV1Feedback=31.32
[Process] pumpCommand=0 pumpRunning=0 frequencyHz=40.0 flow=0.00 PT05=15.12 MV1Feedback=33.05
[Process] pumpCommand=0 pumpRunning=0 frequencyHz=40.0 flow=0.00 PT05=15.12 MV1Feedback=33.97
[Process] pumpCommand=0 pumpRunning=0 frequencyHz=40.0 flow=0.00 PT05=15.12 MV1Feedback=34.45
[Process] pumpCommand=0 pumpRunning=0 frequencyHz=40.0 flow=0.00 PT05=15.12 MV1Feedback=34.71
[Process] pumpCommand=0 pumpRunning=0 frequencyHz=40.0 flow=0.00 PT05=15.12 MV1Feedback=34.84
[Process] pumpCommand=0 pumpRunning=0 frequencyHz=40.0 flow=0.00 PT05=15.12 MV1Feedback=34.91
[Process] pumpCommand=0 pumpRunning=0 frequencyHz=40.0 flow=0.00 PT05=15.12 MV1Feedback=34.95
[Process] pumpCommand=0 pumpRunning=0 frequencyHz=40.0 flow=0.00 PT05=15.12 MV1Feedback=34.97
[Process] pumpCommand=0 pumpRunning=0 frequencyHz=40.0 flow=0.00 PT05=15.12 MV1Feedback=34.98
[Process] pumpCommand=0 pumpRunning=0 frequencyHz=40.0 flow=0.00 PT05=15.12 MV1Feedback=34.99
[Process] pumpCommand=0 pumpRunning=0 frequencyHz=40.0 flow=0.00 PT05=15.12 MV1Feedback=34.99
[Process] pumpCommand=0 pumpRunning=0 frequencyHz=40.0 flow=0.00 PT05=15.12 MV1Feedback=34.99
[Process] pumpCommand=0 pumpRunning=0 frequencyHz=40.0 flow=0.00 PT05=15.12 MV1Feedback=34.99
[Process] pumpCommand=0 pumpRunning=0 frequencyHz=40.0 flow=0.00 PT05=15.12 MV1Feedback=34.99
[Process] pumpCommand=0 pumpRunning=0 frequencyHz=40.0 flow=0.00 PT05=15.12 MV1Feedback=34.99
[Process] pumpCommand=0 pumpRunning=0 frequencyHz=40.0 flow=0.00 PT05=15.12 MV1Feedback=34.99
[Process] pumpCommand=0 pumpRunning=0 frequencyHz=40.0 flow=0.00 PT05=15.12 MV1Feedback=34.99
[Process] pumpCommand=0 pumpRunning=0 frequencyHz=40.0 flow=0.00 PT05=15.12 MV1Feedback=34.99
[Process] pumpCommand=0 pumpRunning=0 frequencyHz=40.0 flow=0.00 PT05=15.12 MV1Feedback=34.99
[Process] pumpCommand=0 pumpRunning=0 frequencyHz=40.0 flow=0.00 PT05=15.12 MV1Feedback=34.99
[Process] pumpCommand=0 pumpRunning=0 frequencyHz=40.0 flow=0.00 PT05=15.12 MV1Feedback=34.99
[Process] pumpCommand=0 pumpRunning=0 frequencyHz=40.0 flow=0.00 PT05=15.12 MV1Feedback=34.99
[Process] pumpCommand=0 pumpRunning=0 frequencyHz=40.0 flow=0.00 PT05=15.12 MV1Feedback=34.99
[Process] pumpCommand=0 pumpRunning=0 frequencyHz=40.0 flow=0.00 PT05=15.12 MV1Feedback=34.99
[Process] pumpCommand=0 pumpRunning=0 frequencyHz=40.0 flow=0.00 PT05=15.12 MV1Feedback=34.99
[Process] pumpCommand=0 pumpRunning=0 frequencyHz=40.0 flow=0.00 PT05=15.12 MV1Feedback=34.99
[Process] pumpCommand=0 pumpRunning=0 frequencyHz=40.0 flow=0.00 PT05=15.12 MV1Feedback=34.99
[Process] pumpCommand=0 pumpRunning=0 frequencyHz=40.0 flow=0.00 PT05=15.12 MV1Feedback=34.99
[Process] pumpCommand=0 pumpRunning=0 frequencyHz=40.0 flow=0.00 PT05=15.12 MV1Feedback=34.99
[Process] pumpCommand=0 pumpRunning=0 frequencyHz=40.0 flow=0.00 PT05=15.12 MV1Feedback=34.99
[Process] pumpCommand=0 pumpRunning=0 frequencyHz=40.0 flow=0.00 PT05=15.12 MV1Feedback=34.99
[Process] pumpCommand=0 pumpRunning=0 frequencyHz=40.0 flow=0.00 PT05=15.12 MV1Feedback=34.99
[Process] pumpCommand=0 pumpRunning=0 frequencyHz=40.0 flow=0.00 PT05=15.12 MV1Feedback=34.99
[Process] pumpCommand=0 pumpRunning=0 frequencyHz=40.0 flow=0.00 PT05=15.12 MV1Feedback=34.99
[Process] pumpCommand=0 pumpRunning=0 frequencyHz=40.0 flow=0.00 PT05=15.12 MV1Feedback=34.99
[14:44:10] Core → ADAM-6256：Coil offset 17 = [1]
[Process] pumpCommand=0 pumpRunning=0 frequencyHz=40.0 flow=0.00 PT05=15.12 MV1Feedback=34.99
[14:44:10] Core → ADAM-6256：Coil offset 17 = [0]
[Process] pumpCommand=0 pumpRunning=0 frequencyHz=40.0 flow=0.00 PT05=15.12 MV1Feedback=34.99
[Process] pumpCommand=0 pumpRunning=0 frequencyHz=40.0 flow=0.00 PT05=15.12 MV1Feedback=34.99
[Process] pumpCommand=0 pumpRunning=0 frequencyHz=40.0 flow=0.00 PT05=15.12 MV1Feedback=34.99
[Process] pumpCommand=0 pumpRunning=0 frequencyHz=40.0 flow=0.00 PT05=15.12 MV1Feedback=34.99
[Process] pumpCommand=0 pumpRunning=0 frequencyHz=40.0 flow=0.00 PT05=15.12 MV1Feedback=34.99
[Process] pumpCommand=0 pumpRunning=0 frequencyHz=40.0 flow=0.00 PT05=15.12 MV1Feedback=34.99
[Process] pumpCommand=0 pumpRunning=0 frequencyHz=40.0 flow=0.00 PT05=15.12 MV1Feedback=34.99
[Process] pumpCommand=0 pumpRunning=0 frequencyHz=40.0 flow=0.00 PT05=15.12 MV1Feedback=34.99
[Process] pumpCommand=0 pumpRunning=0 frequencyHz=40.0 flow=0.00 PT05=15.12 MV1Feedback=34.99
[Process] pumpCommand=0 pumpRunning=0 frequencyHz=40.0 flow=0.00 PT05=15.12 MV1Feedback=34.99
[Process] pumpCommand=0 pumpRunning=0 frequencyHz=40.0 flow=0.00 PT05=15.12 MV1Feedback=34.99
[Process] pumpCommand=0 pumpRunning=0 frequencyHz=40.0 flow=0.00 PT05=15.12 MV1Feedback=34.99
[Process] pumpCommand=0 pumpRunning=0 frequencyHz=40.0 flow=0.00 PT05=15.12 MV1Feedback=34.99
[Process] pumpCommand=0 pumpRunning=0 frequencyHz=40.0 flow=0.00 PT05=15.12 MV1Feedback=34.99
[Process] pumpCommand=0 pumpRunning=0 frequencyHz=40.0 flow=0.00 PT05=15.12 MV1Feedback=34.99
[Process] pumpCommand=0 pumpRunning=0 frequencyHz=40.0 flow=0.00 PT05=15.12 MV1Feedback=34.99
[Process] pumpCommand=0 pumpRunning=0 frequencyHz=40.0 flow=0.00 PT05=15.12 MV1Feedback=34.99
[Process] pumpCommand=0 pumpRunning=0 frequencyHz=40.0 flow=0.00 PT05=15.12 MV1Feedback=34.99
[Process] pumpCommand=0 pumpRunning=0 frequencyHz=40.0 flow=0.00 PT05=15.12 MV1Feedback=34.99
[Process] pumpCommand=0 pumpRunning=0 frequencyHz=40.0 flow=0.00 PT05=15.12 MV1Feedback=34.99
[Process] pumpCommand=0 pumpRunning=0 frequencyHz=40.0 flow=0.00 PT05=15.12 MV1Feedback=34.99
[Process] pumpCommand=0 pumpRunning=0 frequencyHz=40.0 flow=0.00 PT05=15.12 MV1Feedback=34.99
[Process] pumpCommand=0 pumpRunning=0 frequencyHz=40.0 flow=0.00 PT05=15.12 MV1Feedback=34.99
[Process] pumpCommand=0 pumpRunning=0 frequencyHz=40.0 flow=0.00 PT05=15.12 MV1Feedback=34.99
[Process] pumpCommand=0 pumpRunning=0 frequencyHz=40.0 flow=0.00 PT05=15.12 MV1Feedback=34.99
[Process] pumpCommand=0 pumpRunning=0 frequencyHz=40.0 flow=0.00 PT05=15.12 MV1Feedback=34.99
[Process] pumpCommand=0 pumpRunning=0 frequencyHz=40.0 flow=0.00 PT05=15.12 MV1Feedback=34.99
[Process] pumpCommand=0 pumpRunning=0 frequencyHz=40.0 flow=0.00 PT05=15.12 MV1Feedback=34.99
[Process] pumpCommand=0 pumpRunning=0 frequencyHz=40.0 flow=0.00 PT05=15.12 MV1Feedback=34.99
[Process] pumpCommand=0 pumpRunning=0 frequencyHz=40.0 flow=0.00 PT05=15.12 MV1Feedback=34.99
[Process] pumpCommand=0 pumpRunning=0 frequencyHz=40.0 flow=0.00 PT05=15.12 MV1Feedback=34.99
[Process] pumpCommand=0 pumpRunning=0 frequencyHz=40.0 flow=0.00 PT05=15.12 MV1Feedback=34.99
[Process] pumpCommand=0 pumpRunning=0 frequencyHz=40.0 flow=0.00 PT05=15.12 MV1Feedback=34.99
[Process] pumpCommand=0 pumpRunning=0 frequencyHz=40.0 flow=0.00 PT05=15.12 MV1Feedback=34.99
[Process] pumpCommand=0 pumpRunning=0 frequencyHz=40.0 flow=0.00 PT05=15.12 MV1Feedback=34.99
[Process] pumpCommand=0 pumpRunning=0 frequencyHz=40.0 flow=0.00 PT05=15.12 MV1Feedback=34.99
[Process] pumpCommand=0 pumpRunning=0 frequencyHz=40.0 flow=0.00 PT05=15.12 MV1Feedback=34.99
[Process] pumpCommand=0 pumpRunning=0 frequencyHz=40.0 flow=0.00 PT05=15.12 MV1Feedback=34.99
[14:44:49] Core → ADAM-6022：Holding Register offset 10 = [0]
[14:44:49] Core → ADAM-6256：Coil offset 18 = [1]
[Process] pumpCommand=0 pumpRunning=0 frequencyHz=0.0 flow=0.00 PT05=15.12 MV1Feedback=34.99
[14:44:50] Core → ADAM-6256：Coil offset 18 = [0]
[Process] pumpCommand=0 pumpRunning=0 frequencyHz=0.0 flow=0.00 PT05=15.12 MV1Feedback=34.99
[Process] pumpCommand=0 pumpRunning=0 frequencyHz=0.0 flow=0.00 PT05=15.12 MV1Feedback=34.99
[Process] pumpCommand=0 pumpRunning=0 frequencyHz=0.0 flow=0.00 PT05=15.12 MV1Feedback=34.99
[Process] pumpCommand=0 pumpRunning=0 frequencyHz=0.0 flow=0.00 PT05=15.12 MV1Feedback=34.99
[Process] pumpCommand=0 pumpRunning=0 frequencyHz=0.0 flow=0.00 PT05=15.12 MV1Feedback=34.99
[Process] pumpCommand=0 pumpRunning=0 frequencyHz=0.0 flow=0.00 PT05=15.12 MV1Feedback=34.99
[Process] pumpCommand=0 pumpRunning=0 frequencyHz=0.0 flow=0.00 PT05=15.12 MV1Feedback=34.99
[14:44:58] Core → ADAM-6256：Coil offset 18 = [1]
[Process] pumpCommand=0 pumpRunning=0 frequencyHz=0.0 flow=0.00 PT05=15.12 MV1Feedback=34.99
[Process] pumpCommand=0 pumpRunning=0 frequencyHz=0.0 flow=0.00 PT05=15.12 MV1Feedback=34.99
[14:44:59] Core → ADAM-6256：Coil offset 18 = [0]
[Process] pumpCommand=0 pumpRunning=0 frequencyHz=0.0 flow=0.00 PT05=15.12 MV1Feedback=34.99
[Process] pumpCommand=0 pumpRunning=0 frequencyHz=0.0 flow=0.00 PT05=15.12 MV1Feedback=34.99
[Process] pumpCommand=0 pumpRunning=0 frequencyHz=0.0 flow=0.00 PT05=15.12 MV1Feedback=34.99
[14:45:03] Core → ADAM-6256：Coil offset 17 = [1]
[Process] pumpCommand=0 pumpRunning=0 frequencyHz=0.0 flow=0.00 PT05=15.12 MV1Feedback=34.99
[14:45:03] Core → ADAM-6256：Coil offset 17 = [0]
[Process] pumpCommand=0 pumpRunning=0 frequencyHz=0.0 flow=0.00 PT05=15.12 MV1Feedback=34.99
[14:45:04] Core → ADAM-6256：Coil offset 18 = [1]
[14:45:05] Core → ADAM-6256：Coil offset 17 = [1]
[Process] pumpCommand=0 pumpRunning=0 frequencyHz=0.0 flow=0.00 PT05=15.12 MV1Feedback=34.99
[14:45:05] Core → ADAM-6256：Coil offset 17 = [0]
[Process] pumpCommand=0 pumpRunning=0 frequencyHz=0.0 flow=0.00 PT05=15.12 MV1Feedback=34.99
[14:45:06] Core → ADAM-6256：Coil offset 18 = [0]
[Process] pumpCommand=0 pumpRunning=0 frequencyHz=0.0 flow=0.00 PT05=15.12 MV1Feedback=34.99
[Process] pumpCommand=0 pumpRunning=0 frequencyHz=0.0 flow=0.00 PT05=15.12 MV1Feedback=34.99
[Process] pumpCommand=0 pumpRunning=0 frequencyHz=0.0 flow=0.00 PT05=15.12 MV1Feedback=34.99
[Process] pumpCommand=0 pumpRunning=0 frequencyHz=0.0 flow=0.00 PT05=15.12 MV1Feedback=34.99
[Process] pumpCommand=0 pumpRunning=0 frequencyHz=0.0 flow=0.00 PT05=15.12 MV1Feedback=34.99
[Process] pumpCommand=0 pumpRunning=0 frequencyHz=0.0 flow=0.00 PT05=15.12 MV1Feedback=34.99
[Process] pumpCommand=0 pumpRunning=0 frequencyHz=0.0 flow=0.00 PT05=15.12 MV1Feedback=34.99
[Process] pumpCommand=0 pumpRunning=0 frequencyHz=0.0 flow=0.00 PT05=15.12 MV1Feedback=34.99
[Process] pumpCommand=0 pumpRunning=0 frequencyHz=0.0 flow=0.00 PT05=15.12 MV1Feedback=34.99
[14:45:15] Core → ADAM-6256：Coil offset 18 = [1]
[Process] pumpCommand=0 pumpRunning=0 frequencyHz=0.0 flow=0.00 PT05=15.12 MV1Feedback=34.99
[14:45:16] Core → ADAM-6256：Coil offset 17 = [1]
[14:45:16] Core → ADAM-6256：Coil offset 17 = [0]
[Process] pumpCommand=0 pumpRunning=0 frequencyHz=0.0 flow=0.00 PT05=15.12 MV1Feedback=34.99
[Process] pumpCommand=0 pumpRunning=0 frequencyHz=0.0 flow=0.00 PT05=15.12 MV1Feedback=34.99
[Process] pumpCommand=0 pumpRunning=0 frequencyHz=0.0 flow=0.00 PT05=15.12 MV1Feedback=34.99
[Process] pumpCommand=0 pumpRunning=0 frequencyHz=0.0 flow=0.00 PT05=15.12 MV1Feedback=34.99
[Process] pumpCommand=0 pumpRunning=0 frequencyHz=0.0 flow=0.00 PT05=15.12 MV1Feedback=34.99
[Process] pumpCommand=0 pumpRunning=0 frequencyHz=0.0 flow=0.00 PT05=15.12 MV1Feedback=34.99
[Process] pumpCommand=0 pumpRunning=0 frequencyHz=0.0 flow=0.00 PT05=15.12 MV1Feedback=34.99
[Process] pumpCommand=0 pumpRunning=0 frequencyHz=0.0 flow=0.00 PT05=15.12 MV1Feedback=34.99
[Process] pumpCommand=0 pumpRunning=0 frequencyHz=0.0 flow=0.00 PT05=15.12 MV1Feedback=34.99
[Process] pumpCommand=0 pumpRunning=0 frequencyHz=0.0 flow=0.00 PT05=15.12 MV1Feedback=34.99
[Process] pumpCommand=0 pumpRunning=0 frequencyHz=0.0 flow=0.00 PT05=15.12 MV1Feedback=34.99
[Process] pumpCommand=0 pumpRunning=0 frequencyHz=0.0 flow=0.00 PT05=15.12 MV1Feedback=34.99
[Process] pumpCommand=0 pumpRunning=0 frequencyHz=0.0 flow=0.00 PT05=15.12 MV1Feedback=34.99
[Process] pumpCommand=0 pumpRunning=0 frequencyHz=0.0 flow=0.00 PT05=15.12 MV1Feedback=34.99
[Process] pumpCommand=0 pumpRunning=0 frequencyHz=0.0 flow=0.00 PT05=15.12 MV1Feedback=34.99
[Process] pumpCommand=0 pumpRunning=0 frequencyHz=0.0 flow=0.00 PT05=15.12 MV1Feedback=34.99
[Process] pumpCommand=0 pumpRunning=0 frequencyHz=0.0 flow=0.00 PT05=15.12 MV1Feedback=34.99
[Process] pumpCommand=0 pumpRunning=0 frequencyHz=0.0 flow=0.00 PT05=15.12 MV1Feedback=34.99
[Process] pumpCommand=0 pumpRunning=0 frequencyHz=0.0 flow=0.00 PT05=15.12 MV1Feedback=34.99
[Process] pumpCommand=0 pumpRunning=0 frequencyHz=0.0 flow=0.00 PT05=15.12 MV1Feedback=34.99
[Process] pumpCommand=0 pumpRunning=0 frequencyHz=0.0 flow=0.00 PT05=15.12 MV1Feedback=34.99
[14:45:38] Core → ADAM-6224：Holding Register offset 1 = [1433]
[Process] pumpCommand=0 pumpRunning=0 frequencyHz=0.0 flow=0.00 PT05=15.12 MV1Feedback=34.99
[Process] pumpCommand=0 pumpRunning=0 frequencyHz=0.0 flow=0.00 PT05=15.12 MV1Feedback=34.99
[Process] pumpCommand=0 pumpRunning=0 frequencyHz=0.0 flow=0.00 PT05=15.12 MV1Feedback=34.99
[Process] pumpCommand=0 pumpRunning=0 frequencyHz=0.0 flow=0.00 PT05=15.12 MV1Feedback=34.99
[Process] pumpCommand=0 pumpRunning=0 frequencyHz=0.0 flow=0.00 PT05=15.12 MV1Feedback=34.99
[Process] pumpCommand=0 pumpRunning=0 frequencyHz=0.0 flow=0.00 PT05=15.12 MV1Feedback=34.99
[Process] pumpCommand=0 pumpRunning=0 frequencyHz=0.0 flow=0.00 PT05=15.12 MV1Feedback=34.99
[14:45:46] Core → ADAM-6224：Holding Register offset 2 = [1351]
[Process] pumpCommand=0 pumpRunning=0 frequencyHz=0.0 flow=0.00 PT05=15.12 MV1Feedback=34.99
[Process] pumpCommand=0 pumpRunning=0 frequencyHz=0.0 flow=0.00 PT05=15.12 MV1Feedback=34.99
[Process] pumpCommand=0 pumpRunning=0 frequencyHz=0.0 flow=0.00 PT05=15.12 MV1Feedback=34.99
[Process] pumpCommand=0 pumpRunning=0 frequencyHz=0.0 flow=0.00 PT05=15.12 MV1Feedback=34.99
[Process] pumpCommand=0 pumpRunning=0 frequencyHz=0.0 flow=0.00 PT05=15.12 MV1Feedback=34.99
[Process] pumpCommand=0 pumpRunning=0 frequencyHz=0.0 flow=0.00 PT05=15.12 MV1Feedback=34.99
[Process] pumpCommand=0 pumpRunning=0 frequencyHz=0.0 flow=0.00 PT05=15.12 MV1Feedback=34.99
[14:45:53] Core → ADAM-6224：Holding Register offset 3 = [1638]
[Process] pumpCommand=0 pumpRunning=0 frequencyHz=0.0 flow=0.00 PT05=15.12 MV1Feedback=34.99
[Process] pumpCommand=0 pumpRunning=0 frequencyHz=0.0 flow=0.00 PT05=15.12 MV1Feedback=34.99
[Process] pumpCommand=0 pumpRunning=0 frequencyHz=0.0 flow=0.00 PT05=15.12 MV1Feedback=34.99
[Process] pumpCommand=0 pumpRunning=0 frequencyHz=0.0 flow=0.00 PT05=15.12 MV1Feedback=34.99
[Process] pumpCommand=0 pumpRunning=0 frequencyHz=0.0 flow=0.00 PT05=15.12 MV1Feedback=34.99
[Process] pumpCommand=0 pumpRunning=0 frequencyHz=0.0 flow=0.00 PT05=15.12 MV1Feedback=34.99
[Process] pumpCommand=0 pumpRunning=0 frequencyHz=0.0 flow=0.00 PT05=15.12 MV1Feedback=34.99
[Process] pumpCommand=0 pumpRunning=0 frequencyHz=0.0 flow=0.00 PT05=15.12 MV1Feedback=34.99
[Process] pumpCommand=0 pumpRunning=0 frequencyHz=0.0 flow=0.00 PT05=15.12 MV1Feedback=34.99
[Process] pumpCommand=0 pumpRunning=0 frequencyHz=0.0 flow=0.00 PT05=15.12 MV1Feedback=34.99
[Process] pumpCommand=0 pumpRunning=0 frequencyHz=0.0 flow=0.00 PT05=15.12 MV1Feedback=34.99
[Process] pumpCommand=0 pumpRunning=0 frequencyHz=0.0 flow=0.00 PT05=15.12 MV1Feedback=34.99
[Process] pumpCommand=0 pumpRunning=0 frequencyHz=0.0 flow=0.00 PT05=15.12 MV1Feedback=34.99
[Process] pumpCommand=0 pumpRunning=0 frequencyHz=0.0 flow=0.00 PT05=15.12 MV1Feedback=34.99
[Process] pumpCommand=0 pumpRunning=0 frequencyHz=0.0 flow=0.00 PT05=15.12 MV1Feedback=34.99
[Process] pumpCommand=0 pumpRunning=0 frequencyHz=0.0 flow=0.00 PT05=15.12 MV1Feedback=34.99
[Process] pumpCommand=0 pumpRunning=0 frequencyHz=0.0 flow=0.00 PT05=15.12 MV1Feedback=34.99
[Process] pumpCommand=0 pumpRunning=0 frequencyHz=0.0 flow=0.00 PT05=15.12 MV1Feedback=34.99
[Process] pumpCommand=0 pumpRunning=0 frequencyHz=0.0 flow=0.00 PT05=15.12 MV1Feedback=34.99
[Process] pumpCommand=0 pumpRunning=0 frequencyHz=0.0 flow=0.00 PT05=15.12 MV1Feedback=34.99
[Process] pumpCommand=0 pumpRunning=0 frequencyHz=0.0 flow=0.00 PT05=15.12 MV1Feedback=34.99
[Process] pumpCommand=0 pumpRunning=0 frequencyHz=0.0 flow=0.00 PT05=15.12 MV1Feedback=34.99
[Process] pumpCommand=0 pumpRunning=0 frequencyHz=0.0 flow=0.00 PT05=15.12 MV1Feedback=34.99
[Process] pumpCommand=0 pumpRunning=0 frequencyHz=0.0 flow=0.00 PT05=15.12 MV1Feedback=34.99
[Process] pumpCommand=0 pumpRunning=0 frequencyHz=0.0 flow=0.00 PT05=15.12 MV1Feedback=34.99
[Process] pumpCommand=0 pumpRunning=0 frequencyHz=0.0 flow=0.00 PT05=15.12 MV1Feedback=34.99
[Process] pumpCommand=0 pumpRunning=0 frequencyHz=0.0 flow=0.00 PT05=15.12 MV1Feedback=34.99
[Process] pumpCommand=0 pumpRunning=0 frequencyHz=0.0 flow=0.00 PT05=15.12 MV1Feedback=34.99
[Process] pumpCommand=0 pumpRunning=0 frequencyHz=0.0 flow=0.00 PT05=15.12 MV1Feedback=34.99
[Process] pumpCommand=0 pumpRunning=0 frequencyHz=0.0 flow=0.00 PT05=15.12 MV1Feedback=34.99
[Process] pumpCommand=0 pumpRunning=0 frequencyHz=0.0 flow=0.00 PT05=15.12 MV1Feedback=34.99
[Process] pumpCommand=0 pumpRunning=0 frequencyHz=0.0 flow=0.00 PT05=15.12 MV1Feedback=34.99
[Process] pumpCommand=0 pumpRunning=0 frequencyHz=0.0 flow=0.00 PT05=15.12 MV1Feedback=34.99
[Process] pumpCommand=0 pumpRunning=0 frequencyHz=0.0 flow=0.00 PT05=15.12 MV1Feedback=34.99
[Process] pumpCommand=0 pumpRunning=0 frequencyHz=0.0 flow=0.00 PT05=15.12 MV1Feedback=34.99
[Process] pumpCommand=0 pumpRunning=0 frequencyHz=0.0 flow=0.00 PT05=15.12 MV1Feedback=34.99
[Process] pumpCommand=0 pumpRunning=0 frequencyHz=0.0 flow=0.00 PT05=15.12 MV1Feedback=34.99
[Process] pumpCommand=0 pumpRunning=0 frequencyHz=0.0 flow=0.00 PT05=15.12 MV1Feedback=34.99
[Process] pumpCommand=0 pumpRunning=0 frequencyHz=0.0 flow=0.00 PT05=15.12 MV1Feedback=34.99
[Process] pumpCommand=0 pumpRunning=0 frequencyHz=0.0 flow=0.00 PT05=15.12 MV1Feedback=34.99
[Process] pumpCommand=0 pumpRunning=0 frequencyHz=0.0 flow=0.00 PT05=15.12 MV1Feedback=34.99
[Process] pumpCommand=0 pumpRunning=0 frequencyHz=0.0 flow=0.00 PT05=15.12 MV1Feedback=34.99
[14:46:35] Core → ADAM-6256：Coil offset 20 = [1]
[Process] pumpCommand=0 pumpRunning=0 frequencyHz=0.0 flow=0.00 PT05=15.12 MV1Feedback=34.99
[Process] pumpCommand=0 pumpRunning=0 frequencyHz=0.0 flow=0.00 PT05=15.12 MV1Feedback=34.99
[Process] pumpCommand=0 pumpRunning=0 frequencyHz=0.0 flow=0.00 PT05=15.12 MV1Feedback=34.99
[Process] pumpCommand=0 pumpRunning=0 frequencyHz=0.0 flow=0.00 PT05=15.12 MV1Feedback=34.99
[14:46:39] Core → ADAM-6256：Coil offset 20 = [0]
[Process] pumpCommand=0 pumpRunning=0 frequencyHz=0.0 flow=0.00 PT05=15.12 MV1Feedback=34.99
[Process] pumpCommand=0 pumpRunning=0 frequencyHz=0.0 flow=0.00 PT05=15.12 MV1Feedback=34.99
[14:46:41] Core → ADAM-6256：Coil offset 20 = [1]
[Process] pumpCommand=0 pumpRunning=0 frequencyHz=0.0 flow=0.00 PT05=15.12 MV1Feedback=34.99
[Process] pumpCommand=0 pumpRunning=0 frequencyHz=0.0 flow=0.00 PT05=15.12 MV1Feedback=34.99
[Process] pumpCommand=0 pumpRunning=0 frequencyHz=0.0 flow=0.00 PT05=15.12 MV1Feedback=34.99
[14:46:44] Core → ADAM-6256：Coil offset 20 = [0]
[Process] pumpCommand=0 pumpRunning=0 frequencyHz=0.0 flow=0.00 PT05=15.12 MV1Feedback=34.99
[Process] pumpCommand=0 pumpRunning=0 frequencyHz=0.0 flow=0.00 PT05=15.12 MV1Feedback=34.99
[Process] pumpCommand=0 pumpRunning=0 frequencyHz=0.0 flow=0.00 PT05=15.12 MV1Feedback=34.99
[Process] pumpCommand=0 pumpRunning=0 frequencyHz=0.0 flow=0.00 PT05=15.12 MV1Feedback=34.99
[Process] pumpCommand=0 pumpRunning=0 frequencyHz=0.0 flow=0.00 PT05=15.12 MV1Feedback=34.99
[14:46:49] Core → ADAM-6022：Holding Register offset 10 = [2048]
[Process] pumpCommand=0 pumpRunning=0 frequencyHz=30.0 flow=0.00 PT05=15.12 MV1Feedback=34.99
[Process] pumpCommand=0 pumpRunning=0 frequencyHz=30.0 flow=0.00 PT05=15.12 MV1Feedback=34.99
[Process] pumpCommand=0 pumpRunning=0 frequencyHz=30.0 flow=0.00 PT05=15.12 MV1Feedback=34.99
[Process] pumpCommand=0 pumpRunning=0 frequencyHz=30.0 flow=0.00 PT05=15.12 MV1Feedback=34.99
[Process] pumpCommand=0 pumpRunning=0 frequencyHz=30.0 flow=0.00 PT05=15.12 MV1Feedback=34.99
[Process] pumpCommand=0 pumpRunning=0 frequencyHz=30.0 flow=0.00 PT05=15.12 MV1Feedback=34.99
[14:46:55] Core → ADAM-6256：Coil offset 17 = [1]
[14:46:55] Core → ADAM-6256：Coil offset 17 = [0]
[Process] pumpCommand=0 pumpRunning=0 frequencyHz=30.0 flow=0.00 PT05=15.12 MV1Feedback=34.99
[Process] pumpCommand=0 pumpRunning=0 frequencyHz=30.0 flow=0.00 PT05=15.12 MV1Feedback=34.99
[Process] pumpCommand=0 pumpRunning=0 frequencyHz=30.0 flow=0.00 PT05=15.12 MV1Feedback=34.99
[Process] pumpCommand=0 pumpRunning=0 frequencyHz=30.0 flow=0.00 PT05=15.12 MV1Feedback=34.99
[Process] pumpCommand=0 pumpRunning=0 frequencyHz=30.0 flow=0.00 PT05=15.12 MV1Feedback=34.99
[Process] pumpCommand=0 pumpRunning=0 frequencyHz=30.0 flow=0.00 PT05=15.12 MV1Feedback=34.99
[14:47:02] Core → ADAM-6022：Holding Register offset 10 = [2730]
[Process] pumpCommand=0 pumpRunning=0 frequencyHz=40.0 flow=0.00 PT05=15.12 MV1Feedback=34.99
[Process] pumpCommand=0 pumpRunning=0 frequencyHz=40.0 flow=0.00 PT05=15.12 MV1Feedback=34.99
[Process] pumpCommand=0 pumpRunning=0 frequencyHz=40.0 flow=0.00 PT05=15.12 MV1Feedback=34.99
[Process] pumpCommand=0 pumpRunning=0 frequencyHz=40.0 flow=0.00 PT05=15.12 MV1Feedback=34.99
[Process] pumpCommand=0 pumpRunning=0 frequencyHz=40.0 flow=0.00 PT05=15.12 MV1Feedback=34.99
[Process] pumpCommand=0 pumpRunning=0 frequencyHz=40.0 flow=0.00 PT05=15.12 MV1Feedback=34.99
[Process] pumpCommand=0 pumpRunning=0 frequencyHz=40.0 flow=0.00 PT05=15.12 MV1Feedback=34.99
[Process] pumpCommand=0 pumpRunning=0 frequencyHz=40.0 flow=0.00 PT05=15.12 MV1Feedback=34.99
[Process] pumpCommand=0 pumpRunning=0 frequencyHz=40.0 flow=0.00 PT05=15.12 MV1Feedback=34.99
[Process] pumpCommand=0 pumpRunning=0 frequencyHz=40.0 flow=0.00 PT05=15.12 MV1Feedback=34.99
[Process] pumpCommand=0 pumpRunning=0 frequencyHz=40.0 flow=0.00 PT05=15.12 MV1Feedback=34.99
[Process] pumpCommand=0 pumpRunning=0 frequencyHz=40.0 flow=0.00 PT05=15.12 MV1Feedback=34.99
[Process] pumpCommand=0 pumpRunning=0 frequencyHz=40.0 flow=0.00 PT05=15.12 MV1Feedback=34.99
[Process] pumpCommand=0 pumpRunning=0 frequencyHz=40.0 flow=0.00 PT05=15.12 MV1Feedback=34.99
[Process] pumpCommand=0 pumpRunning=0 frequencyHz=40.0 flow=0.00 PT05=15.12 MV1Feedback=34.99
[Process] pumpCommand=0 pumpRunning=0 frequencyHz=40.0 flow=0.00 PT05=15.12 MV1Feedback=34.99
[Process] pumpCommand=0 pumpRunning=0 frequencyHz=40.0 flow=0.00 PT05=15.12 MV1Feedback=34.99
[Process] pumpCommand=0 pumpRunning=0 frequencyHz=40.0 flow=0.00 PT05=15.12 MV1Feedback=34.99
[Process] pumpCommand=0 pumpRunning=0 frequencyHz=40.0 flow=0.00 PT05=15.12 MV1Feedback=34.99
[Process] pumpCommand=0 pumpRunning=0 frequencyHz=40.0 flow=0.00 PT05=15.12 MV1Feedback=34.99
[Process] pumpCommand=0 pumpRunning=0 frequencyHz=40.0 flow=0.00 PT05=15.12 MV1Feedback=34.99
[Process] pumpCommand=0 pumpRunning=0 frequencyHz=40.0 flow=0.00 PT05=15.12 MV1Feedback=34.99
[Process] pumpCommand=0 pumpRunning=0 frequencyHz=40.0 flow=0.00 PT05=15.12 MV1Feedback=34.99
[Process] pumpCommand=0 pumpRunning=0 frequencyHz=40.0 flow=0.00 PT05=15.12 MV1Feedback=34.99
[Process] pumpCommand=0 pumpRunning=0 frequencyHz=40.0 flow=0.00 PT05=15.12 MV1Feedback=34.99
[Process] pumpCommand=0 pumpRunning=0 frequencyHz=40.0 flow=0.00 PT05=15.12 MV1Feedback=34.99
[Process] pumpCommand=0 pumpRunning=0 frequencyHz=40.0 flow=0.00 PT05=15.12 MV1Feedback=34.99
[Process] pumpCommand=0 pumpRunning=0 frequencyHz=40.0 flow=0.00 PT05=15.12 MV1Feedback=34.99
[Process] pumpCommand=0 pumpRunning=0 frequencyHz=40.0 flow=0.00 PT05=15.12 MV1Feedback=34.99
[Process] pumpCommand=0 pumpRunning=0 frequencyHz=40.0 flow=0.00 PT05=15.12 MV1Feedback=34.99
[Process] pumpCommand=0 pumpRunning=0 frequencyHz=40.0 flow=0.00 PT05=15.12 MV1Feedback=34.99
[Process] pumpCommand=0 pumpRunning=0 frequencyHz=40.0 flow=0.00 PT05=15.12 MV1Feedback=34.99
[Process] pumpCommand=0 pumpRunning=0 frequencyHz=40.0 flow=0.00 PT05=15.12 MV1Feedback=34.99
[Process] pumpCommand=0 pumpRunning=0 frequencyHz=40.0 flow=0.00 PT05=15.12 MV1Feedback=34.99
[Process] pumpCommand=0 pumpRunning=0 frequencyHz=40.0 flow=0.00 PT05=15.12 MV1Feedback=34.99
[Process] pumpCommand=0 pumpRunning=0 frequencyHz=40.0 flow=0.00 PT05=15.12 MV1Feedback=34.99
[Process] pumpCommand=0 pumpRunning=0 frequencyHz=40.0 flow=0.00 PT05=15.12 MV1Feedback=34.99
[Process] pumpCommand=0 pumpRunning=0 frequencyHz=40.0 flow=0.00 PT05=15.12 MV1Feedback=34.99
[Process] pumpCommand=0 pumpRunning=0 frequencyHz=40.0 flow=0.00 PT05=15.12 MV1Feedback=34.99
[Process] pumpCommand=0 pumpRunning=0 frequencyHz=40.0 flow=0.00 PT05=15.12 MV1Feedback=34.99
[Process] pumpCommand=0 pumpRunning=0 frequencyHz=40.0 flow=0.00 PT05=15.12 MV1Feedback=34.99
[Process] pumpCommand=0 pumpRunning=0 frequencyHz=40.0 flow=0.00 PT05=15.12 MV1Feedback=34.99
[Process] pumpCommand=0 pumpRunning=0 frequencyHz=40.0 flow=0.00 PT05=15.12 MV1Feedback=34.99
[Process] pumpCommand=0 pumpRunning=0 frequencyHz=40.0 flow=0.00 PT05=15.12 MV1Feedback=34.99
[Process] pumpCommand=0 pumpRunning=0 frequencyHz=40.0 flow=0.00 PT05=15.12 MV1Feedback=34.99
[Process] pumpCommand=0 pumpRunning=0 frequencyHz=40.0 flow=0.00 PT05=15.12 MV1Feedback=34.99
[Process] pumpCommand=0 pumpRunning=0 frequencyHz=40.0 flow=0.00 PT05=15.12 MV1Feedback=34.99
[Process] pumpCommand=0 pumpRunning=0 frequencyHz=40.0 flow=0.00 PT05=15.12 MV1Feedback=34.99
[Process] pumpCommand=0 pumpRunning=0 frequencyHz=40.0 flow=0.00 PT05=15.12 MV1Feedback=34.99
[Process] pumpCommand=0 pumpRunning=0 frequencyHz=40.0 flow=0.00 PT05=15.12 MV1Feedback=34.99
[Process] pumpCommand=0 pumpRunning=0 frequencyHz=40.0 flow=0.00 PT05=15.12 MV1Feedback=34.99
[Process] pumpCommand=0 pumpRunning=0 frequencyHz=40.0 flow=0.00 PT05=15.12 MV1Feedback=34.99
[Process] pumpCommand=0 pumpRunning=0 frequencyHz=40.0 flow=0.00 PT05=15.12 MV1Feedback=34.99
[Process] pumpCommand=0 pumpRunning=0 frequencyHz=40.0 flow=0.00 PT05=15.12 MV1Feedback=34.99
[Process] pumpCommand=0 pumpRunning=0 frequencyHz=40.0 flow=0.00 PT05=15.12 MV1Feedback=34.99
[Process] pumpCommand=0 pumpRunning=0 frequencyHz=40.0 flow=0.00 PT05=15.12 MV1Feedback=34.99
[Process] pumpCommand=0 pumpRunning=0 frequencyHz=40.0 flow=0.00 PT05=15.12 MV1Feedback=34.99
[Process] pumpCommand=0 pumpRunning=0 frequencyHz=40.0 flow=0.00 PT05=15.12 MV1Feedback=34.99
[Process] pumpCommand=0 pumpRunning=0 frequencyHz=40.0 flow=0.00 PT05=15.12 MV1Feedback=34.99
[Process] pumpCommand=0 pumpRunning=0 frequencyHz=40.0 flow=0.00 PT05=15.12 MV1Feedback=34.99
[Process] pumpCommand=0 pumpRunning=0 frequencyHz=40.0 flow=0.00 PT05=15.12 MV1Feedback=34.99
[Process] pumpCommand=0 pumpRunning=0 frequencyHz=40.0 flow=0.00 PT05=15.12 MV1Feedback=34.99
[Process] pumpCommand=0 pumpRunning=0 frequencyHz=40.0 flow=0.00 PT05=15.12 MV1Feedback=34.99
[Process] pumpCommand=0 pumpRunning=0 frequencyHz=40.0 flow=0.00 PT05=15.12 MV1Feedback=34.99
[Process] pumpCommand=0 pumpRunning=0 frequencyHz=40.0 flow=0.00 PT05=15.12 MV1Feedback=34.99
[Process] pumpCommand=0 pumpRunning=0 frequencyHz=40.0 flow=0.00 PT05=15.12 MV1Feedback=34.99
[Process] pumpCommand=0 pumpRunning=0 frequencyHz=40.0 flow=0.00 PT05=15.12 MV1Feedback=34.99
[Process] pumpCommand=0 pumpRunning=0 frequencyHz=40.0 flow=0.00 PT05=15.12 MV1Feedback=34.99
[Process] pumpCommand=0 pumpRunning=0 frequencyHz=40.0 flow=0.00 PT05=15.12 MV1Feedback=34.99
[Process] pumpCommand=0 pumpRunning=0 frequencyHz=40.0 flow=0.00 PT05=15.12 MV1Feedback=34.99
[Process] pumpCommand=0 pumpRunning=0 frequencyHz=40.0 flow=0.00 PT05=15.12 MV1Feedback=34.99
[Process] pumpCommand=0 pumpRunning=0 frequencyHz=40.0 flow=0.00 PT05=15.12 MV1Feedback=34.99
[Process] pumpCommand=0 pumpRunning=0 frequencyHz=40.0 flow=0.00 PT05=15.12 MV1Feedback=34.99
[Process] pumpCommand=0 pumpRunning=0 frequencyHz=40.0 flow=0.00 PT05=15.12 MV1Feedback=34.99
[Process] pumpCommand=0 pumpRunning=0 frequencyHz=40.0 flow=0.00 PT05=15.12 MV1Feedback=34.99
[14:48:17] Core → ADAM-6224：Holding Register offset 0 = [504]
[Process] pumpCommand=0 pumpRunning=0 frequencyHz=40.0 flow=0.00 PT05=15.12 MV1Feedback=27.77
[Process] pumpCommand=0 pumpRunning=0 frequencyHz=40.0 flow=0.00 PT05=15.12 MV1Feedback=20.47
[Process] pumpCommand=0 pumpRunning=0 frequencyHz=40.0 flow=0.00 PT05=15.12 MV1Feedback=16.61
[Process] pumpCommand=0 pumpRunning=0 frequencyHz=40.0 flow=0.00 PT05=15.12 MV1Feedback=14.58
[Process] pumpCommand=0 pumpRunning=0 frequencyHz=40.0 flow=0.00 PT05=15.12 MV1Feedback=13.51
[Process] pumpCommand=0 pumpRunning=0 frequencyHz=40.0 flow=0.00 PT05=15.12 MV1Feedback=12.94
[Process] pumpCommand=0 pumpRunning=0 frequencyHz=40.0 flow=0.00 PT05=15.12 MV1Feedback=12.64
[Process] pumpCommand=0 pumpRunning=0 frequencyHz=40.0 flow=0.00 PT05=15.12 MV1Feedback=12.48
[Process] pumpCommand=0 pumpRunning=0 frequencyHz=40.0 flow=0.00 PT05=15.12 MV1Feedback=12.40
[Process] pumpCommand=0 pumpRunning=0 frequencyHz=40.0 flow=0.00 PT05=15.12 MV1Feedback=12.36
[Process] pumpCommand=0 pumpRunning=0 frequencyHz=40.0 flow=0.00 PT05=15.12 MV1Feedback=12.33
[Process] pumpCommand=0 pumpRunning=0 frequencyHz=40.0 flow=0.00 PT05=15.12 MV1Feedback=12.32
[Process] pumpCommand=0 pumpRunning=0 frequencyHz=40.0 flow=0.00 PT05=15.12 MV1Feedback=12.31
[Process] pumpCommand=0 pumpRunning=0 frequencyHz=40.0 flow=0.00 PT05=15.12 MV1Feedback=12.31
[Process] pumpCommand=0 pumpRunning=0 frequencyHz=40.0 flow=0.00 PT05=15.12 MV1Feedback=12.31
[Process] pumpCommand=0 pumpRunning=0 frequencyHz=40.0 flow=0.00 PT05=15.12 MV1Feedback=12.31
[Process] pumpCommand=0 pumpRunning=0 frequencyHz=40.0 flow=0.00 PT05=15.12 MV1Feedback=12.31
[Process] pumpCommand=0 pumpRunning=0 frequencyHz=40.0 flow=0.00 PT05=15.12 MV1Feedback=12.31
[Process] pumpCommand=0 pumpRunning=0 frequencyHz=40.0 flow=0.00 PT05=15.12 MV1Feedback=12.31
[Process] pumpCommand=0 pumpRunning=0 frequencyHz=40.0 flow=0.00 PT05=15.12 MV1Feedback=12.31
[Process] pumpCommand=0 pumpRunning=0 frequencyHz=40.0 flow=0.00 PT05=15.12 MV1Feedback=12.31
[Process] pumpCommand=0 pumpRunning=0 frequencyHz=40.0 flow=0.00 PT05=15.12 MV1Feedback=12.31
[Process] pumpCommand=0 pumpRunning=0 frequencyHz=40.0 flow=0.00 PT05=15.12 MV1Feedback=12.31
[Process] pumpCommand=0 pumpRunning=0 frequencyHz=40.0 flow=0.00 PT05=15.12 MV1Feedback=12.31
[Process] pumpCommand=0 pumpRunning=0 frequencyHz=40.0 flow=0.00 PT05=15.12 MV1Feedback=12.31
[Process] pumpCommand=0 pumpRunning=0 frequencyHz=40.0 flow=0.00 PT05=15.12 MV1Feedback=12.31
[Process] pumpCommand=0 pumpRunning=0 frequencyHz=40.0 flow=0.00 PT05=15.12 MV1Feedback=12.31
[Process] pumpCommand=0 pumpRunning=0 frequencyHz=40.0 flow=0.00 PT05=15.12 MV1Feedback=12.31
[Process] pumpCommand=0 pumpRunning=0 frequencyHz=40.0 flow=0.00 PT05=15.12 MV1Feedback=12.31
[Process] pumpCommand=0 pumpRunning=0 frequencyHz=40.0 flow=0.00 PT05=15.12 MV1Feedback=12.31
[Process] pumpCommand=0 pumpRunning=0 frequencyHz=40.0 flow=0.00 PT05=15.12 MV1Feedback=12.31
[Process] pumpCommand=0 pumpRunning=0 frequencyHz=40.0 flow=0.00 PT05=15.12 MV1Feedback=12.31
[Process] pumpCommand=0 pumpRunning=0 frequencyHz=40.0 flow=0.00 PT05=15.12 MV1Feedback=12.31
[Process] pumpCommand=0 pumpRunning=0 frequencyHz=40.0 flow=0.00 PT05=15.12 MV1Feedback=12.31
[Process] pumpCommand=0 pumpRunning=0 frequencyHz=40.0 flow=0.00 PT05=15.12 MV1Feedback=12.31
[Process] pumpCommand=0 pumpRunning=0 frequencyHz=40.0 flow=0.00 PT05=15.12 MV1Feedback=12.31
[Process] pumpCommand=0 pumpRunning=0 frequencyHz=40.0 flow=0.00 PT05=15.12 MV1Feedback=12.31
[Process] pumpCommand=0 pumpRunning=0 frequencyHz=40.0 flow=0.00 PT05=15.12 MV1Feedback=12.31
[Process] pumpCommand=0 pumpRunning=0 frequencyHz=40.0 flow=0.00 PT05=15.12 MV1Feedback=12.31
[Process] pumpCommand=0 pumpRunning=0 frequencyHz=40.0 flow=0.00 PT05=15.12 MV1Feedback=12.31
[Process] pumpCommand=0 pumpRunning=0 frequencyHz=40.0 flow=0.00 PT05=15.12 MV1Feedback=12.31
[Process] pumpCommand=0 pumpRunning=0 frequencyHz=40.0 flow=0.00 PT05=15.12 MV1Feedback=12.31
[Process] pumpCommand=0 pumpRunning=0 frequencyHz=40.0 flow=0.00 PT05=15.12 MV1Feedback=12.31
[Process] pumpCommand=0 pumpRunning=0 frequencyHz=40.0 flow=0.00 PT05=15.12 MV1Feedback=12.31
[Process] pumpCommand=0 pumpRunning=0 frequencyHz=40.0 flow=0.00 PT05=15.12 MV1Feedback=12.31
[Process] pumpCommand=0 pumpRunning=0 frequencyHz=40.0 flow=0.00 PT05=15.12 MV1Feedback=12.31
[Process] pumpCommand=0 pumpRunning=0 frequencyHz=40.0 flow=0.00 PT05=15.12 MV1Feedback=12.31
[Process] pumpCommand=0 pumpRunning=0 frequencyHz=40.0 flow=0.00 PT05=15.12 MV1Feedback=12.31
[Process] pumpCommand=0 pumpRunning=0 frequencyHz=40.0 flow=0.00 PT05=15.12 MV1Feedback=12.31
[Process] pumpCommand=0 pumpRunning=0 frequencyHz=40.0 flow=0.00 PT05=15.12 MV1Feedback=12.31
[Process] pumpCommand=0 pumpRunning=0 frequencyHz=40.0 flow=0.00 PT05=15.12 MV1Feedback=12.31
[Process] pumpCommand=0 pumpRunning=0 frequencyHz=40.0 flow=0.00 PT05=15.12 MV1Feedback=12.31
[Process] pumpCommand=0 pumpRunning=0 frequencyHz=40.0 flow=0.00 PT05=15.12 MV1Feedback=12.31
[14:49:11] Core → ADAM-6256：Coil offset 18 = [0]
[14:49:11] Core → ADAM-6022：Holding Register offset 10 = [0]
[Process] pumpCommand=0 pumpRunning=0 frequencyHz=0.0 flow=0.00 PT05=15.12 MV1Feedback=12.31
[Process] pumpCommand=0 pumpRunning=0 frequencyHz=0.0 flow=0.00 PT05=15.12 MV1Feedback=12.31
[Process] pumpCommand=0 pumpRunning=0 frequencyHz=0.0 flow=0.00 PT05=15.12 MV1Feedback=12.31
[Process] pumpCommand=0 pumpRunning=0 frequencyHz=0.0 flow=0.00 PT05=15.12 MV1Feedback=12.31
[Process] pumpCommand=0 pumpRunning=0 frequencyHz=0.0 flow=0.00 PT05=15.12 MV1Feedback=12.31
[Process] pumpCommand=0 pumpRunning=0 frequencyHz=0.0 flow=0.00 PT05=15.12 MV1Feedback=12.31
[Process] pumpCommand=0 pumpRunning=0 frequencyHz=0.0 flow=0.00 PT05=15.12 MV1Feedback=12.31
[Process] pumpCommand=0 pumpRunning=0 frequencyHz=0.0 flow=0.00 PT05=15.12 MV1Feedback=12.31
[Process] pumpCommand=0 pumpRunning=0 frequencyHz=0.0 flow=0.00 PT05=15.12 MV1Feedback=12.31
[Process] pumpCommand=0 pumpRunning=0 frequencyHz=0.0 flow=0.00 PT05=15.12 MV1Feedback=12.31
[Process] pumpCommand=0 pumpRunning=0 frequencyHz=0.0 flow=0.00 PT05=15.12 MV1Feedback=12.31
[Process] pumpCommand=0 pumpRunning=0 frequencyHz=0.0 flow=0.00 PT05=15.12 MV1Feedback=12.31
[Process] pumpCommand=0 pumpRunning=0 frequencyHz=0.0 flow=0.00 PT05=15.12 MV1Feedback=12.31
[Process] pumpCommand=0 pumpRunning=0 frequencyHz=0.0 flow=0.00 PT05=15.12 MV1Feedback=12.31
[Process] pumpCommand=0 pumpRunning=0 frequencyHz=0.0 flow=0.00 PT05=15.12 MV1Feedback=12.31
[Process] pumpCommand=0 pumpRunning=0 frequencyHz=0.0 flow=0.00 PT05=15.12 MV1Feedback=12.31
[Process] pumpCommand=0 pumpRunning=0 frequencyHz=0.0 flow=0.00 PT05=15.12 MV1Feedback=12.31
[Process] pumpCommand=0 pumpRunning=0 frequencyHz=0.0 flow=0.00 PT05=15.12 MV1Feedback=12.31
[Process] pumpCommand=0 pumpRunning=0 frequencyHz=0.0 flow=0.00 PT05=15.12 MV1Feedback=12.31
[Process] pumpCommand=0 pumpRunning=0 frequencyHz=0.0 flow=0.00 PT05=15.12 MV1Feedback=12.31
[14:49:32] Core → ADAM-6256：Coil offset 18 = [1]
[14:49:32] Core → ADAM-6256：Coil offset 18 = [0]
[Process] pumpCommand=0 pumpRunning=0 frequencyHz=0.0 flow=0.00 PT05=15.12 MV1Feedback=12.31
[14:49:33] Core → ADAM-6256：Coil offset 18 = [1]
[Process] pumpCommand=0 pumpRunning=0 frequencyHz=0.0 flow=0.00 PT05=15.12 MV1Feedback=12.31
[Process] pumpCommand=0 pumpRunning=0 frequencyHz=0.0 flow=0.00 PT05=15.12 MV1Feedback=12.31
[14:49:35] Core → ADAM-6256：Coil offset 18 = [0]
[Process] pumpCommand=0 pumpRunning=0 frequencyHz=0.0 flow=0.00 PT05=15.12 MV1Feedback=12.31
[Process] pumpCommand=0 pumpRunning=0 frequencyHz=0.0 flow=0.00 PT05=15.12 MV1Feedback=12.31
[Process] pumpCommand=0 pumpRunning=0 frequencyHz=0.0 flow=0.00 PT05=15.12 MV1Feedback=12.31
[Process] pumpCommand=0 pumpRunning=0 frequencyHz=0.0 flow=0.00 PT05=15.12 MV1Feedback=12.31
[Process] pumpCommand=0 pumpRunning=0 frequencyHz=0.0 flow=0.00 PT05=15.12 MV1Feedback=12.31
[Process] pumpCommand=0 pumpRunning=0 frequencyHz=0.0 flow=0.00 PT05=15.12 MV1Feedback=12.31
[Process] pumpCommand=0 pumpRunning=0 frequencyHz=0.0 flow=0.00 PT05=15.12 MV1Feedback=12.31
[Process] pumpCommand=0 pumpRunning=0 frequencyHz=0.0 flow=0.00 PT05=15.12 MV1Feedback=12.31
[Process] pumpCommand=0 pumpRunning=0 frequencyHz=0.0 flow=0.00 PT05=15.12 MV1Feedback=12.31
[Process] pumpCommand=0 pumpRunning=0 frequencyHz=0.0 flow=0.00 PT05=15.12 MV1Feedback=12.31
[Process] pumpCommand=0 pumpRunning=0 frequencyHz=0.0 flow=0.00 PT05=15.12 MV1Feedback=12.31
[Process] pumpCommand=0 pumpRunning=0 frequencyHz=0.0 flow=0.00 PT05=15.12 MV1Feedback=12.31
[Process] pumpCommand=0 pumpRunning=0 frequencyHz=0.0 flow=0.00 PT05=15.12 MV1Feedback=12.31
[Process] pumpCommand=0 pumpRunning=0 frequencyHz=0.0 flow=0.00 PT05=15.12 MV1Feedback=12.31
[Process] pumpCommand=0 pumpRunning=0 frequencyHz=0.0 flow=0.00 PT05=15.12 MV1Feedback=12.31
[Process] pumpCommand=0 pumpRunning=0 frequencyHz=0.0 flow=0.00 PT05=15.12 MV1Feedback=12.31
[Process] pumpCommand=0 pumpRunning=0 frequencyHz=0.0 flow=0.00 PT05=15.12 MV1Feedback=12.31
[Process] pumpCommand=0 pumpRunning=0 frequencyHz=0.0 flow=0.00 PT05=15.12 MV1Feedback=12.31
[Process] pumpCommand=0 pumpRunning=0 frequencyHz=0.0 flow=0.00 PT05=15.12 MV1Feedback=12.31
[Process] pumpCommand=0 pumpRunning=0 frequencyHz=0.0 flow=0.00 PT05=15.12 MV1Feedback=12.31
[Process] pumpCommand=0 pumpRunning=0 frequencyHz=0.0 flow=0.00 PT05=15.12 MV1Feedback=12.31
[Process] pumpCommand=0 pumpRunning=0 frequencyHz=0.0 flow=0.00 PT05=15.12 MV1Feedback=12.31
[Process] pumpCommand=0 pumpRunning=0 frequencyHz=0.0 flow=0.00 PT05=15.12 MV1Feedback=12.31
[Process] pumpCommand=0 pumpRunning=0 frequencyHz=0.0 flow=0.00 PT05=15.12 MV1Feedback=12.31
[Process] pumpCommand=0 pumpRunning=0 frequencyHz=0.0 flow=0.00 PT05=15.12 MV1Feedback=12.31
[Process] pumpCommand=0 pumpRunning=0 frequencyHz=0.0 flow=0.00 PT05=15.12 MV1Feedback=12.31
[Process] pumpCommand=0 pumpRunning=0 frequencyHz=0.0 flow=0.00 PT05=15.12 MV1Feedback=12.31
[Process] pumpCommand=0 pumpRunning=0 frequencyHz=0.0 flow=0.00 PT05=15.12 MV1Feedback=12.31
[Process] pumpCommand=0 pumpRunning=0 frequencyHz=0.0 flow=0.00 PT05=15.12 MV1Feedback=12.31
[Process] pumpCommand=0 pumpRunning=0 frequencyHz=0.0 flow=0.00 PT05=15.12 MV1Feedback=12.31
[Process] pumpCommand=0 pumpRunning=0 frequencyHz=0.0 flow=0.00 PT05=15.12 MV1Feedback=12.31
[Process] pumpCommand=0 pumpRunning=0 frequencyHz=0.0 flow=0.00 PT05=15.12 MV1Feedback=12.31
[Process] pumpCommand=0 pumpRunning=0 frequencyHz=0.0 flow=0.00 PT05=15.12 MV1Feedback=12.31
[Process] pumpCommand=0 pumpRunning=0 frequencyHz=0.0 flow=0.00 PT05=15.12 MV1Feedback=12.31
[Process] pumpCommand=0 pumpRunning=0 frequencyHz=0.0 flow=0.00 PT05=15.12 MV1Feedback=12.31
[Process] pumpCommand=0 pumpRunning=0 frequencyHz=0.0 flow=0.00 PT05=15.12 MV1Feedback=12.31
[Process] pumpCommand=0 pumpRunning=0 frequencyHz=0.0 flow=0.00 PT05=15.12 MV1Feedback=12.31
[Process] pumpCommand=0 pumpRunning=0 frequencyHz=0.0 flow=0.00 PT05=15.12 MV1Feedback=12.31
[Process] pumpCommand=0 pumpRunning=0 frequencyHz=0.0 flow=0.00 PT05=15.12 MV1Feedback=12.31
[Process] pumpCommand=0 pumpRunning=0 frequencyHz=0.0 flow=0.00 PT05=15.12 MV1Feedback=12.31
[Process] pumpCommand=0 pumpRunning=0 frequencyHz=0.0 flow=0.00 PT05=15.12 MV1Feedback=12.31
[Process] pumpCommand=0 pumpRunning=0 frequencyHz=0.0 flow=0.00 PT05=15.12 MV1Feedback=12.31
[Process] pumpCommand=0 pumpRunning=0 frequencyHz=0.0 flow=0.00 PT05=15.12 MV1Feedback=12.31
[Process] pumpCommand=0 pumpRunning=0 frequencyHz=0.0 flow=0.00 PT05=15.12 MV1Feedback=12.31
[Process] pumpCommand=0 pumpRunning=0 frequencyHz=0.0 flow=0.00 PT05=15.12 MV1Feedback=12.31
[Process] pumpCommand=0 pumpRunning=0 frequencyHz=0.0 flow=0.00 PT05=15.12 MV1Feedback=12.31
[Process] pumpCommand=0 pumpRunning=0 frequencyHz=0.0 flow=0.00 PT05=15.12 MV1Feedback=12.31
[Process] pumpCommand=0 pumpRunning=0 frequencyHz=0.0 flow=0.00 PT05=15.12 MV1Feedback=12.31
[Process] pumpCommand=0 pumpRunning=0 frequencyHz=0.0 flow=0.00 PT05=15.12 MV1Feedback=12.31
[Process] pumpCommand=0 pumpRunning=0 frequencyHz=0.0 flow=0.00 PT05=15.12 MV1Feedback=12.31
[Process] pumpCommand=0 pumpRunning=0 frequencyHz=0.0 flow=0.00 PT05=15.12 MV1Feedback=12.31
[Process] pumpCommand=0 pumpRunning=0 frequencyHz=0.0 flow=0.00 PT05=15.12 MV1Feedback=12.31
[Process] pumpCommand=0 pumpRunning=0 frequencyHz=0.0 flow=0.00 PT05=15.12 MV1Feedback=12.31
[Process] pumpCommand=0 pumpRunning=0 frequencyHz=0.0 flow=0.00 PT05=15.12 MV1Feedback=12.31
[Process] pumpCommand=0 pumpRunning=0 frequencyHz=0.0 flow=0.00 PT05=15.12 MV1Feedback=12.31
[Process] pumpCommand=0 pumpRunning=0 frequencyHz=0.0 flow=0.00 PT05=15.12 MV1Feedback=12.31
[Process] pumpCommand=0 pumpRunning=0 frequencyHz=0.0 flow=0.00 PT05=15.12 MV1Feedback=12.31
