[16:25:21] 已套用本機回送端點；Core 端點也需改成相同設定。
[16:25:21] 點位對齊 taidaflow core 分支；ADAM-6224 DI 初始值：DI0 相位正常=1，DI1 漏液檢出=0，DI2 補水泵 OL=0，DI3 備用（Core 未使用）=0
[16:25:21] 完整設備模擬器已就緒。請啟動全部 ADAM Server。
[16:25:22] ADAM-6256: Listening
[AdamDeviceServer] ADAM-6256 listening on 127.0.0.201:502 unit=1
[16:25:22] ADAM-6217 A: Listening
[AdamDeviceServer] ADAM-6217 A listening on 127.0.0.202:502 unit=1
[16:25:22] ADAM-6217 B: Listening
[AdamDeviceServer] ADAM-6217 B listening on 127.0.0.203:502 unit=1
[16:25:22] ADAM-6224: Listening
[AdamDeviceServer] ADAM-6224 listening on 127.0.0.204:502 unit=1
[16:25:22] ADAM-6022: Listening
[AdamDeviceServer] ADAM-6022 listening on 127.0.0.205:502 unit=1
[Process] DO0=0 pumpRunning=0 frequencyHz=40.0 flow=0.00 PT01=7.37 PT05=6.19 MV1Feedback=9.45 DO1=0 DO2=0 DO3=0 makeupRunning=0 DO4=0 DI0=1 DI1=0 DI2=0 DI3=0 water=80.0
[Process] DO0=0 pumpRunning=0 frequencyHz=40.0 flow=0.00 PT01=11.72 PT05=9.85 MV1Feedback=14.43 DO1=0 DO2=0 DO3=0 makeupRunning=0 DO4=0 DI0=1 DI1=0 DI2=0 DI3=0 water=80.0
[Process] DO0=0 pumpRunning=0 frequencyHz=40.0 flow=0.00 PT01=14.29 PT05=12.01 MV1Feedback=17.06 DO1=0 DO2=0 DO3=0 makeupRunning=0 DO4=0 DI0=1 DI1=0 DI2=0 DI3=0 water=80.0
[Process] DO0=0 pumpRunning=0 frequencyHz=40.0 flow=0.00 PT01=15.81 PT05=13.28 MV1Feedback=18.45 DO1=0 DO2=0 DO3=0 makeupRunning=0 DO4=0 DI0=1 DI1=0 DI2=0 DI3=0 water=80.0
[Process] DO0=0 pumpRunning=0 frequencyHz=40.0 flow=0.00 PT01=16.71 PT05=14.03 MV1Feedback=19.18 DO1=0 DO2=0 DO3=0 makeupRunning=0 DO4=0 DI0=1 DI1=0 DI2=0 DI3=0 water=80.0
[Process] DO0=0 pumpRunning=0 frequencyHz=40.0 flow=0.00 PT01=17.24 PT05=14.48 MV1Feedback=19.57 DO1=0 DO2=0 DO3=0 makeupRunning=0 DO4=0 DI0=1 DI1=0 DI2=0 DI3=0 water=80.0
[Process] DO0=0 pumpRunning=0 frequencyHz=40.0 flow=0.00 PT01=17.55 PT05=14.74 MV1Feedback=19.77 DO1=0 DO2=0 DO3=0 makeupRunning=0 DO4=0 DI0=1 DI1=0 DI2=0 DI3=0 water=80.0
[Process] DO0=0 pumpRunning=0 frequencyHz=40.0 flow=0.00 PT01=17.73 PT05=14.90 MV1Feedback=19.88 DO1=0 DO2=0 DO3=0 makeupRunning=0 DO4=0 DI0=1 DI1=0 DI2=0 DI3=0 water=80.0
[Process] DO0=0 pumpRunning=0 frequencyHz=40.0 flow=0.00 PT01=17.84 PT05=14.99 MV1Feedback=19.94 DO1=0 DO2=0 DO3=0 makeupRunning=0 DO4=0 DI0=1 DI1=0 DI2=0 DI3=0 water=80.0
[Process] DO0=0 pumpRunning=0 frequencyHz=40.0 flow=0.00 PT01=17.91 PT05=15.04 MV1Feedback=19.97 DO1=0 DO2=0 DO3=0 makeupRunning=0 DO4=0 DI0=1 DI1=0 DI2=0 DI3=0 water=80.0
[Process] DO0=0 pumpRunning=0 frequencyHz=40.0 flow=0.00 PT01=17.95 PT05=15.07 MV1Feedback=19.98 DO1=0 DO2=0 DO3=0 makeupRunning=0 DO4=0 DI0=1 DI1=0 DI2=0 DI3=0 water=80.0
[Process] DO0=0 pumpRunning=0 frequencyHz=40.0 flow=0.00 PT01=17.97 PT05=15.09 MV1Feedback=19.99 DO1=0 DO2=0 DO3=0 makeupRunning=0 DO4=0 DI0=1 DI1=0 DI2=0 DI3=0 water=80.0
[Process] DO0=0 pumpRunning=0 frequencyHz=40.0 flow=0.00 PT01=17.98 PT05=15.10 MV1Feedback=20.00 DO1=0 DO2=0 DO3=0 makeupRunning=0 DO4=0 DI0=1 DI1=0 DI2=0 DI3=0 water=80.0
[Process] DO0=0 pumpRunning=0 frequencyHz=40.0 flow=0.00 PT01=17.99 PT05=15.11 MV1Feedback=20.00 DO1=0 DO2=0 DO3=0 makeupRunning=0 DO4=0 DI0=1 DI1=0 DI2=0 DI3=0 water=80.0
[Process] DO0=0 pumpRunning=0 frequencyHz=40.0 flow=0.00 PT01=17.99 PT05=15.11 MV1Feedback=20.00 DO1=0 DO2=0 DO3=0 makeupRunning=0 DO4=0 DI0=1 DI1=0 DI2=0 DI3=0 water=80.0
[Process] DO0=0 pumpRunning=0 frequencyHz=40.0 flow=0.00 PT01=18.00 PT05=15.12 MV1Feedback=20.00 DO1=0 DO2=0 DO3=0 makeupRunning=0 DO4=0 DI0=1 DI1=0 DI2=0 DI3=0 water=80.0
[Process] DO0=0 pumpRunning=0 frequencyHz=40.0 flow=0.00 PT01=18.00 PT05=15.12 MV1Feedback=20.00 DO1=0 DO2=0 DO3=0 makeupRunning=0 DO4=0 DI0=1 DI1=0 DI2=0 DI3=0 water=80.0
[Process] DO0=0 pumpRunning=0 frequencyHz=40.0 flow=0.00 PT01=18.00 PT05=15.12 MV1Feedback=20.00 DO1=0 DO2=0 DO3=0 makeupRunning=0 DO4=0 DI0=1 DI1=0 DI2=0 DI3=0 water=80.0
[Process] DO0=0 pumpRunning=0 frequencyHz=40.0 flow=0.00 PT01=18.00 PT05=15.12 MV1Feedback=20.00 DO1=0 DO2=0 DO3=0 makeupRunning=0 DO4=0 DI0=1 DI1=0 DI2=0 DI3=0 water=80.0
[Process] DO0=0 pumpRunning=0 frequencyHz=40.0 flow=0.00 PT01=18.00 PT05=15.12 MV1Feedback=20.00 DO1=0 DO2=0 DO3=0 makeupRunning=0 DO4=0 DI0=1 DI1=0 DI2=0 DI3=0 water=80.0
[Process] DO0=0 pumpRunning=0 frequencyHz=40.0 flow=0.00 PT01=18.00 PT05=15.12 MV1Feedback=20.00 DO1=0 DO2=0 DO3=0 makeupRunning=0 DO4=0 DI0=1 DI1=0 DI2=0 DI3=0 water=80.0
[Process] DO0=0 pumpRunning=0 frequencyHz=40.0 flow=0.00 PT01=18.00 PT05=15.12 MV1Feedback=20.00 DO1=0 DO2=0 DO3=0 makeupRunning=0 DO4=0 DI0=1 DI1=0 DI2=0 DI3=0 water=80.0
[Process] DO0=0 pumpRunning=0 frequencyHz=40.0 flow=0.00 PT01=18.00 PT05=15.12 MV1Feedback=20.00 DO1=0 DO2=0 DO3=0 makeupRunning=0 DO4=0 DI0=1 DI1=0 DI2=0 DI3=0 water=80.0
[Process] DO0=0 pumpRunning=0 frequencyHz=40.0 flow=0.00 PT01=18.00 PT05=15.12 MV1Feedback=20.00 DO1=0 DO2=0 DO3=0 makeupRunning=0 DO4=0 DI0=1 DI1=0 DI2=0 DI3=0 water=80.0
[Process] DO0=0 pumpRunning=0 frequencyHz=40.0 flow=0.00 PT01=18.00 PT05=15.12 MV1Feedback=20.00 DO1=0 DO2=0 DO3=0 makeupRunning=0 DO4=0 DI0=1 DI1=0 DI2=0 DI3=0 water=80.0
[Process] DO0=0 pumpRunning=0 frequencyHz=40.0 flow=0.00 PT01=18.00 PT05=15.12 MV1Feedback=20.00 DO1=0 DO2=0 DO3=0 makeupRunning=0 DO4=0 DI0=1 DI1=0 DI2=0 DI3=0 water=80.0
[Process] DO0=0 pumpRunning=0 frequencyHz=40.0 flow=0.00 PT01=18.00 PT05=15.12 MV1Feedback=20.00 DO1=0 DO2=0 DO3=0 makeupRunning=0 DO4=0 DI0=1 DI1=0 DI2=0 DI3=0 water=80.0
[Process] DO0=0 pumpRunning=0 frequencyHz=40.0 flow=0.00 PT01=18.00 PT05=15.12 MV1Feedback=20.00 DO1=0 DO2=0 DO3=0 makeupRunning=0 DO4=0 DI0=1 DI1=0 DI2=0 DI3=0 water=80.0
[Process] DO0=0 pumpRunning=0 frequencyHz=40.0 flow=0.00 PT01=18.00 PT05=15.12 MV1Feedback=20.00 DO1=0 DO2=0 DO3=0 makeupRunning=0 DO4=0 DI0=1 DI1=0 DI2=0 DI3=0 water=80.0
[Process] DO0=0 pumpRunning=0 frequencyHz=40.0 flow=0.00 PT01=18.00 PT05=15.12 MV1Feedback=20.00 DO1=0 DO2=0 DO3=0 makeupRunning=0 DO4=0 DI0=1 DI1=0 DI2=0 DI3=0 water=80.0
[Process] DO0=0 pumpRunning=0 frequencyHz=40.0 flow=0.00 PT01=18.00 PT05=15.12 MV1Feedback=20.00 DO1=0 DO2=0 DO3=0 makeupRunning=0 DO4=0 DI0=1 DI1=0 DI2=0 DI3=0 water=80.0
[Process] DO0=0 pumpRunning=0 frequencyHz=40.0 flow=0.00 PT01=18.00 PT05=15.12 MV1Feedback=20.00 DO1=0 DO2=0 DO3=0 makeupRunning=0 DO4=0 DI0=1 DI1=0 DI2=0 DI3=0 water=80.0
[Process] DO0=0 pumpRunning=0 frequencyHz=40.0 flow=0.00 PT01=18.00 PT05=15.12 MV1Feedback=20.00 DO1=0 DO2=0 DO3=0 makeupRunning=0 DO4=0 DI0=1 DI1=0 DI2=0 DI3=0 water=80.0
[Process] DO0=0 pumpRunning=0 frequencyHz=40.0 flow=0.00 PT01=18.00 PT05=15.12 MV1Feedback=20.00 DO1=0 DO2=0 DO3=0 makeupRunning=0 DO4=0 DI0=1 DI1=0 DI2=0 DI3=0 water=80.0
[Process] DO0=0 pumpRunning=0 frequencyHz=40.0 flow=0.00 PT01=18.00 PT05=15.12 MV1Feedback=20.00 DO1=0 DO2=0 DO3=0 makeupRunning=0 DO4=0 DI0=1 DI1=0 DI2=0 DI3=0 water=80.0
[Process] DO0=0 pumpRunning=0 frequencyHz=40.0 flow=0.00 PT01=18.00 PT05=15.12 MV1Feedback=20.00 DO1=0 DO2=0 DO3=0 makeupRunning=0 DO4=0 DI0=1 DI1=0 DI2=0 DI3=0 water=80.0
[Process] DO0=0 pumpRunning=0 frequencyHz=40.0 flow=0.00 PT01=18.00 PT05=15.12 MV1Feedback=20.00 DO1=0 DO2=0 DO3=0 makeupRunning=0 DO4=0 DI0=1 DI1=0 DI2=0 DI3=0 water=80.0
[Process] DO0=0 pumpRunning=0 frequencyHz=40.0 flow=0.00 PT01=18.00 PT05=15.12 MV1Feedback=20.00 DO1=0 DO2=0 DO3=0 makeupRunning=0 DO4=0 DI0=1 DI1=0 DI2=0 DI3=0 water=80.0
[Process] DO0=0 pumpRunning=0 frequencyHz=40.0 flow=0.00 PT01=18.00 PT05=15.12 MV1Feedback=20.00 DO1=0 DO2=0 DO3=0 makeupRunning=0 DO4=0 DI0=1 DI1=0 DI2=0 DI3=0 water=80.0
[Process] DO0=0 pumpRunning=0 frequencyHz=40.0 flow=0.00 PT01=18.00 PT05=15.12 MV1Feedback=20.00 DO1=0 DO2=0 DO3=0 makeupRunning=0 DO4=0 DI0=1 DI1=0 DI2=0 DI3=0 water=80.0
[Process] DO0=0 pumpRunning=0 frequencyHz=40.0 flow=0.00 PT01=18.00 PT05=15.12 MV1Feedback=20.00 DO1=0 DO2=0 DO3=0 makeupRunning=0 DO4=0 DI0=1 DI1=0 DI2=0 DI3=0 water=80.0
[Process] DO0=0 pumpRunning=0 frequencyHz=40.0 flow=0.00 PT01=18.00 PT05=15.12 MV1Feedback=20.00 DO1=0 DO2=0 DO3=0 makeupRunning=0 DO4=0 DI0=1 DI1=0 DI2=0 DI3=0 water=80.0
[Process] DO0=0 pumpRunning=0 frequencyHz=40.0 flow=0.00 PT01=18.00 PT05=15.12 MV1Feedback=20.00 DO1=0 DO2=0 DO3=0 makeupRunning=0 DO4=0 DI0=1 DI1=0 DI2=0 DI3=0 water=80.0
[Process] DO0=0 pumpRunning=0 frequencyHz=40.0 flow=0.00 PT01=18.00 PT05=15.12 MV1Feedback=20.00 DO1=0 DO2=0 DO3=0 makeupRunning=0 DO4=0 DI0=1 DI1=0 DI2=0 DI3=0 water=80.0
[Process] DO0=0 pumpRunning=0 frequencyHz=40.0 flow=0.00 PT01=18.00 PT05=15.12 MV1Feedback=20.00 DO1=0 DO2=0 DO3=0 makeupRunning=0 DO4=0 DI0=1 DI1=0 DI2=0 DI3=0 water=80.0
[Process] DO0=0 pumpRunning=0 frequencyHz=40.0 flow=0.00 PT01=18.00 PT05=15.12 MV1Feedback=20.00 DO1=0 DO2=0 DO3=0 makeupRunning=0 DO4=0 DI0=1 DI1=0 DI2=0 DI3=0 water=80.0
[Process] DO0=0 pumpRunning=0 frequencyHz=40.0 flow=0.00 PT01=18.00 PT05=15.12 MV1Feedback=20.00 DO1=0 DO2=0 DO3=0 makeupRunning=0 DO4=0 DI0=1 DI1=0 DI2=0 DI3=0 water=80.0
[Process] DO0=0 pumpRunning=0 frequencyHz=40.0 flow=0.00 PT01=18.00 PT05=15.12 MV1Feedback=20.00 DO1=0 DO2=0 DO3=0 makeupRunning=0 DO4=0 DI0=1 DI1=0 DI2=0 DI3=0 water=80.0
[Process] DO0=0 pumpRunning=0 frequencyHz=40.0 flow=0.00 PT01=18.00 PT05=15.12 MV1Feedback=20.00 DO1=0 DO2=0 DO3=0 makeupRunning=0 DO4=0 DI0=1 DI1=0 DI2=0 DI3=0 water=80.0
[Process] DO0=0 pumpRunning=0 frequencyHz=40.0 flow=0.00 PT01=18.00 PT05=15.12 MV1Feedback=20.00 DO1=0 DO2=0 DO3=0 makeupRunning=0 DO4=0 DI0=1 DI1=0 DI2=0 DI3=0 water=80.0
[Process] DO0=0 pumpRunning=0 frequencyHz=40.0 flow=0.00 PT01=18.00 PT05=15.12 MV1Feedback=20.00 DO1=0 DO2=0 DO3=0 makeupRunning=0 DO4=0 DI0=1 DI1=0 DI2=0 DI3=0 water=80.0
[Process] DO0=0 pumpRunning=0 frequencyHz=40.0 flow=0.00 PT01=18.00 PT05=15.12 MV1Feedback=20.00 DO1=0 DO2=0 DO3=0 makeupRunning=0 DO4=0 DI0=1 DI1=0 DI2=0 DI3=0 water=80.0
[Process] DO0=0 pumpRunning=0 frequencyHz=40.0 flow=0.00 PT01=18.00 PT05=15.12 MV1Feedback=20.00 DO1=0 DO2=0 DO3=0 makeupRunning=0 DO4=0 DI0=1 DI1=0 DI2=0 DI3=0 water=80.0
[Process] DO0=0 pumpRunning=0 frequencyHz=40.0 flow=0.00 PT01=18.00 PT05=15.12 MV1Feedback=20.00 DO1=0 DO2=0 DO3=0 makeupRunning=0 DO4=0 DI0=1 DI1=0 DI2=0 DI3=0 water=80.0
[Process] DO0=0 pumpRunning=0 frequencyHz=40.0 flow=0.00 PT01=18.00 PT05=15.12 MV1Feedback=20.00 DO1=0 DO2=0 DO3=0 makeupRunning=0 DO4=0 DI0=1 DI1=0 DI2=0 DI3=0 water=80.0
[Process] DO0=0 pumpRunning=0 frequencyHz=40.0 flow=0.00 PT01=18.00 PT05=15.12 MV1Feedback=20.00 DO1=0 DO2=0 DO3=0 makeupRunning=0 DO4=0 DI0=1 DI1=0 DI2=0 DI3=0 water=80.0
[Process] DO0=0 pumpRunning=0 frequencyHz=40.0 flow=0.00 PT01=18.00 PT05=15.12 MV1Feedback=20.00 DO1=0 DO2=0 DO3=0 makeupRunning=0 DO4=0 DI0=1 DI1=0 DI2=0 DI3=0 water=80.0
[Process] DO0=0 pumpRunning=0 frequencyHz=40.0 flow=0.00 PT01=18.00 PT05=15.12 MV1Feedback=20.00 DO1=0 DO2=0 DO3=0 makeupRunning=0 DO4=0 DI0=1 DI1=0 DI2=0 DI3=0 water=80.0
[Process] DO0=0 pumpRunning=0 frequencyHz=40.0 flow=0.00 PT01=18.00 PT05=15.12 MV1Feedback=20.00 DO1=0 DO2=0 DO3=0 makeupRunning=0 DO4=0 DI0=1 DI1=0 DI2=0 DI3=0 water=80.0
[Process] DO0=0 pumpRunning=0 frequencyHz=40.0 flow=0.00 PT01=18.00 PT05=15.12 MV1Feedback=20.00 DO1=0 DO2=0 DO3=0 makeupRunning=0 DO4=0 DI0=1 DI1=0 DI2=0 DI3=0 water=80.0
[Process] DO0=0 pumpRunning=0 frequencyHz=40.0 flow=0.00 PT01=18.00 PT05=15.12 MV1Feedback=20.00 DO1=0 DO2=0 DO3=0 makeupRunning=0 DO4=0 DI0=1 DI1=0 DI2=0 DI3=0 water=80.0
[Process] DO0=0 pumpRunning=0 frequencyHz=40.0 flow=0.00 PT01=18.00 PT05=15.12 MV1Feedback=20.00 DO1=0 DO2=0 DO3=0 makeupRunning=0 DO4=0 DI0=1 DI1=0 DI2=0 DI3=0 water=80.0
[Process] DO0=0 pumpRunning=0 frequencyHz=40.0 flow=0.00 PT01=18.00 PT05=15.12 MV1Feedback=20.00 DO1=0 DO2=0 DO3=0 makeupRunning=0 DO4=0 DI0=1 DI1=0 DI2=0 DI3=0 water=80.0
[Process] DO0=0 pumpRunning=0 frequencyHz=40.0 flow=0.00 PT01=18.00 PT05=15.12 MV1Feedback=20.00 DO1=0 DO2=0 DO3=0 makeupRunning=0 DO4=0 DI0=1 DI1=0 DI2=0 DI3=0 water=80.0
[Process] DO0=0 pumpRunning=0 frequencyHz=40.0 flow=0.00 PT01=18.00 PT05=15.12 MV1Feedback=20.00 DO1=0 DO2=0 DO3=0 makeupRunning=0 DO4=0 DI0=1 DI1=0 DI2=0 DI3=0 water=80.0
[Process] DO0=0 pumpRunning=0 frequencyHz=40.0 flow=0.00 PT01=18.00 PT05=15.12 MV1Feedback=20.00 DO1=0 DO2=0 DO3=0 makeupRunning=0 DO4=0 DI0=1 DI1=0 DI2=0 DI3=0 water=80.0
[Process] DO0=0 pumpRunning=0 frequencyHz=40.0 flow=0.00 PT01=18.00 PT05=15.12 MV1Feedback=20.00 DO1=0 DO2=0 DO3=0 makeupRunning=0 DO4=0 DI0=1 DI1=0 DI2=0 DI3=0 water=80.0
[Process] DO0=0 pumpRunning=0 frequencyHz=40.0 flow=0.00 PT01=18.00 PT05=15.12 MV1Feedback=20.00 DO1=0 DO2=0 DO3=0 makeupRunning=0 DO4=0 DI0=1 DI1=0 DI2=0 DI3=0 water=80.0
[Process] DO0=0 pumpRunning=0 frequencyHz=40.0 flow=0.00 PT01=18.00 PT05=15.12 MV1Feedback=20.00 DO1=0 DO2=0 DO3=0 makeupRunning=0 DO4=0 DI0=1 DI1=0 DI2=0 DI3=0 water=80.0
[Process] DO0=0 pumpRunning=0 frequencyHz=40.0 flow=0.00 PT01=18.00 PT05=15.12 MV1Feedback=20.00 DO1=0 DO2=0 DO3=0 makeupRunning=0 DO4=0 DI0=1 DI1=0 DI2=0 DI3=0 water=80.0
[Process] DO0=0 pumpRunning=0 frequencyHz=40.0 flow=0.00 PT01=18.00 PT05=15.12 MV1Feedback=20.00 DO1=0 DO2=0 DO3=0 makeupRunning=0 DO4=0 DI0=1 DI1=0 DI2=0 DI3=0 water=80.0
[Process] DO0=0 pumpRunning=0 frequencyHz=40.0 flow=0.00 PT01=18.00 PT05=15.12 MV1Feedback=20.00 DO1=0 DO2=0 DO3=0 makeupRunning=0 DO4=0 DI0=1 DI1=0 DI2=0 DI3=0 water=80.0
[Process] DO0=0 pumpRunning=0 frequencyHz=40.0 flow=0.00 PT01=18.00 PT05=15.12 MV1Feedback=20.00 DO1=0 DO2=0 DO3=0 makeupRunning=0 DO4=0 DI0=1 DI1=0 DI2=0 DI3=0 water=80.0
[Process] DO0=0 pumpRunning=0 frequencyHz=40.0 flow=0.00 PT01=18.00 PT05=15.12 MV1Feedback=20.00 DO1=0 DO2=0 DO3=0 makeupRunning=0 DO4=0 DI0=1 DI1=0 DI2=0 DI3=0 water=80.0
[Process] DO0=0 pumpRunning=0 frequencyHz=40.0 flow=0.00 PT01=18.00 PT05=15.12 MV1Feedback=20.00 DO1=0 DO2=0 DO3=0 makeupRunning=0 DO4=0 DI0=1 DI1=0 DI2=0 DI3=0 water=80.0
[Process] DO0=0 pumpRunning=0 frequencyHz=40.0 flow=0.00 PT01=18.00 PT05=15.12 MV1Feedback=20.00 DO1=0 DO2=0 DO3=0 makeupRunning=0 DO4=0 DI0=1 DI1=0 DI2=0 DI3=0 water=80.0
[Process] DO0=0 pumpRunning=0 frequencyHz=40.0 flow=0.00 PT01=18.00 PT05=15.12 MV1Feedback=20.00 DO1=0 DO2=0 DO3=0 makeupRunning=0 DO4=0 DI0=1 DI1=0 DI2=0 DI3=0 water=80.0
[Process] DO0=0 pumpRunning=0 frequencyHz=40.0 flow=0.00 PT01=18.00 PT05=15.12 MV1Feedback=20.00 DO1=0 DO2=0 DO3=0 makeupRunning=0 DO4=0 DI0=1 DI1=0 DI2=0 DI3=0 water=80.0
[Process] DO0=0 pumpRunning=0 frequencyHz=40.0 flow=0.00 PT01=18.00 PT05=15.12 MV1Feedback=20.00 DO1=0 DO2=0 DO3=0 makeupRunning=0 DO4=0 DI0=1 DI1=0 DI2=0 DI3=0 water=80.0
[Process] DO0=0 pumpRunning=0 frequencyHz=40.0 flow=0.00 PT01=18.00 PT05=15.12 MV1Feedback=20.00 DO1=0 DO2=0 DO3=0 makeupRunning=0 DO4=0 DI0=1 DI1=0 DI2=0 DI3=0 water=80.0
[Process] DO0=0 pumpRunning=0 frequencyHz=40.0 flow=0.00 PT01=18.00 PT05=15.12 MV1Feedback=20.00 DO1=0 DO2=0 DO3=0 makeupRunning=0 DO4=0 DI0=1 DI1=0 DI2=0 DI3=0 water=80.0
[Process] DO0=0 pumpRunning=0 frequencyHz=40.0 flow=0.00 PT01=18.00 PT05=15.12 MV1Feedback=20.00 DO1=0 DO2=0 DO3=0 makeupRunning=0 DO4=0 DI0=1 DI1=0 DI2=0 DI3=0 water=80.0
[Process] DO0=0 pumpRunning=0 frequencyHz=40.0 flow=0.00 PT01=18.00 PT05=15.12 MV1Feedback=20.00 DO1=0 DO2=0 DO3=0 makeupRunning=0 DO4=0 DI0=1 DI1=0 DI2=0 DI3=0 water=80.0
[Process] DO0=0 pumpRunning=0 frequencyHz=40.0 flow=0.00 PT01=18.00 PT05=15.12 MV1Feedback=20.00 DO1=0 DO2=0 DO3=0 makeupRunning=0 DO4=0 DI0=1 DI1=0 DI2=0 DI3=0 water=80.0
[Process] DO0=0 pumpRunning=0 frequencyHz=40.0 flow=0.00 PT01=18.00 PT05=15.12 MV1Feedback=20.00 DO1=0 DO2=0 DO3=0 makeupRunning=0 DO4=0 DI0=1 DI1=0 DI2=0 DI3=0 water=80.0
[Process] DO0=0 pumpRunning=0 frequencyHz=40.0 flow=0.00 PT01=18.00 PT05=15.12 MV1Feedback=20.00 DO1=0 DO2=0 DO3=0 makeupRunning=0 DO4=0 DI0=1 DI1=0 DI2=0 DI3=0 water=80.0
[Process] DO0=0 pumpRunning=0 frequencyHz=40.0 flow=0.00 PT01=18.00 PT05=15.12 MV1Feedback=20.00 DO1=0 DO2=0 DO3=0 makeupRunning=0 DO4=0 DI0=1 DI1=0 DI2=0 DI3=0 water=80.0
[Process] DO0=0 pumpRunning=0 frequencyHz=40.0 flow=0.00 PT01=18.00 PT05=15.12 MV1Feedback=20.00 DO1=0 DO2=0 DO3=0 makeupRunning=0 DO4=0 DI0=1 DI1=0 DI2=0 DI3=0 water=80.0
[Process] DO0=0 pumpRunning=0 frequencyHz=40.0 flow=0.00 PT01=18.00 PT05=15.12 MV1Feedback=20.00 DO1=0 DO2=0 DO3=0 makeupRunning=0 DO4=0 DI0=1 DI1=0 DI2=0 DI3=0 water=80.0
[Process] DO0=0 pumpRunning=0 frequencyHz=40.0 flow=0.00 PT01=18.00 PT05=15.12 MV1Feedback=20.00 DO1=0 DO2=0 DO3=0 makeupRunning=0 DO4=0 DI0=1 DI1=0 DI2=0 DI3=0 water=80.0
[Process] DO0=0 pumpRunning=0 frequencyHz=40.0 flow=0.00 PT01=18.00 PT05=15.12 MV1Feedback=20.00 DO1=0 DO2=0 DO3=0 makeupRunning=0 DO4=0 DI0=1 DI1=0 DI2=0 DI3=0 water=80.0
[Process] DO0=0 pumpRunning=0 frequencyHz=40.0 flow=0.00 PT01=18.00 PT05=15.12 MV1Feedback=20.00 DO1=0 DO2=0 DO3=0 makeupRunning=0 DO4=0 DI0=1 DI1=0 DI2=0 DI3=0 water=80.0
[Process] DO0=0 pumpRunning=0 frequencyHz=40.0 flow=0.00 PT01=18.00 PT05=15.12 MV1Feedback=20.00 DO1=0 DO2=0 DO3=0 makeupRunning=0 DO4=0 DI0=1 DI1=0 DI2=0 DI3=0 water=80.0
[Process] DO0=0 pumpRunning=0 frequencyHz=40.0 flow=0.00 PT01=18.00 PT05=15.12 MV1Feedback=20.00 DO1=0 DO2=0 DO3=0 makeupRunning=0 DO4=0 DI0=1 DI1=0 DI2=0 DI3=0 water=80.0
[Process] DO0=0 pumpRunning=0 frequencyHz=40.0 flow=0.00 PT01=18.00 PT05=15.12 MV1Feedback=20.00 DO1=0 DO2=0 DO3=0 makeupRunning=0 DO4=0 DI0=1 DI1=0 DI2=0 DI3=0 water=80.0
[Process] DO0=0 pumpRunning=0 frequencyHz=40.0 flow=0.00 PT01=18.00 PT05=15.12 MV1Feedback=20.00 DO1=0 DO2=0 DO3=0 makeupRunning=0 DO4=0 DI0=1 DI1=0 DI2=0 DI3=0 water=80.0
[Process] DO0=0 pumpRunning=0 frequencyHz=40.0 flow=0.00 PT01=18.00 PT05=15.12 MV1Feedback=20.00 DO1=0 DO2=0 DO3=0 makeupRunning=0 DO4=0 DI0=1 DI1=0 DI2=0 DI3=0 water=80.0
[Process] DO0=0 pumpRunning=0 frequencyHz=40.0 flow=0.00 PT01=18.00 PT05=15.12 MV1Feedback=20.00 DO1=0 DO2=0 DO3=0 makeupRunning=0 DO4=0 DI0=1 DI1=0 DI2=0 DI3=0 water=80.0
[Process] DO0=0 pumpRunning=0 frequencyHz=40.0 flow=0.00 PT01=18.00 PT05=15.12 MV1Feedback=20.00 DO1=0 DO2=0 DO3=0 makeupRunning=0 DO4=0 DI0=1 DI1=0 DI2=0 DI3=0 water=80.0
[Process] DO0=0 pumpRunning=0 frequencyHz=40.0 flow=0.00 PT01=18.00 PT05=15.12 MV1Feedback=20.00 DO1=0 DO2=0 DO3=0 makeupRunning=0 DO4=0 DI0=1 DI1=0 DI2=0 DI3=0 water=80.0
[Process] DO0=0 pumpRunning=0 frequencyHz=40.0 flow=0.00 PT01=18.00 PT05=15.12 MV1Feedback=20.00 DO1=0 DO2=0 DO3=0 makeupRunning=0 DO4=0 DI0=1 DI1=0 DI2=0 DI3=0 water=80.0
[Process] DO0=0 pumpRunning=0 frequencyHz=40.0 flow=0.00 PT01=18.00 PT05=15.12 MV1Feedback=20.00 DO1=0 DO2=0 DO3=0 makeupRunning=0 DO4=0 DI0=1 DI1=0 DI2=0 DI3=0 water=80.0
[Process] DO0=0 pumpRunning=0 frequencyHz=40.0 flow=0.00 PT01=18.00 PT05=15.12 MV1Feedback=20.00 DO1=0 DO2=0 DO3=0 makeupRunning=0 DO4=0 DI0=1 DI1=0 DI2=0 DI3=0 water=80.0
[Process] DO0=0 pumpRunning=0 frequencyHz=40.0 flow=0.00 PT01=18.00 PT05=15.12 MV1Feedback=20.00 DO1=0 DO2=0 DO3=0 makeupRunning=0 DO4=0 DI0=1 DI1=0 DI2=0 DI3=0 water=80.0
[Process] DO0=0 pumpRunning=0 frequencyHz=40.0 flow=0.00 PT01=18.00 PT05=15.12 MV1Feedback=20.00 DO1=0 DO2=0 DO3=0 makeupRunning=0 DO4=0 DI0=1 DI1=0 DI2=0 DI3=0 water=80.0
[Process] DO0=0 pumpRunning=0 frequencyHz=40.0 flow=0.00 PT01=18.00 PT05=15.12 MV1Feedback=20.00 DO1=0 DO2=0 DO3=0 makeupRunning=0 DO4=0 DI0=1 DI1=0 DI2=0 DI3=0 water=80.0
[Process] DO0=0 pumpRunning=0 frequencyHz=40.0 flow=0.00 PT01=18.00 PT05=15.12 MV1Feedback=20.00 DO1=0 DO2=0 DO3=0 makeupRunning=0 DO4=0 DI0=1 DI1=0 DI2=0 DI3=0 water=80.0
[Process] DO0=0 pumpRunning=0 frequencyHz=40.0 flow=0.00 PT01=18.00 PT05=15.12 MV1Feedback=20.00 DO1=0 DO2=0 DO3=0 makeupRunning=0 DO4=0 DI0=1 DI1=0 DI2=0 DI3=0 water=80.0
[Process] DO0=0 pumpRunning=0 frequencyHz=40.0 flow=0.00 PT01=18.00 PT05=15.12 MV1Feedback=20.00 DO1=0 DO2=0 DO3=0 makeupRunning=0 DO4=0 DI0=1 DI1=0 DI2=0 DI3=0 water=80.0
[Process] DO0=0 pumpRunning=0 frequencyHz=40.0 flow=0.00 PT01=18.00 PT05=15.12 MV1Feedback=20.00 DO1=0 DO2=0 DO3=0 makeupRunning=0 DO4=0 DI0=1 DI1=0 DI2=0 DI3=0 water=80.0
[Process] DO0=0 pumpRunning=0 frequencyHz=40.0 flow=0.00 PT01=18.00 PT05=15.12 MV1Feedback=20.00 DO1=0 DO2=0 DO3=0 makeupRunning=0 DO4=0 DI0=1 DI1=0 DI2=0 DI3=0 water=80.0
[Process] DO0=0 pumpRunning=0 frequencyHz=40.0 flow=0.00 PT01=18.00 PT05=15.12 MV1Feedback=20.00 DO1=0 DO2=0 DO3=0 makeupRunning=0 DO4=0 DI0=1 DI1=0 DI2=0 DI3=0 water=80.0
[Process] DO0=0 pumpRunning=0 frequencyHz=40.0 flow=0.00 PT01=18.00 PT05=15.12 MV1Feedback=20.00 DO1=0 DO2=0 DO3=0 makeupRunning=0 DO4=0 DI0=1 DI1=0 DI2=0 DI3=0 water=80.0
[Process] DO0=0 pumpRunning=0 frequencyHz=40.0 flow=0.00 PT01=18.00 PT05=15.12 MV1Feedback=20.00 DO1=0 DO2=0 DO3=0 makeupRunning=0 DO4=0 DI0=1 DI1=0 DI2=0 DI3=0 water=80.0
[Process] DO0=0 pumpRunning=0 frequencyHz=40.0 flow=0.00 PT01=18.00 PT05=15.12 MV1Feedback=20.00 DO1=0 DO2=0 DO3=0 makeupRunning=0 DO4=0 DI0=1 DI1=0 DI2=0 DI3=0 water=80.0
[Process] DO0=0 pumpRunning=0 frequencyHz=40.0 flow=0.00 PT01=18.00 PT05=15.12 MV1Feedback=20.00 DO1=0 DO2=0 DO3=0 makeupRunning=0 DO4=0 DI0=1 DI1=0 DI2=0 DI3=0 water=80.0
[Process] DO0=0 pumpRunning=0 frequencyHz=40.0 flow=0.00 PT01=18.00 PT05=15.12 MV1Feedback=20.00 DO1=0 DO2=0 DO3=0 makeupRunning=0 DO4=0 DI0=1 DI1=0 DI2=0 DI3=0 water=80.0
[Process] DO0=0 pumpRunning=0 frequencyHz=40.0 flow=0.00 PT01=18.00 PT05=15.12 MV1Feedback=20.00 DO1=0 DO2=0 DO3=0 makeupRunning=0 DO4=0 DI0=1 DI1=0 DI2=0 DI3=0 water=80.0
[Process] DO0=0 pumpRunning=0 frequencyHz=40.0 flow=0.00 PT01=18.00 PT05=15.12 MV1Feedback=20.00 DO1=0 DO2=0 DO3=0 makeupRunning=0 DO4=0 DI0=1 DI1=0 DI2=0 DI3=0 water=80.0
[Process] DO0=0 pumpRunning=0 frequencyHz=40.0 flow=0.00 PT01=18.00 PT05=15.12 MV1Feedback=20.00 DO1=0 DO2=0 DO3=0 makeupRunning=0 DO4=0 DI0=1 DI1=0 DI2=0 DI3=0 water=80.0
[Process] DO0=0 pumpRunning=0 frequencyHz=40.0 flow=0.00 PT01=18.00 PT05=15.12 MV1Feedback=20.00 DO1=0 DO2=0 DO3=0 makeupRunning=0 DO4=0 DI0=1 DI1=0 DI2=0 DI3=0 water=80.0
[Process] DO0=0 pumpRunning=0 frequencyHz=40.0 flow=0.00 PT01=18.00 PT05=15.12 MV1Feedback=20.00 DO1=0 DO2=0 DO3=0 makeupRunning=0 DO4=0 DI0=1 DI1=0 DI2=0 DI3=0 water=80.0
[Process] DO0=0 pumpRunning=0 frequencyHz=40.0 flow=0.00 PT01=18.00 PT05=15.12 MV1Feedback=20.00 DO1=0 DO2=0 DO3=0 makeupRunning=0 DO4=0 DI0=1 DI1=0 DI2=0 DI3=0 water=80.0
[Process] DO0=0 pumpRunning=0 frequencyHz=40.0 flow=0.00 PT01=18.00 PT05=15.12 MV1Feedback=20.00 DO1=0 DO2=0 DO3=0 makeupRunning=0 DO4=0 DI0=1 DI1=0 DI2=0 DI3=0 water=80.0
[Process] DO0=0 pumpRunning=0 frequencyHz=40.0 flow=0.00 PT01=18.00 PT05=15.12 MV1Feedback=20.00 DO1=0 DO2=0 DO3=0 makeupRunning=0 DO4=0 DI0=1 DI1=0 DI2=0 DI3=0 water=80.0
[Process] DO0=0 pumpRunning=0 frequencyHz=40.0 flow=0.00 PT01=18.00 PT05=15.12 MV1Feedback=20.00 DO1=0 DO2=0 DO3=0 makeupRunning=0 DO4=0 DI0=1 DI1=0 DI2=0 DI3=0 water=80.0
[Process] DO0=0 pumpRunning=0 frequencyHz=40.0 flow=0.00 PT01=18.00 PT05=15.12 MV1Feedback=20.00 DO1=0 DO2=0 DO3=0 makeupRunning=0 DO4=0 DI0=1 DI1=0 DI2=0 DI3=0 water=80.0
[Process] DO0=0 pumpRunning=0 frequencyHz=40.0 flow=0.00 PT01=18.00 PT05=15.12 MV1Feedback=20.00 DO1=0 DO2=0 DO3=0 makeupRunning=0 DO4=0 DI0=1 DI1=0 DI2=0 DI3=0 water=80.0
[Process] DO0=0 pumpRunning=0 frequencyHz=40.0 flow=0.00 PT01=18.00 PT05=15.12 MV1Feedback=20.00 DO1=0 DO2=0 DO3=0 makeupRunning=0 DO4=0 DI0=1 DI1=0 DI2=0 DI3=0 water=80.0
[Process] DO0=0 pumpRunning=0 frequencyHz=40.0 flow=0.00 PT01=18.00 PT05=15.12 MV1Feedback=20.00 DO1=0 DO2=0 DO3=0 makeupRunning=0 DO4=0 DI0=1 DI1=0 DI2=0 DI3=0 water=80.0
[Process] DO0=0 pumpRunning=0 frequencyHz=40.0 flow=0.00 PT01=18.00 PT05=15.12 MV1Feedback=20.00 DO1=0 DO2=0 DO3=0 makeupRunning=0 DO4=0 DI0=1 DI1=0 DI2=0 DI3=0 water=80.0
[Process] DO0=0 pumpRunning=0 frequencyHz=40.0 flow=0.00 PT01=18.00 PT05=15.12 MV1Feedback=20.00 DO1=0 DO2=0 DO3=0 makeupRunning=0 DO4=0 DI0=1 DI1=0 DI2=0 DI3=0 water=80.0
[Process] DO0=0 pumpRunning=0 frequencyHz=40.0 flow=0.00 PT01=18.00 PT05=15.12 MV1Feedback=20.00 DO1=0 DO2=0 DO3=0 makeupRunning=0 DO4=0 DI0=1 DI1=0 DI2=0 DI3=0 water=80.0
[Process] DO0=0 pumpRunning=0 frequencyHz=40.0 flow=0.00 PT01=18.00 PT05=15.12 MV1Feedback=20.00 DO1=0 DO2=0 DO3=0 makeupRunning=0 DO4=0 DI0=1 DI1=0 DI2=0 DI3=0 water=80.0
[Process] DO0=0 pumpRunning=0 frequencyHz=40.0 flow=0.00 PT01=18.00 PT05=15.12 MV1Feedback=20.00 DO1=0 DO2=0 DO3=0 makeupRunning=0 DO4=0 DI0=1 DI1=0 DI2=0 DI3=0 water=80.0
[Process] DO0=0 pumpRunning=0 frequencyHz=40.0 flow=0.00 PT01=18.00 PT05=15.12 MV1Feedback=20.00 DO1=0 DO2=0 DO3=0 makeupRunning=0 DO4=0 DI0=1 DI1=0 DI2=0 DI3=0 water=80.0
[Process] DO0=0 pumpRunning=0 frequencyHz=40.0 flow=0.00 PT01=18.00 PT05=15.12 MV1Feedback=20.00 DO1=0 DO2=0 DO3=0 makeupRunning=0 DO4=0 DI0=1 DI1=0 DI2=0 DI3=0 water=80.0
[Process] DO0=0 pumpRunning=0 frequencyHz=40.0 flow=0.00 PT01=18.00 PT05=15.12 MV1Feedback=20.00 DO1=0 DO2=0 DO3=0 makeupRunning=0 DO4=0 DI0=1 DI1=0 DI2=0 DI3=0 water=80.0
[Process] DO0=0 pumpRunning=0 frequencyHz=40.0 flow=0.00 PT01=18.00 PT05=15.12 MV1Feedback=20.00 DO1=0 DO2=0 DO3=0 makeupRunning=0 DO4=0 DI0=1 DI1=0 DI2=0 DI3=0 water=80.0
[Process] DO0=0 pumpRunning=0 frequencyHz=40.0 flow=0.00 PT01=18.00 PT05=15.12 MV1Feedback=20.00 DO1=0 DO2=0 DO3=0 makeupRunning=0 DO4=0 DI0=1 DI1=0 DI2=0 DI3=0 water=80.0
[Process] DO0=0 pumpRunning=0 frequencyHz=40.0 flow=0.00 PT01=18.00 PT05=15.12 MV1Feedback=20.00 DO1=0 DO2=0 DO3=0 makeupRunning=0 DO4=0 DI0=1 DI1=0 DI2=0 DI3=0 water=80.0
[Process] DO0=0 pumpRunning=0 frequencyHz=40.0 flow=0.00 PT01=18.00 PT05=15.12 MV1Feedback=20.00 DO1=0 DO2=0 DO3=0 makeupRunning=0 DO4=0 DI0=1 DI1=0 DI2=0 DI3=0 water=80.0
[Process] DO0=0 pumpRunning=0 frequencyHz=40.0 flow=0.00 PT01=18.00 PT05=15.12 MV1Feedback=20.00 DO1=0 DO2=0 DO3=0 makeupRunning=0 DO4=0 DI0=1 DI1=0 DI2=0 DI3=0 water=80.0
[Process] DO0=0 pumpRunning=0 frequencyHz=40.0 flow=0.00 PT01=18.00 PT05=15.12 MV1Feedback=20.00 DO1=0 DO2=0 DO3=0 makeupRunning=0 DO4=0 DI0=1 DI1=0 DI2=0 DI3=0 water=80.0
[Process] DO0=0 pumpRunning=0 frequencyHz=40.0 flow=0.00 PT01=18.00 PT05=15.12 MV1Feedback=20.00 DO1=0 DO2=0 DO3=0 makeupRunning=0 DO4=0 DI0=1 DI1=0 DI2=0 DI3=0 water=80.0
[Process] DO0=0 pumpRunning=0 frequencyHz=40.0 flow=0.00 PT01=18.00 PT05=15.12 MV1Feedback=20.00 DO1=0 DO2=0 DO3=0 makeupRunning=0 DO4=0 DI0=1 DI1=0 DI2=0 DI3=0 water=80.0
[Process] DO0=0 pumpRunning=0 frequencyHz=40.0 flow=0.00 PT01=18.00 PT05=15.12 MV1Feedback=20.00 DO1=0 DO2=0 DO3=0 makeupRunning=0 DO4=0 DI0=1 DI1=0 DI2=0 DI3=0 water=80.0
[Process] DO0=0 pumpRunning=0 frequencyHz=40.0 flow=0.00 PT01=18.00 PT05=15.12 MV1Feedback=20.00 DO1=0 DO2=0 DO3=0 makeupRunning=0 DO4=0 DI0=1 DI1=0 DI2=0 DI3=0 water=80.0
[Process] DO0=0 pumpRunning=0 frequencyHz=40.0 flow=0.00 PT01=18.00 PT05=15.12 MV1Feedback=20.00 DO1=0 DO2=0 DO3=0 makeupRunning=0 DO4=0 DI0=1 DI1=0 DI2=0 DI3=0 water=80.0
[Process] DO0=0 pumpRunning=0 frequencyHz=40.0 flow=0.00 PT01=18.00 PT05=15.12 MV1Feedback=20.00 DO1=0 DO2=0 DO3=0 makeupRunning=0 DO4=0 DI0=1 DI1=0 DI2=0 DI3=0 water=80.0
[Process] DO0=0 pumpRunning=0 frequencyHz=40.0 flow=0.00 PT01=18.00 PT05=15.12 MV1Feedback=20.00 DO1=0 DO2=0 DO3=0 makeupRunning=0 DO4=0 DI0=1 DI1=0 DI2=0 DI3=0 water=80.0
[Process] DO0=0 pumpRunning=0 frequencyHz=40.0 flow=0.00 PT01=18.00 PT05=15.12 MV1Feedback=20.00 DO1=0 DO2=0 DO3=0 makeupRunning=0 DO4=0 DI0=1 DI1=0 DI2=0 DI3=0 water=80.0
[Process] DO0=0 pumpRunning=0 frequencyHz=40.0 flow=0.00 PT01=18.00 PT05=15.12 MV1Feedback=20.00 DO1=0 DO2=0 DO3=0 makeupRunning=0 DO4=0 DI0=1 DI1=0 DI2=0 DI3=0 water=80.0
[Process] DO0=0 pumpRunning=0 frequencyHz=40.0 flow=0.00 PT01=18.00 PT05=15.12 MV1Feedback=20.00 DO1=0 DO2=0 DO3=0 makeupRunning=0 DO4=0 DI0=1 DI1=0 DI2=0 DI3=0 water=80.0
[Process] DO0=0 pumpRunning=0 frequencyHz=40.0 flow=0.00 PT01=18.00 PT05=15.12 MV1Feedback=20.00 DO1=0 DO2=0 DO3=0 makeupRunning=0 DO4=0 DI0=1 DI1=0 DI2=0 DI3=0 water=80.0
[Process] DO0=0 pumpRunning=0 frequencyHz=40.0 flow=0.00 PT01=18.00 PT05=15.12 MV1Feedback=20.00 DO1=0 DO2=0 DO3=0 makeupRunning=0 DO4=0 DI0=1 DI1=0 DI2=0 DI3=0 water=80.0
[Process] DO0=0 pumpRunning=0 frequencyHz=40.0 flow=0.00 PT01=18.00 PT05=15.12 MV1Feedback=20.00 DO1=0 DO2=0 DO3=0 makeupRunning=0 DO4=0 DI0=1 DI1=0 DI2=0 DI3=0 water=80.0
[Process] DO0=0 pumpRunning=0 frequencyHz=40.0 flow=0.00 PT01=18.00 PT05=15.12 MV1Feedback=20.00 DO1=0 DO2=0 DO3=0 makeupRunning=0 DO4=0 DI0=1 DI1=0 DI2=0 DI3=0 water=80.0
[Process] DO0=0 pumpRunning=0 frequencyHz=40.0 flow=0.00 PT01=18.00 PT05=15.12 MV1Feedback=20.00 DO1=0 DO2=0 DO3=0 makeupRunning=0 DO4=0 DI0=1 DI1=0 DI2=0 DI3=0 water=80.0
[Process] DO0=0 pumpRunning=0 frequencyHz=40.0 flow=0.00 PT01=18.00 PT05=15.12 MV1Feedback=20.00 DO1=0 DO2=0 DO3=0 makeupRunning=0 DO4=0 DI0=1 DI1=0 DI2=0 DI3=0 water=80.0
[Process] DO0=0 pumpRunning=0 frequencyHz=40.0 flow=0.00 PT01=18.00 PT05=15.12 MV1Feedback=20.00 DO1=0 DO2=0 DO3=0 makeupRunning=0 DO4=0 DI0=1 DI1=0 DI2=0 DI3=0 water=80.0
[Process] DO0=0 pumpRunning=0 frequencyHz=40.0 flow=0.00 PT01=18.00 PT05=15.12 MV1Feedback=20.00 DO1=0 DO2=0 DO3=0 makeupRunning=0 DO4=0 DI0=1 DI1=0 DI2=0 DI3=0 water=80.0
[Process] DO0=0 pumpRunning=0 frequencyHz=40.0 flow=0.00 PT01=18.00 PT05=15.12 MV1Feedback=20.00 DO1=0 DO2=0 DO3=0 makeupRunning=0 DO4=0 DI0=1 DI1=0 DI2=0 DI3=0 water=80.0
[Process] DO0=0 pumpRunning=0 frequencyHz=40.0 flow=0.00 PT01=18.00 PT05=15.12 MV1Feedback=20.00 DO1=0 DO2=0 DO3=0 makeupRunning=0 DO4=0 DI0=1 DI1=0 DI2=0 DI3=0 water=80.0
[Process] DO0=0 pumpRunning=0 frequencyHz=40.0 flow=0.00 PT01=18.00 PT05=15.12 MV1Feedback=20.00 DO1=0 DO2=0 DO3=0 makeupRunning=0 DO4=0 DI0=1 DI1=0 DI2=0 DI3=0 water=80.0
[Process] DO0=0 pumpRunning=0 frequencyHz=40.0 flow=0.00 PT01=18.00 PT05=15.12 MV1Feedback=20.00 DO1=0 DO2=0 DO3=0 makeupRunning=0 DO4=0 DI0=1 DI1=0 DI2=0 DI3=0 water=80.0
[Process] DO0=0 pumpRunning=0 frequencyHz=40.0 flow=0.00 PT01=18.00 PT05=15.12 MV1Feedback=20.00 DO1=0 DO2=0 DO3=0 makeupRunning=0 DO4=0 DI0=1 DI1=0 DI2=0 DI3=0 water=80.0
[Process] DO0=0 pumpRunning=0 frequencyHz=40.0 flow=0.00 PT01=18.00 PT05=15.12 MV1Feedback=20.00 DO1=0 DO2=0 DO3=0 makeupRunning=0 DO4=0 DI0=1 DI1=0 DI2=0 DI3=0 water=80.0
[Process] DO0=0 pumpRunning=0 frequencyHz=40.0 flow=0.00 PT01=18.00 PT05=15.12 MV1Feedback=20.00 DO1=0 DO2=0 DO3=0 makeupRunning=0 DO4=0 DI0=1 DI1=0 DI2=0 DI3=0 water=80.0
[Process] DO0=0 pumpRunning=0 frequencyHz=40.0 flow=0.00 PT01=18.00 PT05=15.12 MV1Feedback=20.00 DO1=0 DO2=0 DO3=0 makeupRunning=0 DO4=0 DI0=1 DI1=0 DI2=0 DI3=0 water=80.0
[Process] DO0=0 pumpRunning=0 frequencyHz=40.0 flow=0.00 PT01=18.00 PT05=15.12 MV1Feedback=20.00 DO1=0 DO2=0 DO3=0 makeupRunning=0 DO4=0 DI0=1 DI1=0 DI2=0 DI3=0 water=80.0
[Process] DO0=0 pumpRunning=0 frequencyHz=40.0 flow=0.00 PT01=18.00 PT05=15.12 MV1Feedback=20.00 DO1=0 DO2=0 DO3=0 makeupRunning=0 DO4=0 DI0=1 DI1=0 DI2=0 DI3=0 water=80.0
[Process] DO0=0 pumpRunning=0 frequencyHz=40.0 flow=0.00 PT01=18.00 PT05=15.12 MV1Feedback=20.00 DO1=0 DO2=0 DO3=0 makeupRunning=0 DO4=0 DI0=1 DI1=0 DI2=0 DI3=0 water=80.0
[Process] DO0=0 pumpRunning=0 frequencyHz=40.0 flow=0.00 PT01=18.00 PT05=15.12 MV1Feedback=20.00 DO1=0 DO2=0 DO3=0 makeupRunning=0 DO4=0 DI0=1 DI1=0 DI2=0 DI3=0 water=80.0
[Process] DO0=0 pumpRunning=0 frequencyHz=40.0 flow=0.00 PT01=18.00 PT05=15.12 MV1Feedback=20.00 DO1=0 DO2=0 DO3=0 makeupRunning=0 DO4=0 DI0=1 DI1=0 DI2=0 DI3=0 water=80.0
[Process] DO0=0 pumpRunning=0 frequencyHz=40.0 flow=0.00 PT01=18.00 PT05=15.12 MV1Feedback=20.00 DO1=0 DO2=0 DO3=0 makeupRunning=0 DO4=0 DI0=1 DI1=0 DI2=0 DI3=0 water=80.0
[Process] DO0=0 pumpRunning=0 frequencyHz=40.0 flow=0.00 PT01=18.00 PT05=15.12 MV1Feedback=20.00 DO1=0 DO2=0 DO3=0 makeupRunning=0 DO4=0 DI0=1 DI1=0 DI2=0 DI3=0 water=80.0
[Process] DO0=0 pumpRunning=0 frequencyHz=40.0 flow=0.00 PT01=18.00 PT05=15.12 MV1Feedback=20.00 DO1=0 DO2=0 DO3=0 makeupRunning=0 DO4=0 DI0=1 DI1=0 DI2=0 DI3=0 water=80.0
[Process] DO0=0 pumpRunning=0 frequencyHz=40.0 flow=0.00 PT01=18.00 PT05=15.12 MV1Feedback=20.00 DO1=0 DO2=0 DO3=0 makeupRunning=0 DO4=0 DI0=1 DI1=0 DI2=0 DI3=0 water=80.0
[Process] DO0=0 pumpRunning=0 frequencyHz=40.0 flow=0.00 PT01=18.00 PT05=15.12 MV1Feedback=20.00 DO1=0 DO2=0 DO3=0 makeupRunning=0 DO4=0 DI0=1 DI1=0 DI2=0 DI3=0 water=80.0
[Process] DO0=0 pumpRunning=0 frequencyHz=40.0 flow=0.00 PT01=18.00 PT05=15.12 MV1Feedback=20.00 DO1=0 DO2=0 DO3=0 makeupRunning=0 DO4=0 DI0=1 DI1=0 DI2=0 DI3=0 water=80.0
[Process] DO0=0 pumpRunning=0 frequencyHz=40.0 flow=0.00 PT01=18.00 PT05=15.12 MV1Feedback=20.00 DO1=0 DO2=0 DO3=0 makeupRunning=0 DO4=0 DI0=1 DI1=0 DI2=0 DI3=0 water=80.0
[Process] DO0=0 pumpRunning=0 frequencyHz=40.0 flow=0.00 PT01=18.00 PT05=15.12 MV1Feedback=20.00 DO1=0 DO2=0 DO3=0 makeupRunning=0 DO4=0 DI0=1 DI1=0 DI2=0 DI3=0 water=80.0
[Process] DO0=0 pumpRunning=0 frequencyHz=40.0 flow=0.00 PT01=18.00 PT05=15.12 MV1Feedback=20.00 DO1=0 DO2=0 DO3=0 makeupRunning=0 DO4=0 DI0=1 DI1=0 DI2=0 DI3=0 water=80.0
[Process] DO0=0 pumpRunning=0 frequencyHz=40.0 flow=0.00 PT01=18.00 PT05=15.12 MV1Feedback=20.00 DO1=0 DO2=0 DO3=0 makeupRunning=0 DO4=0 DI0=1 DI1=0 DI2=0 DI3=0 water=80.0
[Process] DO0=0 pumpRunning=0 frequencyHz=40.0 flow=0.00 PT01=18.00 PT05=15.12 MV1Feedback=20.00 DO1=0 DO2=0 DO3=0 makeupRunning=0 DO4=0 DI0=1 DI1=0 DI2=0 DI3=0 water=80.0
[Process] DO0=0 pumpRunning=0 frequencyHz=40.0 flow=0.00 PT01=18.00 PT05=15.12 MV1Feedback=20.00 DO1=0 DO2=0 DO3=0 makeupRunning=0 DO4=0 DI0=1 DI1=0 DI2=0 DI3=0 water=80.0
[Process] DO0=0 pumpRunning=0 frequencyHz=40.0 flow=0.00 PT01=18.00 PT05=15.12 MV1Feedback=20.00 DO1=0 DO2=0 DO3=0 makeupRunning=0 DO4=0 DI0=1 DI1=0 DI2=0 DI3=0 water=80.0
[Process] DO0=0 pumpRunning=0 frequencyHz=40.0 flow=0.00 PT01=18.00 PT05=15.12 MV1Feedback=20.00 DO1=0 DO2=0 DO3=0 makeupRunning=0 DO4=0 DI0=1 DI1=0 DI2=0 DI3=0 water=80.0
[Process] DO0=0 pumpRunning=0 frequencyHz=40.0 flow=0.00 PT01=18.00 PT05=15.12 MV1Feedback=20.00 DO1=0 DO2=0 DO3=0 makeupRunning=0 DO4=0 DI0=1 DI1=0 DI2=0 DI3=0 water=80.0
[Process] DO0=0 pumpRunning=0 frequencyHz=40.0 flow=0.00 PT01=18.00 PT05=15.12 MV1Feedback=20.00 DO1=0 DO2=0 DO3=0 makeupRunning=0 DO4=0 DI0=1 DI1=0 DI2=0 DI3=0 water=80.0
[Process] DO0=0 pumpRunning=0 frequencyHz=40.0 flow=0.00 PT01=18.00 PT05=15.12 MV1Feedback=20.00 DO1=0 DO2=0 DO3=0 makeupRunning=0 DO4=0 DI0=1 DI1=0 DI2=0 DI3=0 water=80.0
[Process] DO0=0 pumpRunning=0 frequencyHz=40.0 flow=0.00 PT01=18.00 PT05=15.12 MV1Feedback=20.00 DO1=0 DO2=0 DO3=0 makeupRunning=0 DO4=0 DI0=1 DI1=0 DI2=0 DI3=0 water=80.0
[Process] DO0=0 pumpRunning=0 frequencyHz=40.0 flow=0.00 PT01=18.00 PT05=15.12 MV1Feedback=20.00 DO1=0 DO2=0 DO3=0 makeupRunning=0 DO4=0 DI0=1 DI1=0 DI2=0 DI3=0 water=80.0
[Process] DO0=0 pumpRunning=0 frequencyHz=40.0 flow=0.00 PT01=18.00 PT05=15.12 MV1Feedback=20.00 DO1=0 DO2=0 DO3=0 makeupRunning=0 DO4=0 DI0=1 DI1=0 DI2=0 DI3=0 water=80.0
[Process] DO0=0 pumpRunning=0 frequencyHz=40.0 flow=0.00 PT01=18.00 PT05=15.12 MV1Feedback=20.00 DO1=0 DO2=0 DO3=0 makeupRunning=0 DO4=0 DI0=1 DI1=0 DI2=0 DI3=0 water=80.0
[Process] DO0=0 pumpRunning=0 frequencyHz=40.0 flow=0.00 PT01=18.00 PT05=15.12 MV1Feedback=20.00 DO1=0 DO2=0 DO3=0 makeupRunning=0 DO4=0 DI0=1 DI1=0 DI2=0 DI3=0 water=80.0
[Process] DO0=0 pumpRunning=0 frequencyHz=40.0 flow=0.00 PT01=18.00 PT05=15.12 MV1Feedback=20.00 DO1=0 DO2=0 DO3=0 makeupRunning=0 DO4=0 DI0=1 DI1=0 DI2=0 DI3=0 water=80.0
[Process] DO0=0 pumpRunning=0 frequencyHz=40.0 flow=0.00 PT01=18.00 PT05=15.12 MV1Feedback=20.00 DO1=0 DO2=0 DO3=0 makeupRunning=0 DO4=0 DI0=1 DI1=0 DI2=0 DI3=0 water=80.0
[Process] DO0=0 pumpRunning=0 frequencyHz=40.0 flow=0.00 PT01=18.00 PT05=15.12 MV1Feedback=20.00 DO1=0 DO2=0 DO3=0 makeupRunning=0 DO4=0 DI0=1 DI1=0 DI2=0 DI3=0 water=80.0
[Process] DO0=0 pumpRunning=0 frequencyHz=40.0 flow=0.00 PT01=18.00 PT05=15.12 MV1Feedback=20.00 DO1=0 DO2=0 DO3=0 makeupRunning=0 DO4=0 DI0=1 DI1=0 DI2=0 DI3=0 water=80.0
[Process] DO0=0 pumpRunning=0 frequencyHz=40.0 flow=0.00 PT01=18.00 PT05=15.12 MV1Feedback=20.00 DO1=0 DO2=0 DO3=0 makeupRunning=0 DO4=0 DI0=1 DI1=0 DI2=0 DI3=0 water=80.0
[Process] DO0=0 pumpRunning=0 frequencyHz=40.0 flow=0.00 PT01=18.00 PT05=15.12 MV1Feedback=20.00 DO1=0 DO2=0 DO3=0 makeupRunning=0 DO4=0 DI0=1 DI1=0 DI2=0 DI3=0 water=80.0
[Process] DO0=0 pumpRunning=0 frequencyHz=40.0 flow=0.00 PT01=18.00 PT05=15.12 MV1Feedback=20.00 DO1=0 DO2=0 DO3=0 makeupRunning=0 DO4=0 DI0=1 DI1=0 DI2=0 DI3=0 water=80.0
[Process] DO0=0 pumpRunning=0 frequencyHz=40.0 flow=0.00 PT01=18.00 PT05=15.12 MV1Feedback=20.00 DO1=0 DO2=0 DO3=0 makeupRunning=0 DO4=0 DI0=1 DI1=0 DI2=0 DI3=0 water=80.0
[Process] DO0=0 pumpRunning=0 frequencyHz=40.0 flow=0.00 PT01=18.00 PT05=15.12 MV1Feedback=20.00 DO1=0 DO2=0 DO3=0 makeupRunning=0 DO4=0 DI0=1 DI1=0 DI2=0 DI3=0 water=80.0
[Process] DO0=0 pumpRunning=0 frequencyHz=40.0 flow=0.00 PT01=18.00 PT05=15.12 MV1Feedback=20.00 DO1=0 DO2=0 DO3=0 makeupRunning=0 DO4=0 DI0=1 DI1=0 DI2=0 DI3=0 water=80.0
[Process] DO0=0 pumpRunning=0 frequencyHz=40.0 flow=0.00 PT01=18.00 PT05=15.12 MV1Feedback=20.00 DO1=0 DO2=0 DO3=0 makeupRunning=0 DO4=0 DI0=1 DI1=0 DI2=0 DI3=0 water=80.0
[16:28:53] Core → ADAM-6256：Coil offset 19 = [1]（DO3 補水泵 ON）
[16:28:53] 補水泵運轉（DO3=1），系統水量上升
[Process] DO0=0 pumpRunning=0 frequencyHz=40.0 flow=0.00 PT01=18.05 PT05=15.16 MV1Feedback=20.00 DO1=0 DO2=0 DO3=1 makeupRunning=1 DO4=0 DI0=1 DI1=0 DI2=0 DI3=0 water=80.8
[Process] DO0=0 pumpRunning=0 frequencyHz=40.0 flow=0.00 PT01=18.15 PT05=15.25 MV1Feedback=20.00 DO1=0 DO2=0 DO3=1 makeupRunning=1 DO4=0 DI0=1 DI1=0 DI2=0 DI3=0 water=81.6
[Process] DO0=0 pumpRunning=0 frequencyHz=40.0 flow=0.00 PT01=18.28 PT05=15.36 MV1Feedback=20.00 DO1=0 DO2=0 DO3=1 makeupRunning=1 DO4=0 DI0=1 DI1=0 DI2=0 DI3=0 water=82.4
[Process] DO0=0 pumpRunning=0 frequencyHz=40.0 flow=0.00 PT01=18.44 PT05=15.49 MV1Feedback=20.00 DO1=0 DO2=0 DO3=1 makeupRunning=1 DO4=0 DI0=1 DI1=0 DI2=0 DI3=0 water=83.2
[Process] DO0=0 pumpRunning=0 frequencyHz=40.0 flow=0.00 PT01=18.60 PT05=15.62 MV1Feedback=20.00 DO1=0 DO2=0 DO3=1 makeupRunning=1 DO4=0 DI0=1 DI1=0 DI2=0 DI3=0 water=84.0
[Process] DO0=0 pumpRunning=0 frequencyHz=40.0 flow=0.00 PT01=18.77 PT05=15.77 MV1Feedback=20.00 DO1=0 DO2=0 DO3=1 makeupRunning=1 DO4=0 DI0=1 DI1=0 DI2=0 DI3=0 water=84.8
[Process] DO0=0 pumpRunning=0 frequencyHz=40.0 flow=0.00 PT01=18.94 PT05=15.91 MV1Feedback=20.00 DO1=0 DO2=0 DO3=1 makeupRunning=1 DO4=0 DI0=1 DI1=0 DI2=0 DI3=0 water=85.6
[Process] DO0=0 pumpRunning=0 frequencyHz=40.0 flow=0.00 PT01=19.12 PT05=16.06 MV1Feedback=20.00 DO1=0 DO2=0 DO3=1 makeupRunning=1 DO4=0 DI0=1 DI1=0 DI2=0 DI3=0 water=86.4
[Process] DO0=0 pumpRunning=0 frequencyHz=40.0 flow=0.00 PT01=19.30 PT05=16.21 MV1Feedback=20.00 DO1=0 DO2=0 DO3=1 makeupRunning=1 DO4=0 DI0=1 DI1=0 DI2=0 DI3=0 water=87.2
[Process] DO0=0 pumpRunning=0 frequencyHz=40.0 flow=0.00 PT01=19.48 PT05=16.36 MV1Feedback=20.00 DO1=0 DO2=0 DO3=1 makeupRunning=1 DO4=0 DI0=1 DI1=0 DI2=0 DI3=0 water=88.0
[Process] DO0=0 pumpRunning=0 frequencyHz=40.0 flow=0.00 PT01=19.66 PT05=16.51 MV1Feedback=20.00 DO1=0 DO2=0 DO3=1 makeupRunning=1 DO4=0 DI0=1 DI1=0 DI2=0 DI3=0 water=88.8
[Process] DO0=0 pumpRunning=0 frequencyHz=40.0 flow=0.00 PT01=19.84 PT05=16.66 MV1Feedback=20.00 DO1=0 DO2=0 DO3=1 makeupRunning=1 DO4=0 DI0=1 DI1=0 DI2=0 DI3=0 water=89.6
[Process] DO0=0 pumpRunning=0 frequencyHz=40.0 flow=0.00 PT01=20.02 PT05=16.81 MV1Feedback=20.00 DO1=0 DO2=0 DO3=1 makeupRunning=1 DO4=0 DI0=1 DI1=0 DI2=0 DI3=0 water=90.4
[Process] DO0=0 pumpRunning=0 frequencyHz=40.0 flow=0.00 PT01=20.20 PT05=16.96 MV1Feedback=20.00 DO1=0 DO2=0 DO3=1 makeupRunning=1 DO4=0 DI0=1 DI1=0 DI2=0 DI3=0 water=91.2
[Process] DO0=0 pumpRunning=0 frequencyHz=40.0 flow=0.00 PT01=20.38 PT05=17.12 MV1Feedback=20.00 DO1=0 DO2=0 DO3=1 makeupRunning=1 DO4=0 DI0=1 DI1=0 DI2=0 DI3=0 water=92.0
[Process] DO0=0 pumpRunning=0 frequencyHz=40.0 flow=0.00 PT01=20.56 PT05=17.27 MV1Feedback=20.00 DO1=0 DO2=0 DO3=1 makeupRunning=1 DO4=0 DI0=1 DI1=0 DI2=0 DI3=0 water=92.8
[Process] DO0=0 pumpRunning=0 frequencyHz=40.0 flow=0.00 PT01=20.74 PT05=17.42 MV1Feedback=20.00 DO1=0 DO2=0 DO3=1 makeupRunning=1 DO4=0 DI0=1 DI1=0 DI2=0 DI3=0 water=93.6
[Process] DO0=0 pumpRunning=0 frequencyHz=40.0 flow=0.00 PT01=20.92 PT05=17.57 MV1Feedback=20.00 DO1=0 DO2=0 DO3=1 makeupRunning=1 DO4=0 DI0=1 DI1=0 DI2=0 DI3=0 water=94.4
[Process] DO0=0 pumpRunning=0 frequencyHz=40.0 flow=0.00 PT01=21.10 PT05=17.72 MV1Feedback=20.00 DO1=0 DO2=0 DO3=1 makeupRunning=1 DO4=0 DI0=1 DI1=0 DI2=0 DI3=0 water=95.2
[Process] DO0=0 pumpRunning=0 frequencyHz=40.0 flow=0.00 PT01=21.28 PT05=17.87 MV1Feedback=20.00 DO1=0 DO2=0 DO3=1 makeupRunning=1 DO4=0 DI0=1 DI1=0 DI2=0 DI3=0 water=96.0
[Process] DO0=0 pumpRunning=0 frequencyHz=40.0 flow=0.00 PT01=21.46 PT05=18.02 MV1Feedback=20.00 DO1=0 DO2=0 DO3=1 makeupRunning=1 DO4=0 DI0=1 DI1=0 DI2=0 DI3=0 water=96.8
[Process] DO0=0 pumpRunning=0 frequencyHz=40.0 flow=0.00 PT01=21.64 PT05=18.17 MV1Feedback=20.00 DO1=0 DO2=0 DO3=1 makeupRunning=1 DO4=0 DI0=1 DI1=0 DI2=0 DI3=0 water=97.6
[Process] DO0=0 pumpRunning=0 frequencyHz=40.0 flow=0.00 PT01=21.82 PT05=18.33 MV1Feedback=20.00 DO1=0 DO2=0 DO3=1 makeupRunning=1 DO4=0 DI0=1 DI1=0 DI2=0 DI3=0 water=98.4
[Process] DO0=0 pumpRunning=0 frequencyHz=40.0 flow=0.00 PT01=22.00 PT05=18.48 MV1Feedback=20.00 DO1=0 DO2=0 DO3=1 makeupRunning=1 DO4=0 DI0=1 DI1=0 DI2=0 DI3=0 water=99.2
[Process] DO0=0 pumpRunning=0 frequencyHz=40.0 flow=0.00 PT01=22.18 PT05=18.63 MV1Feedback=20.00 DO1=0 DO2=0 DO3=1 makeupRunning=1 DO4=0 DI0=1 DI1=0 DI2=0 DI3=0 water=100.0
[Process] DO0=0 pumpRunning=0 frequencyHz=40.0 flow=0.00 PT01=22.31 PT05=18.74 MV1Feedback=20.00 DO1=0 DO2=0 DO3=1 makeupRunning=1 DO4=0 DI0=1 DI1=0 DI2=0 DI3=0 water=100.0
[Process] DO0=0 pumpRunning=0 frequencyHz=40.0 flow=0.00 PT01=22.39 PT05=18.81 MV1Feedback=20.00 DO1=0 DO2=0 DO3=1 makeupRunning=1 DO4=0 DI0=1 DI1=0 DI2=0 DI3=0 water=100.0
[Process] DO0=0 pumpRunning=0 frequencyHz=40.0 flow=0.00 PT01=22.43 PT05=18.84 MV1Feedback=20.00 DO1=0 DO2=0 DO3=1 makeupRunning=1 DO4=0 DI0=1 DI1=0 DI2=0 DI3=0 water=100.0
[Process] DO0=0 pumpRunning=0 frequencyHz=40.0 flow=0.00 PT01=22.46 PT05=18.87 MV1Feedback=20.00 DO1=0 DO2=0 DO3=1 makeupRunning=1 DO4=0 DI0=1 DI1=0 DI2=0 DI3=0 water=100.0
[Process] DO0=0 pumpRunning=0 frequencyHz=40.0 flow=0.00 PT01=22.48 PT05=18.88 MV1Feedback=20.00 DO1=0 DO2=0 DO3=1 makeupRunning=1 DO4=0 DI0=1 DI1=0 DI2=0 DI3=0 water=100.0
[Process] DO0=0 pumpRunning=0 frequencyHz=40.0 flow=0.00 PT01=22.49 PT05=18.89 MV1Feedback=20.00 DO1=0 DO2=0 DO3=1 makeupRunning=1 DO4=0 DI0=1 DI1=0 DI2=0 DI3=0 water=100.0
[Process] DO0=0 pumpRunning=0 frequencyHz=40.0 flow=0.00 PT01=22.49 PT05=18.89 MV1Feedback=20.00 DO1=0 DO2=0 DO3=1 makeupRunning=1 DO4=0 DI0=1 DI1=0 DI2=0 DI3=0 water=100.0
[Process] DO0=0 pumpRunning=0 frequencyHz=40.0 flow=0.00 PT01=22.50 PT05=18.90 MV1Feedback=20.00 DO1=0 DO2=0 DO3=1 makeupRunning=1 DO4=0 DI0=1 DI1=0 DI2=0 DI3=0 water=100.0
[Process] DO0=0 pumpRunning=0 frequencyHz=40.0 flow=0.00 PT01=22.50 PT05=18.90 MV1Feedback=20.00 DO1=0 DO2=0 DO3=1 makeupRunning=1 DO4=0 DI0=1 DI1=0 DI2=0 DI3=0 water=100.0
[Process] DO0=0 pumpRunning=0 frequencyHz=40.0 flow=0.00 PT01=22.50 PT05=18.90 MV1Feedback=20.00 DO1=0 DO2=0 DO3=1 makeupRunning=1 DO4=0 DI0=1 DI1=0 DI2=0 DI3=0 water=100.0
[Process] DO0=0 pumpRunning=0 frequencyHz=40.0 flow=0.00 PT01=22.50 PT05=18.90 MV1Feedback=20.00 DO1=0 DO2=0 DO3=1 makeupRunning=1 DO4=0 DI0=1 DI1=0 DI2=0 DI3=0 water=100.0
[Process] DO0=0 pumpRunning=0 frequencyHz=40.0 flow=0.00 PT01=22.50 PT05=18.90 MV1Feedback=20.00 DO1=0 DO2=0 DO3=1 makeupRunning=1 DO4=0 DI0=1 DI1=0 DI2=0 DI3=0 water=100.0
[Process] DO0=0 pumpRunning=0 frequencyHz=40.0 flow=0.00 PT01=22.50 PT05=18.90 MV1Feedback=20.00 DO1=0 DO2=0 DO3=1 makeupRunning=1 DO4=0 DI0=1 DI1=0 DI2=0 DI3=0 water=100.0
[Process] DO0=0 pumpRunning=0 frequencyHz=40.0 flow=0.00 PT01=22.50 PT05=18.90 MV1Feedback=20.00 DO1=0 DO2=0 DO3=1 makeupRunning=1 DO4=0 DI0=1 DI1=0 DI2=0 DI3=0 water=100.0
[Process] DO0=0 pumpRunning=0 frequencyHz=40.0 flow=0.00 PT01=22.50 PT05=18.90 MV1Feedback=20.00 DO1=0 DO2=0 DO3=1 makeupRunning=1 DO4=0 DI0=1 DI1=0 DI2=0 DI3=0 water=100.0
[Process] DO0=0 pumpRunning=0 frequencyHz=40.0 flow=0.00 PT01=22.50 PT05=18.90 MV1Feedback=20.00 DO1=0 DO2=0 DO3=1 makeupRunning=1 DO4=0 DI0=1 DI1=0 DI2=0 DI3=0 water=100.0
[Process] DO0=0 pumpRunning=0 frequencyHz=40.0 flow=0.00 PT01=22.50 PT05=18.90 MV1Feedback=20.00 DO1=0 DO2=0 DO3=1 makeupRunning=1 DO4=0 DI0=1 DI1=0 DI2=0 DI3=0 water=100.0
[Process] DO0=0 pumpRunning=0 frequencyHz=40.0 flow=0.00 PT01=22.50 PT05=18.90 MV1Feedback=20.00 DO1=0 DO2=0 DO3=1 makeupRunning=1 DO4=0 DI0=1 DI1=0 DI2=0 DI3=0 water=100.0
[Process] DO0=0 pumpRunning=0 frequencyHz=40.0 flow=0.00 PT01=22.50 PT05=18.90 MV1Feedback=20.00 DO1=0 DO2=0 DO3=1 makeupRunning=1 DO4=0 DI0=1 DI1=0 DI2=0 DI3=0 water=100.0
[Process] DO0=0 pumpRunning=0 frequencyHz=40.0 flow=0.00 PT01=22.50 PT05=18.90 MV1Feedback=20.00 DO1=0 DO2=0 DO3=1 makeupRunning=1 DO4=0 DI0=1 DI1=0 DI2=0 DI3=0 water=100.0
[Process] DO0=0 pumpRunning=0 frequencyHz=40.0 flow=0.00 PT01=22.50 PT05=18.90 MV1Feedback=20.00 DO1=0 DO2=0 DO3=1 makeupRunning=1 DO4=0 DI0=1 DI1=0 DI2=0 DI3=0 water=100.0
[Process] DO0=0 pumpRunning=0 frequencyHz=40.0 flow=0.00 PT01=22.50 PT05=18.90 MV1Feedback=20.00 DO1=0 DO2=0 DO3=1 makeupRunning=1 DO4=0 DI0=1 DI1=0 DI2=0 DI3=0 water=100.0
[Process] DO0=0 pumpRunning=0 frequencyHz=40.0 flow=0.00 PT01=22.50 PT05=18.90 MV1Feedback=20.00 DO1=0 DO2=0 DO3=1 makeupRunning=1 DO4=0 DI0=1 DI1=0 DI2=0 DI3=0 water=100.0
[Process] DO0=0 pumpRunning=0 frequencyHz=40.0 flow=0.00 PT01=22.50 PT05=18.90 MV1Feedback=20.00 DO1=0 DO2=0 DO3=1 makeupRunning=1 DO4=0 DI0=1 DI1=0 DI2=0 DI3=0 water=100.0
[Process] DO0=0 pumpRunning=0 frequencyHz=40.0 flow=0.00 PT01=22.50 PT05=18.90 MV1Feedback=20.00 DO1=0 DO2=0 DO3=1 makeupRunning=1 DO4=0 DI0=1 DI1=0 DI2=0 DI3=0 water=100.0
[Process] DO0=0 pumpRunning=0 frequencyHz=40.0 flow=0.00 PT01=22.50 PT05=18.90 MV1Feedback=20.00 DO1=0 DO2=0 DO3=1 makeupRunning=1 DO4=0 DI0=1 DI1=0 DI2=0 DI3=0 water=100.0
[Process] DO0=0 pumpRunning=0 frequencyHz=40.0 flow=0.00 PT01=22.50 PT05=18.90 MV1Feedback=20.00 DO1=0 DO2=0 DO3=1 makeupRunning=1 DO4=0 DI0=1 DI1=0 DI2=0 DI3=0 water=100.0
[Process] DO0=0 pumpRunning=0 frequencyHz=40.0 flow=0.00 PT01=22.50 PT05=18.90 MV1Feedback=20.00 DO1=0 DO2=0 DO3=1 makeupRunning=1 DO4=0 DI0=1 DI1=0 DI2=0 DI3=0 water=100.0
[Process] DO0=0 pumpRunning=0 frequencyHz=40.0 flow=0.00 PT01=22.50 PT05=18.90 MV1Feedback=20.00 DO1=0 DO2=0 DO3=1 makeupRunning=1 DO4=0 DI0=1 DI1=0 DI2=0 DI3=0 water=100.0
[Process] DO0=0 pumpRunning=0 frequencyHz=40.0 flow=0.00 PT01=22.50 PT05=18.90 MV1Feedback=20.00 DO1=0 DO2=0 DO3=1 makeupRunning=1 DO4=0 DI0=1 DI1=0 DI2=0 DI3=0 water=100.0
[Process] DO0=0 pumpRunning=0 frequencyHz=40.0 flow=0.00 PT01=22.50 PT05=18.90 MV1Feedback=20.00 DO1=0 DO2=0 DO3=1 makeupRunning=1 DO4=0 DI0=1 DI1=0 DI2=0 DI3=0 water=100.0
[Process] DO0=0 pumpRunning=0 frequencyHz=40.0 flow=0.00 PT01=22.50 PT05=18.90 MV1Feedback=20.00 DO1=0 DO2=0 DO3=1 makeupRunning=1 DO4=0 DI0=1 DI1=0 DI2=0 DI3=0 water=100.0
[Process] DO0=0 pumpRunning=0 frequencyHz=40.0 flow=0.00 PT01=22.50 PT05=18.90 MV1Feedback=20.00 DO1=0 DO2=0 DO3=1 makeupRunning=1 DO4=0 DI0=1 DI1=0 DI2=0 DI3=0 water=100.0
[Process] DO0=0 pumpRunning=0 frequencyHz=40.0 flow=0.00 PT01=22.50 PT05=18.90 MV1Feedback=20.00 DO1=0 DO2=0 DO3=1 makeupRunning=1 DO4=0 DI0=1 DI1=0 DI2=0 DI3=0 water=100.0
[16:29:53] Core → ADAM-6022：Holding Register offset 10 = [2048]（AO0 變頻器頻率 30.01 Hz）
[16:29:53] Core → ADAM-6256：Coil offset 16 = [1]（DO0 變頻器啟動/循環泵 ON）
[16:29:53] 循環泵運轉（DO0=1，30.0 Hz）
[Process] DO0=1 pumpRunning=1 frequencyHz=30.0 flow=8.30 PT01=177.29 PT05=96.76 MV1Feedback=20.00 DO1=0 DO2=0 DO3=1 makeupRunning=1 DO4=0 DI0=1 DI1=0 DI2=0 DI3=0 water=100.0
[Process] DO0=1 pumpRunning=1 frequencyHz=30.0 flow=14.78 PT01=298.23 PT05=157.59 MV1Feedback=20.00 DO1=0 DO2=0 DO3=1 makeupRunning=1 DO4=0 DI0=1 DI1=0 DI2=0 DI3=0 water=100.0
[Process] DO0=1 pumpRunning=1 frequencyHz=30.0 flow=18.61 PT01=369.64 PT05=193.51 MV1Feedback=20.00 DO1=0 DO2=0 DO3=1 makeupRunning=1 DO4=0 DI0=1 DI1=0 DI2=0 DI3=0 water=100.0
[Process] DO0=1 pumpRunning=1 frequencyHz=30.0 flow=20.87 PT01=411.81 PT05=214.73 MV1Feedback=20.00 DO1=0 DO2=0 DO3=1 makeupRunning=1 DO4=0 DI0=1 DI1=0 DI2=0 DI3=0 water=100.0
[Process] DO0=1 pumpRunning=1 frequencyHz=30.0 flow=22.20 PT01=436.71 PT05=227.25 MV1Feedback=20.00 DO1=0 DO2=0 DO3=1 makeupRunning=1 DO4=0 DI0=1 DI1=0 DI2=0 DI3=0 water=100.0
[Process] DO0=1 pumpRunning=1 frequencyHz=30.0 flow=22.99 PT01=451.41 PT05=234.65 MV1Feedback=20.00 DO1=0 DO2=0 DO3=1 makeupRunning=1 DO4=0 DI0=1 DI1=0 DI2=0 DI3=0 water=100.0
[Process] DO0=1 pumpRunning=1 frequencyHz=30.0 flow=23.46 PT01=460.09 PT05=239.01 MV1Feedback=20.00 DO1=0 DO2=0 DO3=1 makeupRunning=1 DO4=0 DI0=1 DI1=0 DI2=0 DI3=0 water=100.0
[Process] DO0=1 pumpRunning=1 frequencyHz=30.0 flow=23.73 PT01=465.22 PT05=241.59 MV1Feedback=20.00 DO1=0 DO2=0 DO3=1 makeupRunning=1 DO4=0 DI0=1 DI1=0 DI2=0 DI3=0 water=100.0
[Process] DO0=1 pumpRunning=1 frequencyHz=30.0 flow=23.90 PT01=468.24 PT05=243.11 MV1Feedback=20.00 DO1=0 DO2=0 DO3=1 makeupRunning=1 DO4=0 DI0=1 DI1=0 DI2=0 DI3=0 water=100.0
[Process] DO0=1 pumpRunning=1 frequencyHz=30.0 flow=23.99 PT01=470.03 PT05=244.01 MV1Feedback=20.00 DO1=0 DO2=0 DO3=1 makeupRunning=1 DO4=0 DI0=1 DI1=0 DI2=0 DI3=0 water=100.0
[Process] DO0=1 pumpRunning=1 frequencyHz=30.0 flow=24.05 PT01=471.09 PT05=244.54 MV1Feedback=20.00 DO1=0 DO2=0 DO3=1 makeupRunning=1 DO4=0 DI0=1 DI1=0 DI2=0 DI3=0 water=100.0
[Process] DO0=1 pumpRunning=1 frequencyHz=30.0 flow=24.08 PT01=471.71 PT05=244.86 MV1Feedback=20.00 DO1=0 DO2=0 DO3=1 makeupRunning=1 DO4=0 DI0=1 DI1=0 DI2=0 DI3=0 water=100.0
[Process] DO0=1 pumpRunning=1 frequencyHz=30.0 flow=24.10 PT01=472.08 PT05=245.04 MV1Feedback=20.00 DO1=0 DO2=0 DO3=1 makeupRunning=1 DO4=0 DI0=1 DI1=0 DI2=0 DI3=0 water=100.0
[Process] DO0=1 pumpRunning=1 frequencyHz=30.0 flow=24.11 PT01=472.30 PT05=245.15 MV1Feedback=20.00 DO1=0 DO2=0 DO3=1 makeupRunning=1 DO4=0 DI0=1 DI1=0 DI2=0 DI3=0 water=100.0
[Process] DO0=1 pumpRunning=1 frequencyHz=30.0 flow=24.12 PT01=472.42 PT05=245.22 MV1Feedback=20.00 DO1=0 DO2=0 DO3=1 makeupRunning=1 DO4=0 DI0=1 DI1=0 DI2=0 DI3=0 water=100.0
[Process] DO0=1 pumpRunning=1 frequencyHz=30.0 flow=24.12 PT01=472.50 PT05=245.26 MV1Feedback=20.00 DO1=0 DO2=0 DO3=1 makeupRunning=1 DO4=0 DI0=1 DI1=0 DI2=0 DI3=0 water=100.0
[Process] DO0=1 pumpRunning=1 frequencyHz=30.0 flow=24.13 PT01=472.55 PT05=245.28 MV1Feedback=20.00 DO1=0 DO2=0 DO3=1 makeupRunning=1 DO4=0 DI0=1 DI1=0 DI2=0 DI3=0 water=100.0
[Process] DO0=1 pumpRunning=1 frequencyHz=30.0 flow=24.13 PT01=472.57 PT05=245.29 MV1Feedback=20.00 DO1=0 DO2=0 DO3=1 makeupRunning=1 DO4=0 DI0=1 DI1=0 DI2=0 DI3=0 water=100.0
[Process] DO0=1 pumpRunning=1 frequencyHz=30.0 flow=24.13 PT01=472.59 PT05=245.30 MV1Feedback=20.00 DO1=0 DO2=0 DO3=1 makeupRunning=1 DO4=0 DI0=1 DI1=0 DI2=0 DI3=0 water=100.0
[Process] DO0=1 pumpRunning=1 frequencyHz=30.0 flow=24.13 PT01=472.60 PT05=245.30 MV1Feedback=20.00 DO1=0 DO2=0 DO3=1 makeupRunning=1 DO4=0 DI0=1 DI1=0 DI2=0 DI3=0 water=100.0
[Process] DO0=1 pumpRunning=1 frequencyHz=30.0 flow=24.13 PT01=472.60 PT05=245.31 MV1Feedback=20.00 DO1=0 DO2=0 DO3=1 makeupRunning=1 DO4=0 DI0=1 DI1=0 DI2=0 DI3=0 water=100.0
[Process] DO0=1 pumpRunning=1 frequencyHz=30.0 flow=24.13 PT01=472.61 PT05=245.31 MV1Feedback=20.00 DO1=0 DO2=0 DO3=1 makeupRunning=1 DO4=0 DI0=1 DI1=0 DI2=0 DI3=0 water=100.0
[Process] DO0=1 pumpRunning=1 frequencyHz=30.0 flow=24.13 PT01=472.61 PT05=245.31 MV1Feedback=20.00 DO1=0 DO2=0 DO3=1 makeupRunning=1 DO4=0 DI0=1 DI1=0 DI2=0 DI3=0 water=100.0
[Process] DO0=1 pumpRunning=1 frequencyHz=30.0 flow=24.13 PT01=472.61 PT05=245.31 MV1Feedback=20.00 DO1=0 DO2=0 DO3=1 makeupRunning=1 DO4=0 DI0=1 DI1=0 DI2=0 DI3=0 water=100.0
[Process] DO0=1 pumpRunning=1 frequencyHz=30.0 flow=24.13 PT01=472.61 PT05=245.31 MV1Feedback=20.00 DO1=0 DO2=0 DO3=1 makeupRunning=1 DO4=0 DI0=1 DI1=0 DI2=0 DI3=0 water=100.0
[Process] DO0=1 pumpRunning=1 frequencyHz=30.0 flow=24.13 PT01=472.61 PT05=245.31 MV1Feedback=20.00 DO1=0 DO2=0 DO3=1 makeupRunning=1 DO4=0 DI0=1 DI1=0 DI2=0 DI3=0 water=100.0
[Process] DO0=1 pumpRunning=1 frequencyHz=30.0 flow=24.13 PT01=472.61 PT05=245.31 MV1Feedback=20.00 DO1=0 DO2=0 DO3=1 makeupRunning=1 DO4=0 DI0=1 DI1=0 DI2=0 DI3=0 water=100.0
[Process] DO0=1 pumpRunning=1 frequencyHz=30.0 flow=24.13 PT01=472.61 PT05=245.31 MV1Feedback=20.00 DO1=0 DO2=0 DO3=1 makeupRunning=1 DO4=0 DI0=1 DI1=0 DI2=0 DI3=0 water=100.0
[Process] DO0=1 pumpRunning=1 frequencyHz=30.0 flow=24.13 PT01=472.61 PT05=245.31 MV1Feedback=20.00 DO1=0 DO2=0 DO3=1 makeupRunning=1 DO4=0 DI0=1 DI1=0 DI2=0 DI3=0 water=100.0
[Process] DO0=1 pumpRunning=1 frequencyHz=30.0 flow=24.13 PT01=472.61 PT05=245.31 MV1Feedback=20.00 DO1=0 DO2=0 DO3=1 makeupRunning=1 DO4=0 DI0=1 DI1=0 DI2=0 DI3=0 water=100.0
[Process] DO0=1 pumpRunning=1 frequencyHz=30.0 flow=24.13 PT01=472.61 PT05=245.31 MV1Feedback=20.00 DO1=0 DO2=0 DO3=1 makeupRunning=1 DO4=0 DI0=1 DI1=0 DI2=0 DI3=0 water=100.0
[16:30:25] ADAM-6224 DI1 漏液檢出 = 1：漏液；Core 應產生「漏液檢出」警報，流量降為 65% 且系統水量下降
[Process] DO0=1 pumpRunning=1 frequencyHz=30.0 flow=21.84 PT01=454.31 PT05=236.11 MV1Feedback=20.00 DO1=0 DO2=0 DO3=1 makeupRunning=1 DO4=0 DI0=1 DI1=1 DI2=0 DI3=0 water=100.0
[Process] DO0=1 pumpRunning=1 frequencyHz=30.0 flow=19.32 PT01=434.16 PT05=225.97 MV1Feedback=20.00 DO1=0 DO2=0 DO3=1 makeupRunning=1 DO4=0 DI0=1 DI1=1 DI2=0 DI3=0 water=100.0
[Process] DO0=1 pumpRunning=1 frequencyHz=30.0 flow=17.83 PT01=422.26 PT05=219.98 MV1Feedback=20.00 DO1=0 DO2=0 DO3=1 makeupRunning=1 DO4=0 DI0=1 DI1=1 DI2=0 DI3=0 water=100.0
[Process] DO0=1 pumpRunning=1 frequencyHz=30.0 flow=16.95 PT01=415.23 PT05=216.45 MV1Feedback=20.00 DO1=0 DO2=0 DO3=1 makeupRunning=1 DO4=0 DI0=1 DI1=1 DI2=0 DI3=0 water=100.0
[Process] DO0=1 pumpRunning=1 frequencyHz=30.0 flow=16.43 PT01=411.08 PT05=214.36 MV1Feedback=20.00 DO1=0 DO2=0 DO3=1 makeupRunning=1 DO4=0 DI0=1 DI1=1 DI2=0 DI3=0 water=100.0
[Process] DO0=1 pumpRunning=1 frequencyHz=30.0 flow=16.13 PT01=408.63 PT05=213.13 MV1Feedback=20.00 DO1=0 DO2=0 DO3=1 makeupRunning=1 DO4=0 DI0=1 DI1=1 DI2=0 DI3=0 water=100.0
[Process] DO0=1 pumpRunning=1 frequencyHz=30.0 flow=15.95 PT01=407.18 PT05=212.40 MV1Feedback=20.00 DO1=0 DO2=0 DO3=1 makeupRunning=1 DO4=0 DI0=1 DI1=1 DI2=0 DI3=0 water=100.0
[Process] DO0=1 pumpRunning=1 frequencyHz=30.0 flow=15.84 PT01=406.33 PT05=211.97 MV1Feedback=20.00 DO1=0 DO2=0 DO3=1 makeupRunning=1 DO4=0 DI0=1 DI1=1 DI2=0 DI3=0 water=100.0
[Process] DO0=1 pumpRunning=1 frequencyHz=30.0 flow=15.78 PT01=405.82 PT05=211.71 MV1Feedback=20.00 DO1=0 DO2=0 DO3=1 makeupRunning=1 DO4=0 DI0=1 DI1=1 DI2=0 DI3=0 water=100.0
[Process] DO0=1 pumpRunning=1 frequencyHz=30.0 flow=15.74 PT01=405.52 PT05=211.56 MV1Feedback=20.00 DO1=0 DO2=0 DO3=1 makeupRunning=1 DO4=0 DI0=1 DI1=1 DI2=0 DI3=0 water=100.0
[Process] DO0=1 pumpRunning=1 frequencyHz=30.0 flow=15.72 PT01=405.35 PT05=211.48 MV1Feedback=20.00 DO1=0 DO2=0 DO3=1 makeupRunning=1 DO4=0 DI0=1 DI1=1 DI2=0 DI3=0 water=100.0
[Process] DO0=1 pumpRunning=1 frequencyHz=30.0 flow=15.70 PT01=405.24 PT05=211.42 MV1Feedback=20.00 DO1=0 DO2=0 DO3=1 makeupRunning=1 DO4=0 DI0=1 DI1=1 DI2=0 DI3=0 water=100.0
[Process] DO0=1 pumpRunning=1 frequencyHz=30.0 flow=15.70 PT01=405.18 PT05=211.39 MV1Feedback=20.00 DO1=0 DO2=0 DO3=1 makeupRunning=1 DO4=0 DI0=1 DI1=1 DI2=0 DI3=0 water=100.0
[Process] DO0=1 pumpRunning=1 frequencyHz=30.0 flow=15.69 PT01=405.15 PT05=211.37 MV1Feedback=20.00 DO1=0 DO2=0 DO3=1 makeupRunning=1 DO4=0 DI0=1 DI1=1 DI2=0 DI3=0 water=100.0
[Process] DO0=1 pumpRunning=1 frequencyHz=30.0 flow=15.69 PT01=405.12 PT05=211.36 MV1Feedback=20.00 DO1=0 DO2=0 DO3=1 makeupRunning=1 DO4=0 DI0=1 DI1=1 DI2=0 DI3=0 water=100.0
[Process] DO0=1 pumpRunning=1 frequencyHz=30.0 flow=15.69 PT01=405.11 PT05=211.36 MV1Feedback=20.00 DO1=0 DO2=0 DO3=1 makeupRunning=1 DO4=0 DI0=1 DI1=1 DI2=0 DI3=0 water=100.0
[Process] DO0=1 pumpRunning=1 frequencyHz=30.0 flow=15.69 PT01=405.10 PT05=211.35 MV1Feedback=20.00 DO1=0 DO2=0 DO3=1 makeupRunning=1 DO4=0 DI0=1 DI1=1 DI2=0 DI3=0 water=100.0
[Process] DO0=1 pumpRunning=1 frequencyHz=30.0 flow=15.68 PT01=405.10 PT05=211.35 MV1Feedback=20.00 DO1=0 DO2=0 DO3=1 makeupRunning=1 DO4=0 DI0=1 DI1=1 DI2=0 DI3=0 water=100.0
[Process] DO0=1 pumpRunning=1 frequencyHz=30.0 flow=15.68 PT01=405.10 PT05=211.35 MV1Feedback=20.00 DO1=0 DO2=0 DO3=1 makeupRunning=1 DO4=0 DI0=1 DI1=1 DI2=0 DI3=0 water=100.0
[Process] DO0=1 pumpRunning=1 frequencyHz=30.0 flow=15.68 PT01=405.10 PT05=211.35 MV1Feedback=20.00 DO1=0 DO2=0 DO3=1 makeupRunning=1 DO4=0 DI0=1 DI1=1 DI2=0 DI3=0 water=100.0
[Process] DO0=1 pumpRunning=1 frequencyHz=30.0 flow=15.68 PT01=405.09 PT05=211.35 MV1Feedback=20.00 DO1=0 DO2=0 DO3=1 makeupRunning=1 DO4=0 DI0=1 DI1=1 DI2=0 DI3=0 water=100.0
[Process] DO0=1 pumpRunning=1 frequencyHz=30.0 flow=15.68 PT01=405.09 PT05=211.35 MV1Feedback=20.00 DO1=0 DO2=0 DO3=1 makeupRunning=1 DO4=0 DI0=1 DI1=1 DI2=0 DI3=0 water=100.0
[Process] DO0=1 pumpRunning=1 frequencyHz=30.0 flow=15.68 PT01=405.09 PT05=211.35 MV1Feedback=20.00 DO1=0 DO2=0 DO3=1 makeupRunning=1 DO4=0 DI0=1 DI1=1 DI2=0 DI3=0 water=100.0
[Process] DO0=1 pumpRunning=1 frequencyHz=30.0 flow=15.68 PT01=405.09 PT05=211.35 MV1Feedback=20.00 DO1=0 DO2=0 DO3=1 makeupRunning=1 DO4=0 DI0=1 DI1=1 DI2=0 DI3=0 water=100.0
[Process] DO0=1 pumpRunning=1 frequencyHz=30.0 flow=15.68 PT01=405.09 PT05=211.35 MV1Feedback=20.00 DO1=0 DO2=0 DO3=1 makeupRunning=1 DO4=0 DI0=1 DI1=1 DI2=0 DI3=0 water=100.0
[16:30:50] ADAM-6224 DI2 補水泵 OL = 1：補水泵過載跳脫；Core 應產生「補水泵 OL」警報，補水泵停止
[16:30:50] 補水泵停止：補水泵 OL 跳脫（DI2=1）
[Process] DO0=1 pumpRunning=1 frequencyHz=30.0 flow=15.68 PT01=405.08 PT05=211.34 MV1Feedback=20.00 DO1=0 DO2=0 DO3=1 makeupRunning=0 DO4=0 DI0=1 DI1=1 DI2=1 DI3=0 water=99.7
[Process] DO0=1 pumpRunning=1 frequencyHz=30.0 flow=15.68 PT01=405.03 PT05=211.30 MV1Feedback=20.00 DO1=0 DO2=0 DO3=1 makeupRunning=0 DO4=0 DI0=1 DI1=1 DI2=1 DI3=0 water=99.3
[Process] DO0=1 pumpRunning=1 frequencyHz=30.0 flow=15.68 PT01=404.97 PT05=211.24 MV1Feedback=20.00 DO1=0 DO2=0 DO3=1 makeupRunning=0 DO4=0 DI0=1 DI1=1 DI2=1 DI3=0 water=98.9
[Process] DO0=1 pumpRunning=1 frequencyHz=30.0 flow=15.68 PT01=404.89 PT05=211.18 MV1Feedback=20.00 DO1=0 DO2=0 DO3=1 makeupRunning=0 DO4=0 DI0=1 DI1=1 DI2=1 DI3=0 water=98.5
[Process] DO0=1 pumpRunning=1 frequencyHz=30.0 flow=15.68 PT01=404.81 PT05=211.11 MV1Feedback=20.00 DO1=0 DO2=0 DO3=1 makeupRunning=0 DO4=0 DI0=1 DI1=1 DI2=1 DI3=0 water=98.1
[Process] DO0=1 pumpRunning=1 frequencyHz=30.0 flow=15.68 PT01=404.73 PT05=211.04 MV1Feedback=20.00 DO1=0 DO2=0 DO3=1 makeupRunning=0 DO4=0 DI0=1 DI1=1 DI2=1 DI3=0 water=97.7
[Process] DO0=1 pumpRunning=1 frequencyHz=30.0 flow=15.68 PT01=404.64 PT05=210.97 MV1Feedback=20.00 DO1=0 DO2=0 DO3=1 makeupRunning=0 DO4=0 DI0=1 DI1=1 DI2=1 DI3=0 water=97.3
[Process] DO0=1 pumpRunning=1 frequencyHz=30.0 flow=15.68 PT01=404.55 PT05=210.89 MV1Feedback=20.00 DO1=0 DO2=0 DO3=1 makeupRunning=0 DO4=0 DI0=1 DI1=1 DI2=1 DI3=0 water=96.9
[Process] DO0=1 pumpRunning=1 frequencyHz=30.0 flow=15.68 PT01=404.46 PT05=210.82 MV1Feedback=20.00 DO1=0 DO2=0 DO3=1 makeupRunning=0 DO4=0 DI0=1 DI1=1 DI2=1 DI3=0 water=96.5
[Process] DO0=1 pumpRunning=1 frequencyHz=30.0 flow=15.68 PT01=404.37 PT05=210.74 MV1Feedback=20.00 DO1=0 DO2=0 DO3=1 makeupRunning=0 DO4=0 DI0=1 DI1=1 DI2=1 DI3=0 water=96.1
[Process] DO0=1 pumpRunning=1 frequencyHz=30.0 flow=15.68 PT01=404.28 PT05=210.67 MV1Feedback=20.00 DO1=0 DO2=0 DO3=1 makeupRunning=0 DO4=0 DI0=1 DI1=1 DI2=1 DI3=0 water=95.7
[Process] DO0=1 pumpRunning=1 frequencyHz=30.0 flow=15.68 PT01=404.19 PT05=210.59 MV1Feedback=20.00 DO1=0 DO2=0 DO3=1 makeupRunning=0 DO4=0 DI0=1 DI1=1 DI2=1 DI3=0 water=95.3
[Process] DO0=1 pumpRunning=1 frequencyHz=30.0 flow=15.68 PT01=404.10 PT05=210.52 MV1Feedback=20.00 DO1=0 DO2=0 DO3=1 makeupRunning=0 DO4=0 DI0=1 DI1=1 DI2=1 DI3=0 water=94.9
[Process] DO0=1 pumpRunning=1 frequencyHz=30.0 flow=15.68 PT01=404.01 PT05=210.44 MV1Feedback=20.00 DO1=0 DO2=0 DO3=1 makeupRunning=0 DO4=0 DI0=1 DI1=1 DI2=1 DI3=0 water=94.5
[Process] DO0=1 pumpRunning=1 frequencyHz=30.0 flow=15.68 PT01=403.92 PT05=210.37 MV1Feedback=20.00 DO1=0 DO2=0 DO3=1 makeupRunning=0 DO4=0 DI0=1 DI1=1 DI2=1 DI3=0 water=94.1
[Process] DO0=1 pumpRunning=1 frequencyHz=30.0 flow=15.68 PT01=403.83 PT05=210.29 MV1Feedback=20.00 DO1=0 DO2=0 DO3=1 makeupRunning=0 DO4=0 DI0=1 DI1=1 DI2=1 DI3=0 water=93.7
[Process] DO0=1 pumpRunning=1 frequencyHz=30.0 flow=15.68 PT01=403.74 PT05=210.21 MV1Feedback=20.00 DO1=0 DO2=0 DO3=1 makeupRunning=0 DO4=0 DI0=1 DI1=1 DI2=1 DI3=0 water=93.3
[Process] DO0=1 pumpRunning=1 frequencyHz=30.0 flow=15.68 PT01=403.65 PT05=210.14 MV1Feedback=20.00 DO1=0 DO2=0 DO3=1 makeupRunning=0 DO4=0 DI0=1 DI1=1 DI2=1 DI3=0 water=92.9
[Process] DO0=1 pumpRunning=1 frequencyHz=30.0 flow=15.68 PT01=403.56 PT05=210.06 MV1Feedback=20.00 DO1=0 DO2=0 DO3=1 makeupRunning=0 DO4=0 DI0=1 DI1=1 DI2=1 DI3=0 water=92.5
[Process] DO0=1 pumpRunning=1 frequencyHz=30.0 flow=15.68 PT01=403.47 PT05=209.99 MV1Feedback=20.00 DO1=0 DO2=0 DO3=1 makeupRunning=0 DO4=0 DI0=1 DI1=1 DI2=1 DI3=0 water=92.1
[Process] DO0=1 pumpRunning=1 frequencyHz=30.0 flow=15.68 PT01=403.38 PT05=209.91 MV1Feedback=20.00 DO1=0 DO2=0 DO3=1 makeupRunning=0 DO4=0 DI0=1 DI1=1 DI2=1 DI3=0 water=91.7
[Process] DO0=1 pumpRunning=1 frequencyHz=30.0 flow=15.68 PT01=403.29 PT05=209.84 MV1Feedback=20.00 DO1=0 DO2=0 DO3=1 makeupRunning=0 DO4=0 DI0=1 DI1=1 DI2=1 DI3=0 water=91.3
[Process] DO0=1 pumpRunning=1 frequencyHz=30.0 flow=15.68 PT01=403.20 PT05=209.76 MV1Feedback=20.00 DO1=0 DO2=0 DO3=1 makeupRunning=0 DO4=0 DI0=1 DI1=1 DI2=1 DI3=0 water=90.9
[Process] DO0=1 pumpRunning=1 frequencyHz=30.0 flow=15.68 PT01=403.11 PT05=209.69 MV1Feedback=20.00 DO1=0 DO2=0 DO3=1 makeupRunning=0 DO4=0 DI0=1 DI1=1 DI2=1 DI3=0 water=90.5
[Process] DO0=1 pumpRunning=1 frequencyHz=30.0 flow=15.68 PT01=403.02 PT05=209.61 MV1Feedback=20.00 DO1=0 DO2=0 DO3=1 makeupRunning=0 DO4=0 DI0=1 DI1=1 DI2=1 DI3=0 water=90.1
[Process] DO0=1 pumpRunning=1 frequencyHz=30.0 flow=15.68 PT01=402.93 PT05=209.53 MV1Feedback=20.00 DO1=0 DO2=0 DO3=1 makeupRunning=0 DO4=0 DI0=1 DI1=1 DI2=1 DI3=0 water=89.7
[Process] DO0=1 pumpRunning=1 frequencyHz=30.0 flow=15.68 PT01=402.84 PT05=209.46 MV1Feedback=20.00 DO1=0 DO2=0 DO3=1 makeupRunning=0 DO4=0 DI0=1 DI1=1 DI2=1 DI3=0 water=89.3
[Process] DO0=1 pumpRunning=1 frequencyHz=30.0 flow=15.68 PT01=402.75 PT05=209.38 MV1Feedback=20.00 DO1=0 DO2=0 DO3=1 makeupRunning=0 DO4=0 DI0=1 DI1=1 DI2=1 DI3=0 water=88.9
[Process] DO0=1 pumpRunning=1 frequencyHz=30.0 flow=15.68 PT01=402.66 PT05=209.31 MV1Feedback=20.00 DO1=0 DO2=0 DO3=1 makeupRunning=0 DO4=0 DI0=1 DI1=1 DI2=1 DI3=0 water=88.5
[Process] DO0=1 pumpRunning=1 frequencyHz=30.0 flow=15.68 PT01=402.57 PT05=209.23 MV1Feedback=20.00 DO1=0 DO2=0 DO3=1 makeupRunning=0 DO4=0 DI0=1 DI1=1 DI2=1 DI3=0 water=88.1
[Process] DO0=1 pumpRunning=1 frequencyHz=30.0 flow=15.68 PT01=402.48 PT05=209.16 MV1Feedback=20.00 DO1=0 DO2=0 DO3=1 makeupRunning=0 DO4=0 DI0=1 DI1=1 DI2=1 DI3=0 water=87.7
[Process] DO0=1 pumpRunning=1 frequencyHz=30.0 flow=15.68 PT01=402.39 PT05=209.08 MV1Feedback=20.00 DO1=0 DO2=0 DO3=1 makeupRunning=0 DO4=0 DI0=1 DI1=1 DI2=1 DI3=0 water=87.3
[Process] DO0=1 pumpRunning=1 frequencyHz=30.0 flow=15.68 PT01=402.30 PT05=209.01 MV1Feedback=20.00 DO1=0 DO2=0 DO3=1 makeupRunning=0 DO4=0 DI0=1 DI1=1 DI2=1 DI3=0 water=86.9
[Process] DO0=1 pumpRunning=1 frequencyHz=30.0 flow=15.68 PT01=402.21 PT05=208.93 MV1Feedback=20.00 DO1=0 DO2=0 DO3=1 makeupRunning=0 DO4=0 DI0=1 DI1=1 DI2=1 DI3=0 water=86.5
[Process] DO0=1 pumpRunning=1 frequencyHz=30.0 flow=15.68 PT01=402.12 PT05=208.85 MV1Feedback=20.00 DO1=0 DO2=0 DO3=1 makeupRunning=0 DO4=0 DI0=1 DI1=1 DI2=1 DI3=0 water=86.1
[Process] DO0=1 pumpRunning=1 frequencyHz=30.0 flow=15.68 PT01=402.03 PT05=208.78 MV1Feedback=20.00 DO1=0 DO2=0 DO3=1 makeupRunning=0 DO4=0 DI0=1 DI1=1 DI2=1 DI3=0 water=85.7
[Process] DO0=1 pumpRunning=1 frequencyHz=30.0 flow=15.68 PT01=401.94 PT05=208.70 MV1Feedback=20.00 DO1=0 DO2=0 DO3=1 makeupRunning=0 DO4=0 DI0=1 DI1=1 DI2=1 DI3=0 water=85.3
[Process] DO0=1 pumpRunning=1 frequencyHz=30.0 flow=15.68 PT01=401.85 PT05=208.63 MV1Feedback=20.00 DO1=0 DO2=0 DO3=1 makeupRunning=0 DO4=0 DI0=1 DI1=1 DI2=1 DI3=0 water=84.9
[Process] DO0=1 pumpRunning=1 frequencyHz=30.0 flow=15.68 PT01=401.76 PT05=208.55 MV1Feedback=20.00 DO1=0 DO2=0 DO3=1 makeupRunning=0 DO4=0 DI0=1 DI1=1 DI2=1 DI3=0 water=84.5
[Process] DO0=1 pumpRunning=1 frequencyHz=30.0 flow=15.68 PT01=401.67 PT05=208.48 MV1Feedback=20.00 DO1=0 DO2=0 DO3=1 makeupRunning=0 DO4=0 DI0=1 DI1=1 DI2=1 DI3=0 water=84.1
[Process] DO0=1 pumpRunning=1 frequencyHz=30.0 flow=15.68 PT01=401.58 PT05=208.40 MV1Feedback=20.00 DO1=0 DO2=0 DO3=1 makeupRunning=0 DO4=0 DI0=1 DI1=1 DI2=1 DI3=0 water=83.7
[Process] DO0=1 pumpRunning=1 frequencyHz=30.0 flow=15.68 PT01=401.49 PT05=208.32 MV1Feedback=20.00 DO1=0 DO2=0 DO3=1 makeupRunning=0 DO4=0 DI0=1 DI1=1 DI2=1 DI3=0 water=83.3
[Process] DO0=1 pumpRunning=1 frequencyHz=30.0 flow=15.68 PT01=401.40 PT05=208.25 MV1Feedback=20.00 DO1=0 DO2=0 DO3=1 makeupRunning=0 DO4=0 DI0=1 DI1=1 DI2=1 DI3=0 water=82.9
[Process] DO0=1 pumpRunning=1 frequencyHz=30.0 flow=15.68 PT01=401.31 PT05=208.17 MV1Feedback=20.00 DO1=0 DO2=0 DO3=1 makeupRunning=0 DO4=0 DI0=1 DI1=1 DI2=1 DI3=0 water=82.5
[Process] DO0=1 pumpRunning=1 frequencyHz=30.0 flow=15.68 PT01=401.22 PT05=208.10 MV1Feedback=20.00 DO1=0 DO2=0 DO3=1 makeupRunning=0 DO4=0 DI0=1 DI1=1 DI2=1 DI3=0 water=82.1
[Process] DO0=1 pumpRunning=1 frequencyHz=30.0 flow=15.68 PT01=401.13 PT05=208.02 MV1Feedback=20.00 DO1=0 DO2=0 DO3=1 makeupRunning=0 DO4=0 DI0=1 DI1=1 DI2=1 DI3=0 water=81.7
[Process] DO0=1 pumpRunning=1 frequencyHz=30.0 flow=15.68 PT01=401.04 PT05=207.95 MV1Feedback=20.00 DO1=0 DO2=0 DO3=1 makeupRunning=0 DO4=0 DI0=1 DI1=1 DI2=1 DI3=0 water=81.3
[Process] DO0=1 pumpRunning=1 frequencyHz=30.0 flow=15.68 PT01=400.95 PT05=207.87 MV1Feedback=20.00 DO1=0 DO2=0 DO3=1 makeupRunning=0 DO4=0 DI0=1 DI1=1 DI2=1 DI3=0 water=80.9
[Process] DO0=1 pumpRunning=1 frequencyHz=30.0 flow=15.68 PT01=400.86 PT05=207.80 MV1Feedback=20.00 DO1=0 DO2=0 DO3=1 makeupRunning=0 DO4=0 DI0=1 DI1=1 DI2=1 DI3=0 water=80.5
[Process] DO0=1 pumpRunning=1 frequencyHz=30.0 flow=15.68 PT01=400.77 PT05=207.72 MV1Feedback=20.00 DO1=0 DO2=0 DO3=1 makeupRunning=0 DO4=0 DI0=1 DI1=1 DI2=1 DI3=0 water=80.1
[Process] DO0=1 pumpRunning=1 frequencyHz=30.0 flow=15.68 PT01=400.68 PT05=207.64 MV1Feedback=20.00 DO1=0 DO2=0 DO3=1 makeupRunning=0 DO4=0 DI0=1 DI1=1 DI2=1 DI3=0 water=79.7
[Process] DO0=1 pumpRunning=1 frequencyHz=30.0 flow=15.68 PT01=400.59 PT05=207.57 MV1Feedback=20.00 DO1=0 DO2=0 DO3=1 makeupRunning=0 DO4=0 DI0=1 DI1=1 DI2=1 DI3=0 water=79.3
[Process] DO0=1 pumpRunning=1 frequencyHz=30.0 flow=15.68 PT01=400.50 PT05=207.49 MV1Feedback=20.00 DO1=0 DO2=0 DO3=1 makeupRunning=0 DO4=0 DI0=1 DI1=1 DI2=1 DI3=0 water=78.9
[Process] DO0=1 pumpRunning=1 frequencyHz=30.0 flow=15.68 PT01=400.41 PT05=207.42 MV1Feedback=20.00 DO1=0 DO2=0 DO3=1 makeupRunning=0 DO4=0 DI0=1 DI1=1 DI2=1 DI3=0 water=78.5
[Process] DO0=1 pumpRunning=1 frequencyHz=30.0 flow=15.68 PT01=400.32 PT05=207.34 MV1Feedback=20.00 DO1=0 DO2=0 DO3=1 makeupRunning=0 DO4=0 DI0=1 DI1=1 DI2=1 DI3=0 water=78.1
[Process] DO0=1 pumpRunning=1 frequencyHz=30.0 flow=15.68 PT01=400.23 PT05=207.27 MV1Feedback=20.00 DO1=0 DO2=0 DO3=1 makeupRunning=0 DO4=0 DI0=1 DI1=1 DI2=1 DI3=0 water=77.7
[Process] DO0=1 pumpRunning=1 frequencyHz=30.0 flow=15.68 PT01=400.14 PT05=207.19 MV1Feedback=20.00 DO1=0 DO2=0 DO3=1 makeupRunning=0 DO4=0 DI0=1 DI1=1 DI2=1 DI3=0 water=77.3
[Process] DO0=1 pumpRunning=1 frequencyHz=30.0 flow=15.68 PT01=400.05 PT05=207.12 MV1Feedback=20.00 DO1=0 DO2=0 DO3=1 makeupRunning=0 DO4=0 DI0=1 DI1=1 DI2=1 DI3=0 water=76.9
[Process] DO0=1 pumpRunning=1 frequencyHz=30.0 flow=15.68 PT01=399.96 PT05=207.04 MV1Feedback=20.00 DO1=0 DO2=0 DO3=1 makeupRunning=0 DO4=0 DI0=1 DI1=1 DI2=1 DI3=0 water=76.5
[Process] DO0=1 pumpRunning=1 frequencyHz=30.0 flow=15.68 PT01=399.87 PT05=206.96 MV1Feedback=20.00 DO1=0 DO2=0 DO3=1 makeupRunning=0 DO4=0 DI0=1 DI1=1 DI2=1 DI3=0 water=76.1
[Process] DO0=1 pumpRunning=1 frequencyHz=30.0 flow=15.68 PT01=399.78 PT05=206.89 MV1Feedback=20.00 DO1=0 DO2=0 DO3=1 makeupRunning=0 DO4=0 DI0=1 DI1=1 DI2=1 DI3=0 water=75.7
[Process] DO0=1 pumpRunning=1 frequencyHz=30.0 flow=15.68 PT01=399.69 PT05=206.81 MV1Feedback=20.00 DO1=0 DO2=0 DO3=1 makeupRunning=0 DO4=0 DI0=1 DI1=1 DI2=1 DI3=0 water=75.3
[Process] DO0=1 pumpRunning=1 frequencyHz=30.0 flow=15.68 PT01=399.60 PT05=206.74 MV1Feedback=20.00 DO1=0 DO2=0 DO3=1 makeupRunning=0 DO4=0 DI0=1 DI1=1 DI2=1 DI3=0 water=74.9
[Process] DO0=1 pumpRunning=1 frequencyHz=30.0 flow=15.68 PT01=399.51 PT05=206.66 MV1Feedback=20.00 DO1=0 DO2=0 DO3=1 makeupRunning=0 DO4=0 DI0=1 DI1=1 DI2=1 DI3=0 water=74.5
[Process] DO0=1 pumpRunning=1 frequencyHz=30.0 flow=15.68 PT01=399.42 PT05=206.59 MV1Feedback=20.00 DO1=0 DO2=0 DO3=1 makeupRunning=0 DO4=0 DI0=1 DI1=1 DI2=1 DI3=0 water=74.1
[Process] DO0=1 pumpRunning=1 frequencyHz=30.0 flow=15.68 PT01=399.33 PT05=206.51 MV1Feedback=20.00 DO1=0 DO2=0 DO3=1 makeupRunning=0 DO4=0 DI0=1 DI1=1 DI2=1 DI3=0 water=73.7
[Process] DO0=1 pumpRunning=1 frequencyHz=30.0 flow=15.68 PT01=399.24 PT05=206.43 MV1Feedback=20.00 DO1=0 DO2=0 DO3=1 makeupRunning=0 DO4=0 DI0=1 DI1=1 DI2=1 DI3=0 water=73.3
[Process] DO0=1 pumpRunning=1 frequencyHz=30.0 flow=15.68 PT01=399.15 PT05=206.36 MV1Feedback=20.00 DO1=0 DO2=0 DO3=1 makeupRunning=0 DO4=0 DI0=1 DI1=1 DI2=1 DI3=0 water=72.9
[Process] DO0=1 pumpRunning=1 frequencyHz=30.0 flow=15.68 PT01=399.06 PT05=206.28 MV1Feedback=20.00 DO1=0 DO2=0 DO3=1 makeupRunning=0 DO4=0 DI0=1 DI1=1 DI2=1 DI3=0 water=72.5
[Process] DO0=1 pumpRunning=1 frequencyHz=30.0 flow=15.68 PT01=398.97 PT05=206.21 MV1Feedback=20.00 DO1=0 DO2=0 DO3=1 makeupRunning=0 DO4=0 DI0=1 DI1=1 DI2=1 DI3=0 water=72.1
[Process] DO0=1 pumpRunning=1 frequencyHz=30.0 flow=15.68 PT01=398.88 PT05=206.13 MV1Feedback=20.00 DO1=0 DO2=0 DO3=1 makeupRunning=0 DO4=0 DI0=1 DI1=1 DI2=1 DI3=0 water=71.7
[Process] DO0=1 pumpRunning=1 frequencyHz=30.0 flow=15.68 PT01=398.79 PT05=206.06 MV1Feedback=20.00 DO1=0 DO2=0 DO3=1 makeupRunning=0 DO4=0 DI0=1 DI1=1 DI2=1 DI3=0 water=71.3
[Process] DO0=1 pumpRunning=1 frequencyHz=30.0 flow=15.68 PT01=398.70 PT05=205.98 MV1Feedback=20.00 DO1=0 DO2=0 DO3=1 makeupRunning=0 DO4=0 DI0=1 DI1=1 DI2=1 DI3=0 water=70.9
[Process] DO0=1 pumpRunning=1 frequencyHz=30.0 flow=15.68 PT01=398.61 PT05=205.91 MV1Feedback=20.00 DO1=0 DO2=0 DO3=1 makeupRunning=0 DO4=0 DI0=1 DI1=1 DI2=1 DI3=0 water=70.5
[Process] DO0=1 pumpRunning=1 frequencyHz=30.0 flow=15.68 PT01=398.52 PT05=205.83 MV1Feedback=20.00 DO1=0 DO2=0 DO3=1 makeupRunning=0 DO4=0 DI0=1 DI1=1 DI2=1 DI3=0 water=70.1
[Process] DO0=1 pumpRunning=1 frequencyHz=30.0 flow=15.68 PT01=398.43 PT05=205.75 MV1Feedback=20.00 DO1=0 DO2=0 DO3=1 makeupRunning=0 DO4=0 DI0=1 DI1=1 DI2=1 DI3=0 water=69.7
[Process] DO0=1 pumpRunning=1 frequencyHz=30.0 flow=15.68 PT01=398.34 PT05=205.68 MV1Feedback=20.00 DO1=0 DO2=0 DO3=1 makeupRunning=0 DO4=0 DI0=1 DI1=1 DI2=1 DI3=0 water=69.3
[Process] DO0=1 pumpRunning=1 frequencyHz=30.0 flow=15.68 PT01=398.25 PT05=205.60 MV1Feedback=20.00 DO1=0 DO2=0 DO3=1 makeupRunning=0 DO4=0 DI0=1 DI1=1 DI2=1 DI3=0 water=68.9
[Process] DO0=1 pumpRunning=1 frequencyHz=30.0 flow=15.68 PT01=398.16 PT05=205.53 MV1Feedback=20.00 DO1=0 DO2=0 DO3=1 makeupRunning=0 DO4=0 DI0=1 DI1=1 DI2=1 DI3=0 water=68.5
[Process] DO0=1 pumpRunning=1 frequencyHz=30.0 flow=15.68 PT01=398.07 PT05=205.45 MV1Feedback=20.00 DO1=0 DO2=0 DO3=1 makeupRunning=0 DO4=0 DI0=1 DI1=1 DI2=1 DI3=0 water=68.1
[Process] DO0=1 pumpRunning=1 frequencyHz=30.0 flow=15.68 PT01=397.98 PT05=205.38 MV1Feedback=20.00 DO1=0 DO2=0 DO3=1 makeupRunning=0 DO4=0 DI0=1 DI1=1 DI2=1 DI3=0 water=67.7
[Process] DO0=1 pumpRunning=1 frequencyHz=30.0 flow=15.68 PT01=397.89 PT05=205.30 MV1Feedback=20.00 DO1=0 DO2=0 DO3=1 makeupRunning=0 DO4=0 DI0=1 DI1=1 DI2=1 DI3=0 water=67.3
[Process] DO0=1 pumpRunning=1 frequencyHz=30.0 flow=15.68 PT01=397.80 PT05=205.23 MV1Feedback=20.00 DO1=0 DO2=0 DO3=1 makeupRunning=0 DO4=0 DI0=1 DI1=1 DI2=1 DI3=0 water=66.9
[Process] DO0=1 pumpRunning=1 frequencyHz=30.0 flow=15.68 PT01=397.71 PT05=205.15 MV1Feedback=20.00 DO1=0 DO2=0 DO3=1 makeupRunning=0 DO4=0 DI0=1 DI1=1 DI2=1 DI3=0 water=66.5
[Process] DO0=1 pumpRunning=1 frequencyHz=30.0 flow=15.68 PT01=397.62 PT05=205.07 MV1Feedback=20.00 DO1=0 DO2=0 DO3=1 makeupRunning=0 DO4=0 DI0=1 DI1=1 DI2=1 DI3=0 water=66.1
[Process] DO0=1 pumpRunning=1 frequencyHz=30.0 flow=15.68 PT01=397.53 PT05=205.00 MV1Feedback=20.00 DO1=0 DO2=0 DO3=1 makeupRunning=0 DO4=0 DI0=1 DI1=1 DI2=1 DI3=0 water=65.7
[Process] DO0=1 pumpRunning=1 frequencyHz=30.0 flow=15.68 PT01=397.44 PT05=204.92 MV1Feedback=20.00 DO1=0 DO2=0 DO3=1 makeupRunning=0 DO4=0 DI0=1 DI1=1 DI2=1 DI3=0 water=65.3
[Process] DO0=1 pumpRunning=1 frequencyHz=30.0 flow=15.68 PT01=397.35 PT05=204.85 MV1Feedback=20.00 DO1=0 DO2=0 DO3=1 makeupRunning=0 DO4=0 DI0=1 DI1=1 DI2=1 DI3=0 water=64.9
[Process] DO0=1 pumpRunning=1 frequencyHz=30.0 flow=15.68 PT01=397.26 PT05=204.77 MV1Feedback=20.00 DO1=0 DO2=0 DO3=1 makeupRunning=0 DO4=0 DI0=1 DI1=1 DI2=1 DI3=0 water=64.5
[Process] DO0=1 pumpRunning=1 frequencyHz=30.0 flow=15.68 PT01=397.17 PT05=204.70 MV1Feedback=20.00 DO1=0 DO2=0 DO3=1 makeupRunning=0 DO4=0 DI0=1 DI1=1 DI2=1 DI3=0 water=64.1
[Process] DO0=1 pumpRunning=1 frequencyHz=30.0 flow=15.68 PT01=397.08 PT05=204.62 MV1Feedback=20.00 DO1=0 DO2=0 DO3=1 makeupRunning=0 DO4=0 DI0=1 DI1=1 DI2=1 DI3=0 water=63.7
[Process] DO0=1 pumpRunning=1 frequencyHz=30.0 flow=15.68 PT01=396.99 PT05=204.54 MV1Feedback=20.00 DO1=0 DO2=0 DO3=1 makeupRunning=0 DO4=0 DI0=1 DI1=1 DI2=1 DI3=0 water=63.3
[Process] DO0=1 pumpRunning=1 frequencyHz=30.0 flow=15.68 PT01=396.90 PT05=204.47 MV1Feedback=20.00 DO1=0 DO2=0 DO3=1 makeupRunning=0 DO4=0 DI0=1 DI1=1 DI2=1 DI3=0 water=62.9
[16:32:25] ADAM-6224 DI2 補水泵 OL = 0：補水泵 OL 解除
[16:32:25] 補水泵運轉（DO3=1），系統水量上升
[Process] DO0=1 pumpRunning=1 frequencyHz=30.0 flow=15.68 PT01=396.85 PT05=204.42 MV1Feedback=20.00 DO1=0 DO2=0 DO3=1 makeupRunning=1 DO4=0 DI0=1 DI1=1 DI2=0 DI3=0 water=63.1
[Process] DO0=1 pumpRunning=1 frequencyHz=30.0 flow=15.68 PT01=396.85 PT05=204.42 MV1Feedback=20.00 DO1=0 DO2=0 DO3=1 makeupRunning=1 DO4=0 DI0=1 DI1=1 DI2=0 DI3=0 water=63.5
[Process] DO0=1 pumpRunning=1 frequencyHz=30.0 flow=15.68 PT01=396.89 PT05=204.46 MV1Feedback=20.00 DO1=0 DO2=0 DO3=1 makeupRunning=1 DO4=0 DI0=1 DI1=1 DI2=0 DI3=0 water=63.9
[Process] DO0=1 pumpRunning=1 frequencyHz=30.0 flow=15.68 PT01=396.95 PT05=204.51 MV1Feedback=20.00 DO1=0 DO2=0 DO3=1 makeupRunning=1 DO4=0 DI0=1 DI1=1 DI2=0 DI3=0 water=64.3
[16:32:28] ADAM-6224 DI1 漏液檢出 = 0：漏液解除
[Process] DO0=1 pumpRunning=1 frequencyHz=30.0 flow=19.14 PT01=424.69 PT05=218.49 MV1Feedback=20.00 DO1=0 DO2=0 DO3=1 makeupRunning=1 DO4=0 DI0=1 DI1=0 DI2=0 DI3=0 water=65.1
[Process] DO0=1 pumpRunning=1 frequencyHz=30.0 flow=21.18 PT01=441.15 PT05=226.82 MV1Feedback=20.00 DO1=0 DO2=0 DO3=1 makeupRunning=1 DO4=0 DI0=1 DI1=0 DI2=0 DI3=0 water=65.9
[Process] DO0=1 pumpRunning=1 frequencyHz=30.0 flow=22.39 PT01=450.94 PT05=231.79 MV1Feedback=20.00 DO1=0 DO2=0 DO3=1 makeupRunning=1 DO4=0 DI0=1 DI1=0 DI2=0 DI3=0 water=66.7
[Process] DO0=1 pumpRunning=1 frequencyHz=30.0 flow=23.10 PT01=456.79 PT05=234.79 MV1Feedback=20.00 DO1=0 DO2=0 DO3=1 makeupRunning=1 DO4=0 DI0=1 DI1=0 DI2=0 DI3=0 water=67.5
[Process] DO0=1 pumpRunning=1 frequencyHz=30.0 flow=23.52 PT01=460.33 PT05=236.62 MV1Feedback=20.00 DO1=0 DO2=0 DO3=1 makeupRunning=1 DO4=0 DI0=1 DI1=0 DI2=0 DI3=0 water=68.3
[Process] DO0=1 pumpRunning=1 frequencyHz=30.0 flow=23.77 PT01=462.48 PT05=237.77 MV1Feedback=20.00 DO1=0 DO2=0 DO3=1 makeupRunning=1 DO4=0 DI0=1 DI1=0 DI2=0 DI3=0 water=69.1
[Process] DO0=1 pumpRunning=1 frequencyHz=30.0 flow=23.92 PT01=463.83 PT05=238.51 MV1Feedback=20.00 DO1=0 DO2=0 DO3=1 makeupRunning=1 DO4=0 DI0=1 DI1=0 DI2=0 DI3=0 water=69.9
[Process] DO0=1 pumpRunning=1 frequencyHz=30.0 flow=24.00 PT01=464.70 PT05=239.00 MV1Feedback=20.00 DO1=0 DO2=0 DO3=1 makeupRunning=1 DO4=0 DI0=1 DI1=0 DI2=0 DI3=0 water=70.7
[Process] DO0=1 pumpRunning=1 frequencyHz=30.0 flow=24.06 PT01=465.29 PT05=239.36 MV1Feedback=20.00 DO1=0 DO2=0 DO3=1 makeupRunning=1 DO4=0 DI0=1 DI1=0 DI2=0 DI3=0 water=71.5
[Process] DO0=1 pumpRunning=1 frequencyHz=30.0 flow=24.09 PT01=465.71 PT05=239.63 MV1Feedback=20.00 DO1=0 DO2=0 DO3=1 makeupRunning=1 DO4=0 DI0=1 DI1=0 DI2=0 DI3=0 water=72.3
[Process] DO0=1 pumpRunning=1 frequencyHz=30.0 flow=24.10 PT01=466.03 PT05=239.85 MV1Feedback=20.00 DO1=0 DO2=0 DO3=1 makeupRunning=1 DO4=0 DI0=1 DI1=0 DI2=0 DI3=0 water=73.1
[Process] DO0=1 pumpRunning=1 frequencyHz=30.0 flow=24.11 PT01=466.30 PT05=240.05 MV1Feedback=20.00 DO1=0 DO2=0 DO3=1 makeupRunning=1 DO4=0 DI0=1 DI1=0 DI2=0 DI3=0 water=73.9
[Process] DO0=1 pumpRunning=1 frequencyHz=30.0 flow=24.12 PT01=466.53 PT05=240.22 MV1Feedback=20.00 DO1=0 DO2=0 DO3=1 makeupRunning=1 DO4=0 DI0=1 DI1=0 DI2=0 DI3=0 water=74.7
[Process] DO0=1 pumpRunning=1 frequencyHz=30.0 flow=24.12 PT01=466.74 PT05=240.39 MV1Feedback=20.00 DO1=0 DO2=0 DO3=1 makeupRunning=1 DO4=0 DI0=1 DI1=0 DI2=0 DI3=0 water=75.5
[Process] DO0=1 pumpRunning=1 frequencyHz=30.0 flow=24.13 PT01=466.93 PT05=240.55 MV1Feedback=20.00 DO1=0 DO2=0 DO3=1 makeupRunning=1 DO4=0 DI0=1 DI1=0 DI2=0 DI3=0 water=76.3
[Process] DO0=1 pumpRunning=1 frequencyHz=30.0 flow=24.13 PT01=467.12 PT05=240.71 MV1Feedback=20.00 DO1=0 DO2=0 DO3=1 makeupRunning=1 DO4=0 DI0=1 DI1=0 DI2=0 DI3=0 water=77.1
[Process] DO0=1 pumpRunning=1 frequencyHz=30.0 flow=24.13 PT01=467.31 PT05=240.86 MV1Feedback=20.00 DO1=0 DO2=0 DO3=1 makeupRunning=1 DO4=0 DI0=1 DI1=0 DI2=0 DI3=0 water=77.9
[Process] DO0=1 pumpRunning=1 frequencyHz=30.0 flow=24.13 PT01=467.49 PT05=241.01 MV1Feedback=20.00 DO1=0 DO2=0 DO3=1 makeupRunning=1 DO4=0 DI0=1 DI1=0 DI2=0 DI3=0 water=78.7
[Process] DO0=1 pumpRunning=1 frequencyHz=30.0 flow=24.13 PT01=467.67 PT05=241.17 MV1Feedback=20.00 DO1=0 DO2=0 DO3=1 makeupRunning=1 DO4=0 DI0=1 DI1=0 DI2=0 DI3=0 water=79.5
[Process] DO0=1 pumpRunning=1 frequencyHz=30.0 flow=24.13 PT01=467.86 PT05=241.32 MV1Feedback=20.00 DO1=0 DO2=0 DO3=1 makeupRunning=1 DO4=0 DI0=1 DI1=0 DI2=0 DI3=0 water=80.3
[Process] DO0=1 pumpRunning=1 frequencyHz=30.0 flow=24.13 PT01=468.04 PT05=241.47 MV1Feedback=20.00 DO1=0 DO2=0 DO3=1 makeupRunning=1 DO4=0 DI0=1 DI1=0 DI2=0 DI3=0 water=81.1
[Process] DO0=1 pumpRunning=1 frequencyHz=30.0 flow=24.13 PT01=468.22 PT05=241.62 MV1Feedback=20.00 DO1=0 DO2=0 DO3=1 makeupRunning=1 DO4=0 DI0=1 DI1=0 DI2=0 DI3=0 water=81.9
[Process] DO0=1 pumpRunning=1 frequencyHz=30.0 flow=24.13 PT01=468.40 PT05=241.77 MV1Feedback=20.00 DO1=0 DO2=0 DO3=1 makeupRunning=1 DO4=0 DI0=1 DI1=0 DI2=0 DI3=0 water=82.7
[Process] DO0=1 pumpRunning=1 frequencyHz=30.0 flow=24.13 PT01=468.58 PT05=241.92 MV1Feedback=20.00 DO1=0 DO2=0 DO3=1 makeupRunning=1 DO4=0 DI0=1 DI1=0 DI2=0 DI3=0 water=83.5
[Process] DO0=1 pumpRunning=1 frequencyHz=30.0 flow=24.13 PT01=468.76 PT05=242.07 MV1Feedback=20.00 DO1=0 DO2=0 DO3=1 makeupRunning=1 DO4=0 DI0=1 DI1=0 DI2=0 DI3=0 water=84.3
[16:32:54] Core → ADAM-6022：Holding Register offset 10 = [0]（AO0 變頻器頻率 0.00 Hz）
[16:32:54] Core → ADAM-6256：Coil offset 16 = [0]（DO0 變頻器啟動/循環泵 OFF）
[16:32:54] Core → ADAM-6256：Coil offset 19 = [0]（DO3 補水泵 OFF）
[16:32:54] 循環泵停止：DO0 未啟動
[16:32:54] 補水泵停止：DO3 未啟動
[Process] DO0=0 pumpRunning=0 frequencyHz=0.0 flow=19.54 PT01=383.41 PT05=199.20 MV1Feedback=20.00 DO1=0 DO2=0 DO3=0 makeupRunning=0 DO4=0 DI0=1 DI1=0 DI2=0 DI3=0 water=84.8
[Process] DO0=0 pumpRunning=0 frequencyHz=0.0 flow=11.54 PT01=234.21 PT05=124.19 MV1Feedback=20.00 DO1=0 DO2=0 DO3=0 makeupRunning=0 DO4=0 DI0=1 DI1=0 DI2=0 DI3=0 water=84.8
[Process] DO0=0 pumpRunning=0 frequencyHz=0.0 flow=6.81 PT01=146.11 PT05=79.90 MV1Feedback=20.00 DO1=0 DO2=0 DO3=0 makeupRunning=0 DO4=0 DI0=1 DI1=0 DI2=0 DI3=0 water=84.8
[Process] DO0=0 pumpRunning=0 frequencyHz=0.0 flow=4.02 PT01=94.09 PT05=53.74 MV1Feedback=20.00 DO1=0 DO2=0 DO3=0 makeupRunning=0 DO4=0 DI0=1 DI1=0 DI2=0 DI3=0 water=84.8
[Process] DO0=0 pumpRunning=0 frequencyHz=0.0 flow=2.38 PT01=63.37 PT05=38.30 MV1Feedback=20.00 DO1=0 DO2=0 DO3=0 makeupRunning=0 DO4=0 DI0=1 DI1=0 DI2=0 DI3=0 water=84.8
[Process] DO0=0 pumpRunning=0 frequencyHz=0.0 flow=1.40 PT01=45.23 PT05=29.18 MV1Feedback=20.00 DO1=0 DO2=0 DO3=0 makeupRunning=0 DO4=0 DI0=1 DI1=0 DI2=0 DI3=0 water=84.8
[Process] DO0=0 pumpRunning=0 frequencyHz=0.0 flow=0.83 PT01=34.52 PT05=23.79 MV1Feedback=20.00 DO1=0 DO2=0 DO3=0 makeupRunning=0 DO4=0 DI0=1 DI1=0 DI2=0 DI3=0 water=84.8
[Process] DO0=0 pumpRunning=0 frequencyHz=0.0 flow=0.49 PT01=28.20 PT05=20.61 MV1Feedback=20.00 DO1=0 DO2=0 DO3=0 makeupRunning=0 DO4=0 DI0=1 DI1=0 DI2=0 DI3=0 water=84.8
[Process] DO0=0 pumpRunning=0 frequencyHz=0.0 flow=0.29 PT01=24.47 PT05=18.73 MV1Feedback=20.00 DO1=0 DO2=0 DO3=0 makeupRunning=0 DO4=0 DI0=1 DI1=0 DI2=0 DI3=0 water=84.8
[Process] DO0=0 pumpRunning=0 frequencyHz=0.0 flow=0.17 PT01=22.26 PT05=17.63 MV1Feedback=20.00 DO1=0 DO2=0 DO3=0 makeupRunning=0 DO4=0 DI0=1 DI1=0 DI2=0 DI3=0 water=84.8
[Process] DO0=0 pumpRunning=0 frequencyHz=0.0 flow=0.10 PT01=20.96 PT05=16.97 MV1Feedback=20.00 DO1=0 DO2=0 DO3=0 makeupRunning=0 DO4=0 DI0=1 DI1=0 DI2=0 DI3=0 water=84.8
[Process] DO0=0 pumpRunning=0 frequencyHz=0.0 flow=0.06 PT01=20.19 PT05=16.58 MV1Feedback=20.00 DO1=0 DO2=0 DO3=0 makeupRunning=0 DO4=0 DI0=1 DI1=0 DI2=0 DI3=0 water=84.8
[Process] DO0=0 pumpRunning=0 frequencyHz=0.0 flow=0.04 PT01=19.73 PT05=16.36 MV1Feedback=20.00 DO1=0 DO2=0 DO3=0 makeupRunning=0 DO4=0 DI0=1 DI1=0 DI2=0 DI3=0 water=84.8
[Process] DO0=0 pumpRunning=0 frequencyHz=0.0 flow=0.02 PT01=19.47 PT05=16.22 MV1Feedback=20.00 DO1=0 DO2=0 DO3=0 makeupRunning=0 DO4=0 DI0=1 DI1=0 DI2=0 DI3=0 water=84.8
[Process] DO0=0 pumpRunning=0 frequencyHz=0.0 flow=0.01 PT01=19.31 PT05=16.14 MV1Feedback=20.00 DO1=0 DO2=0 DO3=0 makeupRunning=0 DO4=0 DI0=1 DI1=0 DI2=0 DI3=0 water=84.8
[Process] DO0=0 pumpRunning=0 frequencyHz=0.0 flow=0.01 PT01=19.21 PT05=16.09 MV1Feedback=20.00 DO1=0 DO2=0 DO3=0 makeupRunning=0 DO4=0 DI0=1 DI1=0 DI2=0 DI3=0 water=84.8
[Process] DO0=0 pumpRunning=0 frequencyHz=0.0 flow=0.00 PT01=19.16 PT05=16.07 MV1Feedback=20.00 DO1=0 DO2=0 DO3=0 makeupRunning=0 DO4=0 DI0=1 DI1=0 DI2=0 DI3=0 water=84.8
[Process] DO0=0 pumpRunning=0 frequencyHz=0.0 flow=0.00 PT01=19.13 PT05=16.05 MV1Feedback=20.00 DO1=0 DO2=0 DO3=0 makeupRunning=0 DO4=0 DI0=1 DI1=0 DI2=0 DI3=0 water=84.8
[Process] DO0=0 pumpRunning=0 frequencyHz=0.0 flow=0.00 PT01=19.11 PT05=16.04 MV1Feedback=20.00 DO1=0 DO2=0 DO3=0 makeupRunning=0 DO4=0 DI0=1 DI1=0 DI2=0 DI3=0 water=84.8
[Process] DO0=0 pumpRunning=0 frequencyHz=0.0 flow=0.00 PT01=19.10 PT05=16.04 MV1Feedback=20.00 DO1=0 DO2=0 DO3=0 makeupRunning=0 DO4=0 DI0=1 DI1=0 DI2=0 DI3=0 water=84.8
[Process] DO0=0 pumpRunning=0 frequencyHz=0.0 flow=0.00 PT01=19.09 PT05=16.03 MV1Feedback=20.00 DO1=0 DO2=0 DO3=0 makeupRunning=0 DO4=0 DI0=1 DI1=0 DI2=0 DI3=0 water=84.8
[Process] DO0=0 pumpRunning=0 frequencyHz=0.0 flow=0.00 PT01=19.09 PT05=16.03 MV1Feedback=20.00 DO1=0 DO2=0 DO3=0 makeupRunning=0 DO4=0 DI0=1 DI1=0 DI2=0 DI3=0 water=84.8
[Process] DO0=0 pumpRunning=0 frequencyHz=0.0 flow=0.00 PT01=19.08 PT05=16.03 MV1Feedback=20.00 DO1=0 DO2=0 DO3=0 makeupRunning=0 DO4=0 DI0=1 DI1=0 DI2=0 DI3=0 water=84.8
[Process] DO0=0 pumpRunning=0 frequencyHz=0.0 flow=0.00 PT01=19.08 PT05=16.03 MV1Feedback=20.00 DO1=0 DO2=0 DO3=0 makeupRunning=0 DO4=0 DI0=1 DI1=0 DI2=0 DI3=0 water=84.8
[Process] DO0=0 pumpRunning=0 frequencyHz=0.0 flow=0.00 PT01=19.08 PT05=16.03 MV1Feedback=20.00 DO1=0 DO2=0 DO3=0 makeupRunning=0 DO4=0 DI0=1 DI1=0 DI2=0 DI3=0 water=84.8
[Process] DO0=0 pumpRunning=0 frequencyHz=0.0 flow=0.00 PT01=19.08 PT05=16.03 MV1Feedback=20.00 DO1=0 DO2=0 DO3=0 makeupRunning=0 DO4=0 DI0=1 DI1=0 DI2=0 DI3=0 water=84.8
[Process] DO0=0 pumpRunning=0 frequencyHz=0.0 flow=0.00 PT01=19.08 PT05=16.03 MV1Feedback=20.00 DO1=0 DO2=0 DO3=0 makeupRunning=0 DO4=0 DI0=1 DI1=0 DI2=0 DI3=0 water=84.8
[Process] DO0=0 pumpRunning=0 frequencyHz=0.0 flow=0.00 PT01=19.08 PT05=16.03 MV1Feedback=20.00 DO1=0 DO2=0 DO3=0 makeupRunning=0 DO4=0 DI0=1 DI1=0 DI2=0 DI3=0 water=84.8
[Process] DO0=0 pumpRunning=0 frequencyHz=0.0 flow=0.00 PT01=19.08 PT05=16.03 MV1Feedback=20.00 DO1=0 DO2=0 DO3=0 makeupRunning=0 DO4=0 DI0=1 DI1=0 DI2=0 DI3=0 water=84.8
[Process] DO0=0 pumpRunning=0 frequencyHz=0.0 flow=0.00 PT01=19.08 PT05=16.03 MV1Feedback=20.00 DO1=0 DO2=0 DO3=0 makeupRunning=0 DO4=0 DI0=1 DI1=0 DI2=0 DI3=0 water=84.8
[Process] DO0=0 pumpRunning=0 frequencyHz=0.0 flow=0.00 PT01=19.08 PT05=16.03 MV1Feedback=20.00 DO1=0 DO2=0 DO3=0 makeupRunning=0 DO4=0 DI0=1 DI1=0 DI2=0 DI3=0 water=84.8
[16:33:26] Core → ADAM-6256：Coil offset 18 = [1]（DO2 急停（active-low，0=急停） 1=急停釋放）
[Process] DO0=0 pumpRunning=0 frequencyHz=0.0 flow=0.00 PT01=19.08 PT05=16.03 MV1Feedback=20.00 DO1=0 DO2=1 DO3=0 makeupRunning=0 DO4=0 DI0=1 DI1=0 DI2=0 DI3=0 water=84.8
[Process] DO0=0 pumpRunning=0 frequencyHz=0.0 flow=0.00 PT01=19.08 PT05=16.03 MV1Feedback=20.00 DO1=0 DO2=1 DO3=0 makeupRunning=0 DO4=0 DI0=1 DI1=0 DI2=0 DI3=0 water=84.8
[Process] DO0=0 pumpRunning=0 frequencyHz=0.0 flow=0.00 PT01=19.08 PT05=16.03 MV1Feedback=20.00 DO1=0 DO2=1 DO3=0 makeupRunning=0 DO4=0 DI0=1 DI1=0 DI2=0 DI3=0 water=84.8
[Process] DO0=0 pumpRunning=0 frequencyHz=0.0 flow=0.00 PT01=19.08 PT05=16.03 MV1Feedback=20.00 DO1=0 DO2=1 DO3=0 makeupRunning=0 DO4=0 DI0=1 DI1=0 DI2=0 DI3=0 water=84.8
[Process] DO0=0 pumpRunning=0 frequencyHz=0.0 flow=0.00 PT01=19.08 PT05=16.03 MV1Feedback=20.00 DO1=0 DO2=1 DO3=0 makeupRunning=0 DO4=0 DI0=1 DI1=0 DI2=0 DI3=0 water=84.8
[Process] DO0=0 pumpRunning=0 frequencyHz=0.0 flow=0.00 PT01=19.08 PT05=16.03 MV1Feedback=20.00 DO1=0 DO2=1 DO3=0 makeupRunning=0 DO4=0 DI0=1 DI1=0 DI2=0 DI3=0 water=84.8
[16:33:32] Core → ADAM-6256：Coil offset 19 = [1]（DO3 補水泵 ON）
[16:33:32] 補水泵運轉（DO3=1），系統水量上升
[Process] DO0=0 pumpRunning=0 frequencyHz=0.0 flow=0.00 PT01=19.09 PT05=16.04 MV1Feedback=20.00 DO1=0 DO2=1 DO3=1 makeupRunning=1 DO4=0 DI0=1 DI1=0 DI2=0 DI3=0 water=85.1
[Process] DO0=0 pumpRunning=0 frequencyHz=0.0 flow=0.00 PT01=19.16 PT05=16.10 MV1Feedback=20.00 DO1=0 DO2=1 DO3=1 makeupRunning=1 DO4=0 DI0=1 DI1=0 DI2=0 DI3=0 water=85.9
[Process] DO0=0 pumpRunning=0 frequencyHz=0.0 flow=0.00 PT01=19.28 PT05=16.19 MV1Feedback=20.00 DO1=0 DO2=1 DO3=1 makeupRunning=1 DO4=0 DI0=1 DI1=0 DI2=0 DI3=0 water=86.7
[Process] DO0=0 pumpRunning=0 frequencyHz=0.0 flow=0.00 PT01=19.42 PT05=16.31 MV1Feedback=20.00 DO1=0 DO2=1 DO3=1 makeupRunning=1 DO4=0 DI0=1 DI1=0 DI2=0 DI3=0 water=87.5
[Process] DO0=0 pumpRunning=0 frequencyHz=0.0 flow=0.00 PT01=19.58 PT05=16.45 MV1Feedback=20.00 DO1=0 DO2=1 DO3=1 makeupRunning=1 DO4=0 DI0=1 DI1=0 DI2=0 DI3=0 water=88.3
[16:33:37] ADAM-6224 DI0 相位正常 = 0：相位異常；Core 應產生「相位異常」警報並強制 DO0/DO3 OFF，泵浦無法運轉
[16:33:37] 補水泵停止：相位異常（DI0=0）
[Process] DO0=0 pumpRunning=0 frequencyHz=0.0 flow=0.00 PT01=19.73 PT05=16.57 MV1Feedback=20.00 DO1=0 DO2=1 DO3=1 makeupRunning=0 DO4=0 DI0=0 DI1=0 DI2=0 DI3=0 water=88.6
[16:33:37] Core → ADAM-6256：Coil offset 19 = [0]（DO3 補水泵 OFF）
[Process] DO0=0 pumpRunning=0 frequencyHz=0.0 flow=0.00 PT01=19.82 PT05=16.65 MV1Feedback=20.00 DO1=0 DO2=1 DO3=0 makeupRunning=0 DO4=0 DI0=0 DI1=0 DI2=0 DI3=0 water=88.6
[Process] DO0=0 pumpRunning=0 frequencyHz=0.0 flow=0.00 PT01=19.87 PT05=16.69 MV1Feedback=20.00 DO1=0 DO2=1 DO3=0 makeupRunning=0 DO4=0 DI0=0 DI1=0 DI2=0 DI3=0 water=88.6
[Process] DO0=0 pumpRunning=0 frequencyHz=0.0 flow=0.00 PT01=19.90 PT05=16.72 MV1Feedback=20.00 DO1=0 DO2=1 DO3=0 makeupRunning=0 DO4=0 DI0=0 DI1=0 DI2=0 DI3=0 water=88.6
[Process] DO0=0 pumpRunning=0 frequencyHz=0.0 flow=0.00 PT01=19.92 PT05=16.73 MV1Feedback=20.00 DO1=0 DO2=1 DO3=0 makeupRunning=0 DO4=0 DI0=0 DI1=0 DI2=0 DI3=0 water=88.6
[Process] DO0=0 pumpRunning=0 frequencyHz=0.0 flow=0.00 PT01=19.93 PT05=16.74 MV1Feedback=20.00 DO1=0 DO2=1 DO3=0 makeupRunning=0 DO4=0 DI0=0 DI1=0 DI2=0 DI3=0 water=88.6
[Process] DO0=0 pumpRunning=0 frequencyHz=0.0 flow=0.00 PT01=19.93 PT05=16.75 MV1Feedback=20.00 DO1=0 DO2=1 DO3=0 makeupRunning=0 DO4=0 DI0=0 DI1=0 DI2=0 DI3=0 water=88.6
[Process] DO0=0 pumpRunning=0 frequencyHz=0.0 flow=0.00 PT01=19.94 PT05=16.75 MV1Feedback=20.00 DO1=0 DO2=1 DO3=0 makeupRunning=0 DO4=0 DI0=0 DI1=0 DI2=0 DI3=0 water=88.6
[Process] DO0=0 pumpRunning=0 frequencyHz=0.0 flow=0.00 PT01=19.94 PT05=16.75 MV1Feedback=20.00 DO1=0 DO2=1 DO3=0 makeupRunning=0 DO4=0 DI0=0 DI1=0 DI2=0 DI3=0 water=88.6
[Process] DO0=0 pumpRunning=0 frequencyHz=0.0 flow=0.00 PT01=19.94 PT05=16.75 MV1Feedback=20.00 DO1=0 DO2=1 DO3=0 makeupRunning=0 DO4=0 DI0=0 DI1=0 DI2=0 DI3=0 water=88.6
[Process] DO0=0 pumpRunning=0 frequencyHz=0.0 flow=0.00 PT01=19.94 PT05=16.75 MV1Feedback=20.00 DO1=0 DO2=1 DO3=0 makeupRunning=0 DO4=0 DI0=0 DI1=0 DI2=0 DI3=0 water=88.6
[Process] DO0=0 pumpRunning=0 frequencyHz=0.0 flow=0.00 PT01=19.94 PT05=16.75 MV1Feedback=20.00 DO1=0 DO2=1 DO3=0 makeupRunning=0 DO4=0 DI0=0 DI1=0 DI2=0 DI3=0 water=88.6
[Process] DO0=0 pumpRunning=0 frequencyHz=0.0 flow=0.00 PT01=19.94 PT05=16.75 MV1Feedback=20.00 DO1=0 DO2=1 DO3=0 makeupRunning=0 DO4=0 DI0=0 DI1=0 DI2=0 DI3=0 water=88.6
[Process] DO0=0 pumpRunning=0 frequencyHz=0.0 flow=0.00 PT01=19.94 PT05=16.75 MV1Feedback=20.00 DO1=0 DO2=1 DO3=0 makeupRunning=0 DO4=0 DI0=0 DI1=0 DI2=0 DI3=0 water=88.6
[Process] DO0=0 pumpRunning=0 frequencyHz=0.0 flow=0.00 PT01=19.94 PT05=16.75 MV1Feedback=20.00 DO1=0 DO2=1 DO3=0 makeupRunning=0 DO4=0 DI0=0 DI1=0 DI2=0 DI3=0 water=88.6
[Process] DO0=0 pumpRunning=0 frequencyHz=0.0 flow=0.00 PT01=19.94 PT05=16.75 MV1Feedback=20.00 DO1=0 DO2=1 DO3=0 makeupRunning=0 DO4=0 DI0=0 DI1=0 DI2=0 DI3=0 water=88.6
[Process] DO0=0 pumpRunning=0 frequencyHz=0.0 flow=0.00 PT01=19.94 PT05=16.75 MV1Feedback=20.00 DO1=0 DO2=1 DO3=0 makeupRunning=0 DO4=0 DI0=0 DI1=0 DI2=0 DI3=0 water=88.6
[Process] DO0=0 pumpRunning=0 frequencyHz=0.0 flow=0.00 PT01=19.94 PT05=16.75 MV1Feedback=20.00 DO1=0 DO2=1 DO3=0 makeupRunning=0 DO4=0 DI0=0 DI1=0 DI2=0 DI3=0 water=88.6
[Process] DO0=0 pumpRunning=0 frequencyHz=0.0 flow=0.00 PT01=19.94 PT05=16.75 MV1Feedback=20.00 DO1=0 DO2=1 DO3=0 makeupRunning=0 DO4=0 DI0=0 DI1=0 DI2=0 DI3=0 water=88.6
[Process] DO0=0 pumpRunning=0 frequencyHz=0.0 flow=0.00 PT01=19.94 PT05=16.75 MV1Feedback=20.00 DO1=0 DO2=1 DO3=0 makeupRunning=0 DO4=0 DI0=0 DI1=0 DI2=0 DI3=0 water=88.6
[Process] DO0=0 pumpRunning=0 frequencyHz=0.0 flow=0.00 PT01=19.94 PT05=16.75 MV1Feedback=20.00 DO1=0 DO2=1 DO3=0 makeupRunning=0 DO4=0 DI0=0 DI1=0 DI2=0 DI3=0 water=88.6
[Process] DO0=0 pumpRunning=0 frequencyHz=0.0 flow=0.00 PT01=19.94 PT05=16.75 MV1Feedback=20.00 DO1=0 DO2=1 DO3=0 makeupRunning=0 DO4=0 DI0=0 DI1=0 DI2=0 DI3=0 water=88.6
[Process] DO0=0 pumpRunning=0 frequencyHz=0.0 flow=0.00 PT01=19.94 PT05=16.75 MV1Feedback=20.00 DO1=0 DO2=1 DO3=0 makeupRunning=0 DO4=0 DI0=0 DI1=0 DI2=0 DI3=0 water=88.6
[Process] DO0=0 pumpRunning=0 frequencyHz=0.0 flow=0.00 PT01=19.94 PT05=16.75 MV1Feedback=20.00 DO1=0 DO2=1 DO3=0 makeupRunning=0 DO4=0 DI0=0 DI1=0 DI2=0 DI3=0 water=88.6
[Process] DO0=0 pumpRunning=0 frequencyHz=0.0 flow=0.00 PT01=19.94 PT05=16.75 MV1Feedback=20.00 DO1=0 DO2=1 DO3=0 makeupRunning=0 DO4=0 DI0=0 DI1=0 DI2=0 DI3=0 water=88.6
[Process] DO0=0 pumpRunning=0 frequencyHz=0.0 flow=0.00 PT01=19.94 PT05=16.75 MV1Feedback=20.00 DO1=0 DO2=1 DO3=0 makeupRunning=0 DO4=0 DI0=0 DI1=0 DI2=0 DI3=0 water=88.6
[Process] DO0=0 pumpRunning=0 frequencyHz=0.0 flow=0.00 PT01=19.94 PT05=16.75 MV1Feedback=20.00 DO1=0 DO2=1 DO3=0 makeupRunning=0 DO4=0 DI0=0 DI1=0 DI2=0 DI3=0 water=88.6
[Process] DO0=0 pumpRunning=0 frequencyHz=0.0 flow=0.00 PT01=19.94 PT05=16.75 MV1Feedback=20.00 DO1=0 DO2=1 DO3=0 makeupRunning=0 DO4=0 DI0=0 DI1=0 DI2=0 DI3=0 water=88.6
[16:34:05] ADAM-6224 DI0 相位正常 = 1：相位恢復正常；Core 重新允許 DO0/DO3
[Process] DO0=0 pumpRunning=0 frequencyHz=0.0 flow=0.00 PT01=19.94 PT05=16.75 MV1Feedback=20.00 DO1=0 DO2=1 DO3=0 makeupRunning=0 DO4=0 DI0=1 DI1=0 DI2=0 DI3=0 water=88.6
[Process] DO0=0 pumpRunning=0 frequencyHz=0.0 flow=0.00 PT01=19.94 PT05=16.75 MV1Feedback=20.00 DO1=0 DO2=1 DO3=0 makeupRunning=0 DO4=0 DI0=1 DI1=0 DI2=0 DI3=0 water=88.6
[Process] DO0=0 pumpRunning=0 frequencyHz=0.0 flow=0.00 PT01=19.94 PT05=16.75 MV1Feedback=20.00 DO1=0 DO2=1 DO3=0 makeupRunning=0 DO4=0 DI0=1 DI1=0 DI2=0 DI3=0 water=88.6
[Process] DO0=0 pumpRunning=0 frequencyHz=0.0 flow=0.00 PT01=19.94 PT05=16.75 MV1Feedback=20.00 DO1=0 DO2=1 DO3=0 makeupRunning=0 DO4=0 DI0=1 DI1=0 DI2=0 DI3=0 water=88.6
[Process] DO0=0 pumpRunning=0 frequencyHz=0.0 flow=0.00 PT01=19.94 PT05=16.75 MV1Feedback=20.00 DO1=0 DO2=1 DO3=0 makeupRunning=0 DO4=0 DI0=1 DI1=0 DI2=0 DI3=0 water=88.6
[Process] DO0=0 pumpRunning=0 frequencyHz=0.0 flow=0.00 PT01=19.94 PT05=16.75 MV1Feedback=20.00 DO1=0 DO2=1 DO3=0 makeupRunning=0 DO4=0 DI0=1 DI1=0 DI2=0 DI3=0 water=88.6
[Process] DO0=0 pumpRunning=0 frequencyHz=0.0 flow=0.00 PT01=19.94 PT05=16.75 MV1Feedback=20.00 DO1=0 DO2=1 DO3=0 makeupRunning=0 DO4=0 DI0=1 DI1=0 DI2=0 DI3=0 water=88.6
[Process] DO0=0 pumpRunning=0 frequencyHz=0.0 flow=0.00 PT01=19.94 PT05=16.75 MV1Feedback=20.00 DO1=0 DO2=1 DO3=0 makeupRunning=0 DO4=0 DI0=1 DI1=0 DI2=0 DI3=0 water=88.6
[Process] DO0=0 pumpRunning=0 frequencyHz=0.0 flow=0.00 PT01=19.94 PT05=16.75 MV1Feedback=20.00 DO1=0 DO2=1 DO3=0 makeupRunning=0 DO4=0 DI0=1 DI1=0 DI2=0 DI3=0 water=88.6
[Process] DO0=0 pumpRunning=0 frequencyHz=0.0 flow=0.00 PT01=19.94 PT05=16.75 MV1Feedback=20.00 DO1=0 DO2=1 DO3=0 makeupRunning=0 DO4=0 DI0=1 DI1=0 DI2=0 DI3=0 water=88.6
[Process] DO0=0 pumpRunning=0 frequencyHz=0.0 flow=0.00 PT01=19.94 PT05=16.75 MV1Feedback=20.00 DO1=0 DO2=1 DO3=0 makeupRunning=0 DO4=0 DI0=1 DI1=0 DI2=0 DI3=0 water=88.6
[Process] DO0=0 pumpRunning=0 frequencyHz=0.0 flow=0.00 PT01=19.94 PT05=16.75 MV1Feedback=20.00 DO1=0 DO2=1 DO3=0 makeupRunning=0 DO4=0 DI0=1 DI1=0 DI2=0 DI3=0 water=88.6
[Process] DO0=0 pumpRunning=0 frequencyHz=0.0 flow=0.00 PT01=19.94 PT05=16.75 MV1Feedback=20.00 DO1=0 DO2=1 DO3=0 makeupRunning=0 DO4=0 DI0=1 DI1=0 DI2=0 DI3=0 water=88.6
[Process] DO0=0 pumpRunning=0 frequencyHz=0.0 flow=0.00 PT01=19.94 PT05=16.75 MV1Feedback=20.00 DO1=0 DO2=1 DO3=0 makeupRunning=0 DO4=0 DI0=1 DI1=0 DI2=0 DI3=0 water=88.6
[Process] DO0=0 pumpRunning=0 frequencyHz=0.0 flow=0.00 PT01=19.94 PT05=16.75 MV1Feedback=20.00 DO1=0 DO2=1 DO3=0 makeupRunning=0 DO4=0 DI0=1 DI1=0 DI2=0 DI3=0 water=88.6
[Process] DO0=0 pumpRunning=0 frequencyHz=0.0 flow=0.00 PT01=19.94 PT05=16.75 MV1Feedback=20.00 DO1=0 DO2=1 DO3=0 makeupRunning=0 DO4=0 DI0=1 DI1=0 DI2=0 DI3=0 water=88.6
[Process] DO0=0 pumpRunning=0 frequencyHz=0.0 flow=0.00 PT01=19.94 PT05=16.75 MV1Feedback=20.00 DO1=0 DO2=1 DO3=0 makeupRunning=0 DO4=0 DI0=1 DI1=0 DI2=0 DI3=0 water=88.6
[Process] DO0=0 pumpRunning=0 frequencyHz=0.0 flow=0.00 PT01=19.94 PT05=16.75 MV1Feedback=20.00 DO1=0 DO2=1 DO3=0 makeupRunning=0 DO4=0 DI0=1 DI1=0 DI2=0 DI3=0 water=88.6
[Process] DO0=0 pumpRunning=0 frequencyHz=0.0 flow=0.00 PT01=19.94 PT05=16.75 MV1Feedback=20.00 DO1=0 DO2=1 DO3=0 makeupRunning=0 DO4=0 DI0=1 DI1=0 DI2=0 DI3=0 water=88.6
[Process] DO0=0 pumpRunning=0 frequencyHz=0.0 flow=0.00 PT01=19.94 PT05=16.75 MV1Feedback=20.00 DO1=0 DO2=1 DO3=0 makeupRunning=0 DO4=0 DI0=1 DI1=0 DI2=0 DI3=0 water=88.6
[Process] DO0=0 pumpRunning=0 frequencyHz=0.0 flow=0.00 PT01=19.94 PT05=16.75 MV1Feedback=20.00 DO1=0 DO2=1 DO3=0 makeupRunning=0 DO4=0 DI0=1 DI1=0 DI2=0 DI3=0 water=88.6
[Process] DO0=0 pumpRunning=0 frequencyHz=0.0 flow=0.00 PT01=19.94 PT05=16.75 MV1Feedback=20.00 DO1=0 DO2=1 DO3=0 makeupRunning=0 DO4=0 DI0=1 DI1=0 DI2=0 DI3=0 water=88.6
[Process] DO0=0 pumpRunning=0 frequencyHz=0.0 flow=0.00 PT01=19.94 PT05=16.75 MV1Feedback=20.00 DO1=0 DO2=1 DO3=0 makeupRunning=0 DO4=0 DI0=1 DI1=0 DI2=0 DI3=0 water=88.6
[Process] DO0=0 pumpRunning=0 frequencyHz=0.0 flow=0.00 PT01=19.94 PT05=16.75 MV1Feedback=20.00 DO1=0 DO2=1 DO3=0 makeupRunning=0 DO4=0 DI0=1 DI1=0 DI2=0 DI3=0 water=88.6
[Process] DO0=0 pumpRunning=0 frequencyHz=0.0 flow=0.00 PT01=19.94 PT05=16.75 MV1Feedback=20.00 DO1=0 DO2=1 DO3=0 makeupRunning=0 DO4=0 DI0=1 DI1=0 DI2=0 DI3=0 water=88.6
[Process] DO0=0 pumpRunning=0 frequencyHz=0.0 flow=0.00 PT01=19.94 PT05=16.75 MV1Feedback=20.00 DO1=0 DO2=1 DO3=0 makeupRunning=0 DO4=0 DI0=1 DI1=0 DI2=0 DI3=0 water=88.6
[Process] DO0=0 pumpRunning=0 frequencyHz=0.0 flow=0.00 PT01=19.94 PT05=16.75 MV1Feedback=20.00 DO1=0 DO2=1 DO3=0 makeupRunning=0 DO4=0 DI0=1 DI1=0 DI2=0 DI3=0 water=88.6
[Process] DO0=0 pumpRunning=0 frequencyHz=0.0 flow=0.00 PT01=19.94 PT05=16.75 MV1Feedback=20.00 DO1=0 DO2=1 DO3=0 makeupRunning=0 DO4=0 DI0=1 DI1=0 DI2=0 DI3=0 water=88.6
[Process] DO0=0 pumpRunning=0 frequencyHz=0.0 flow=0.00 PT01=19.94 PT05=16.75 MV1Feedback=20.00 DO1=0 DO2=1 DO3=0 makeupRunning=0 DO4=0 DI0=1 DI1=0 DI2=0 DI3=0 water=88.6
[Process] DO0=0 pumpRunning=0 frequencyHz=0.0 flow=0.00 PT01=19.94 PT05=16.75 MV1Feedback=20.00 DO1=0 DO2=1 DO3=0 makeupRunning=0 DO4=0 DI0=1 DI1=0 DI2=0 DI3=0 water=88.6
[Process] DO0=0 pumpRunning=0 frequencyHz=0.0 flow=0.00 PT01=19.94 PT05=16.75 MV1Feedback=20.00 DO1=0 DO2=1 DO3=0 makeupRunning=0 DO4=0 DI0=1 DI1=0 DI2=0 DI3=0 water=88.6
[Process] DO0=0 pumpRunning=0 frequencyHz=0.0 flow=0.00 PT01=19.94 PT05=16.75 MV1Feedback=20.00 DO1=0 DO2=1 DO3=0 makeupRunning=0 DO4=0 DI0=1 DI1=0 DI2=0 DI3=0 water=88.6
[Process] DO0=0 pumpRunning=0 frequencyHz=0.0 flow=0.00 PT01=19.94 PT05=16.75 MV1Feedback=20.00 DO1=0 DO2=1 DO3=0 makeupRunning=0 DO4=0 DI0=1 DI1=0 DI2=0 DI3=0 water=88.6
[Process] DO0=0 pumpRunning=0 frequencyHz=0.0 flow=0.00 PT01=19.94 PT05=16.75 MV1Feedback=20.00 DO1=0 DO2=1 DO3=0 makeupRunning=0 DO4=0 DI0=1 DI1=0 DI2=0 DI3=0 water=88.6
[Process] DO0=0 pumpRunning=0 frequencyHz=0.0 flow=0.00 PT01=19.94 PT05=16.75 MV1Feedback=20.00 DO1=0 DO2=1 DO3=0 makeupRunning=0 DO4=0 DI0=1 DI1=0 DI2=0 DI3=0 water=88.6
[Process] DO0=0 pumpRunning=0 frequencyHz=0.0 flow=0.00 PT01=19.94 PT05=16.75 MV1Feedback=20.00 DO1=0 DO2=1 DO3=0 makeupRunning=0 DO4=0 DI0=1 DI1=0 DI2=0 DI3=0 water=88.6
[Process] DO0=0 pumpRunning=0 frequencyHz=0.0 flow=0.00 PT01=19.94 PT05=16.75 MV1Feedback=20.00 DO1=0 DO2=1 DO3=0 makeupRunning=0 DO4=0 DI0=1 DI1=0 DI2=0 DI3=0 water=88.6
[Process] DO0=0 pumpRunning=0 frequencyHz=0.0 flow=0.00 PT01=19.94 PT05=16.75 MV1Feedback=20.00 DO1=0 DO2=1 DO3=0 makeupRunning=0 DO4=0 DI0=1 DI1=0 DI2=0 DI3=0 water=88.6
[Process] DO0=0 pumpRunning=0 frequencyHz=0.0 flow=0.00 PT01=19.94 PT05=16.75 MV1Feedback=20.00 DO1=0 DO2=1 DO3=0 makeupRunning=0 DO4=0 DI0=1 DI1=0 DI2=0 DI3=0 water=88.6
[Process] DO0=0 pumpRunning=0 frequencyHz=0.0 flow=0.00 PT01=19.94 PT05=16.75 MV1Feedback=20.00 DO1=0 DO2=1 DO3=0 makeupRunning=0 DO4=0 DI0=1 DI1=0 DI2=0 DI3=0 water=88.6
[Process] DO0=0 pumpRunning=0 frequencyHz=0.0 flow=0.00 PT01=19.94 PT05=16.75 MV1Feedback=20.00 DO1=0 DO2=1 DO3=0 makeupRunning=0 DO4=0 DI0=1 DI1=0 DI2=0 DI3=0 water=88.6
[Process] DO0=0 pumpRunning=0 frequencyHz=0.0 flow=0.00 PT01=19.94 PT05=16.75 MV1Feedback=20.00 DO1=0 DO2=1 DO3=0 makeupRunning=0 DO4=0 DI0=1 DI1=0 DI2=0 DI3=0 water=88.6
[Process] DO0=0 pumpRunning=0 frequencyHz=0.0 flow=0.00 PT01=19.94 PT05=16.75 MV1Feedback=20.00 DO1=0 DO2=1 DO3=0 makeupRunning=0 DO4=0 DI0=1 DI1=0 DI2=0 DI3=0 water=88.6
[Process] DO0=0 pumpRunning=0 frequencyHz=0.0 flow=0.00 PT01=19.94 PT05=16.75 MV1Feedback=20.00 DO1=0 DO2=1 DO3=0 makeupRunning=0 DO4=0 DI0=1 DI1=0 DI2=0 DI3=0 water=88.6

