[17:49:51] 已套用本機回送端點；Core 端點也需改成相同設定。
[17:49:52] 點位對齊 taidaflow core 分支；ADAM-6224 DI 初始值：DI0 相位正常=1，DI1 漏液檢出=0，DI2 補水泵 OL=0，DI3 備用（Core 未使用）=0
[17:49:52] 完整設備模擬器已就緒。請啟動全部 ADAM Server。
[17:49:52] ADAM-6256: Listening
[AdamDeviceServer] ADAM-6256 listening on 127.0.0.201:502 unit=1
[17:49:52] ADAM-6217 A: Listening
[AdamDeviceServer] ADAM-6217 A listening on 127.0.0.202:502 unit=1
[17:49:52] ADAM-6217 B: Listening
[AdamDeviceServer] ADAM-6217 B listening on 127.0.0.203:502 unit=1
[17:49:52] ADAM-6224: Listening
[AdamDeviceServer] ADAM-6224 listening on 127.0.0.204:502 unit=1
[17:49:52] ADAM-6022: Listening
[AdamDeviceServer] ADAM-6022 listening on 127.0.0.205:502 unit=1
[Process] DO0=0 pumpRunning=0 frequencyHz=40.0 flow=0.00 PT01=7.37 PT05=6.19 MV1Feedback=9.45 DO1=0 DO2=0 DO3=0 makeupRunning=0 DO4=0 DI0=1 DI1=0 DI2=0 DI3=0 water=80.0
[Process] DO0=0 pumpRunning=0 frequencyHz=40.0 flow=0.00 PT01=11.72 PT05=9.85 MV1Feedback=14.43 DO1=0 DO2=0 DO3=0 makeupRunning=0 DO4=0 DI0=1 DI1=0 DI2=0 DI3=0 water=80.0
[Process] DO0=0 pumpRunning=0 frequencyHz=40.0 flow=0.00 PT01=14.29 PT05=12.01 MV1Feedback=17.06 DO1=0 DO2=0 DO3=0 makeupRunning=0 DO4=0 DI0=1 DI1=0 DI2=0 DI3=0 water=80.0
[Process] DO0=0 pumpRunning=0 frequencyHz=40.0 flow=0.00 PT01=15.81 PT05=13.28 MV1Feedback=18.45 DO1=0 DO2=0 DO3=0 makeupRunning=0 DO4=0 DI0=1 DI1=0 DI2=0 DI3=0 water=80.0
[Process] DO0=0 pumpRunning=0 frequencyHz=40.0 flow=0.00 PT01=16.71 PT05=14.03 MV1Feedback=19.18 DO1=0 DO2=0 DO3=0 makeupRunning=0 DO4=0 DI0=1 DI1=0 DI2=0 DI3=0 water=80.0
[Process] DO0=0 pumpRunning=0 frequencyHz=40.0 flow=0.00 PT01=17.24 PT05=14.48 MV1Feedback=19.57 DO1=0 DO2=0 DO3=0 makeupRunning=0 DO4=0 DI0=1 DI1=0 DI2=0 DI3=0 water=80.0
[Process] DO0=0 pumpRunning=0 frequencyHz=40.0 flow=0.00 PT01=17.55 PT05=14.74 MV1Feedback=19.77 DO1=0 DO2=0 DO3=0 makeupRunning=0 DO4=0 DI0=1 DI1=0 DI2=0 DI3=0 water=80.0
[Process] DO0=0 pumpRunning=0 frequencyHz=40.0 flow=0.00 PT01=17.73 PT05=14.90 MV1Feedback=19.88 DO1=0 DO2=0 DO3=0 makeupRunning=0 DO4=0 DI0=1 DI1=0 DI2=0 DI3=0 water=80.0
[Process] DO0=0 pumpRunning=0 frequencyHz=40.0 flow=0.00 PT01=17.84 PT05=14.99 MV1Feedback=19.94 DO1=0 DO2=0 DO3=0 makeupRunning=0 DO4=0 DI0=1 DI1=0 DI2=0 DI3=0 water=80.0
[Process] DO0=0 pumpRunning=0 frequencyHz=40.0 flow=0.00 PT01=17.91 PT05=15.04 MV1Feedback=19.97 DO1=0 DO2=0 DO3=0 makeupRunning=0 DO4=0 DI0=1 DI1=0 DI2=0 DI3=0 water=80.0
[Process] DO0=0 pumpRunning=0 frequencyHz=40.0 flow=0.00 PT01=17.95 PT05=15.07 MV1Feedback=19.98 DO1=0 DO2=0 DO3=0 makeupRunning=0 DO4=0 DI0=1 DI1=0 DI2=0 DI3=0 water=80.0
[Process] DO0=0 pumpRunning=0 frequencyHz=40.0 flow=0.00 PT01=17.97 PT05=15.09 MV1Feedback=19.99 DO1=0 DO2=0 DO3=0 makeupRunning=0 DO4=0 DI0=1 DI1=0 DI2=0 DI3=0 water=80.0
[Process] DO0=0 pumpRunning=0 frequencyHz=40.0 flow=0.00 PT01=17.98 PT05=15.10 MV1Feedback=20.00 DO1=0 DO2=0 DO3=0 makeupRunning=0 DO4=0 DI0=1 DI1=0 DI2=0 DI3=0 water=80.0
[Process] DO0=0 pumpRunning=0 frequencyHz=40.0 flow=0.00 PT01=17.99 PT05=15.11 MV1Feedback=20.00 DO1=0 DO2=0 DO3=0 makeupRunning=0 DO4=0 DI0=1 DI1=0 DI2=0 DI3=0 water=80.0
[Process] DO0=0 pumpRunning=0 frequencyHz=40.0 flow=0.00 PT01=17.99 PT05=15.11 MV1Feedback=20.00 DO1=0 DO2=0 DO3=0 makeupRunning=0 DO4=0 DI0=1 DI1=0 DI2=0 DI3=0 water=80.0
[Process] DO0=0 pumpRunning=0 frequencyHz=40.0 flow=0.00 PT01=18.00 PT05=15.12 MV1Feedback=20.00 DO1=0 DO2=0 DO3=0 makeupRunning=0 DO4=0 DI0=1 DI1=0 DI2=0 DI3=0 water=80.0
[Process] DO0=0 pumpRunning=0 frequencyHz=40.0 flow=0.00 PT01=18.00 PT05=15.12 MV1Feedback=20.00 DO1=0 DO2=0 DO3=0 makeupRunning=0 DO4=0 DI0=1 DI1=0 DI2=0 DI3=0 water=80.0
[Process] DO0=0 pumpRunning=0 frequencyHz=40.0 flow=0.00 PT01=18.00 PT05=15.12 MV1Feedback=20.00 DO1=0 DO2=0 DO3=0 makeupRunning=0 DO4=0 DI0=1 DI1=0 DI2=0 DI3=0 water=80.0
[Process] DO0=0 pumpRunning=0 frequencyHz=40.0 flow=0.00 PT01=18.00 PT05=15.12 MV1Feedback=20.00 DO1=0 DO2=0 DO3=0 makeupRunning=0 DO4=0 DI0=1 DI1=0 DI2=0 DI3=0 water=80.0
[Process] DO0=0 pumpRunning=0 frequencyHz=40.0 flow=0.00 PT01=18.00 PT05=15.12 MV1Feedback=20.00 DO1=0 DO2=0 DO3=0 makeupRunning=0 DO4=0 DI0=1 DI1=0 DI2=0 DI3=0 water=80.0
[Process] DO0=0 pumpRunning=0 frequencyHz=40.0 flow=0.00 PT01=18.00 PT05=15.12 MV1Feedback=20.00 DO1=0 DO2=0 DO3=0 makeupRunning=0 DO4=0 DI0=1 DI1=0 DI2=0 DI3=0 water=80.0
[Process] DO0=0 pumpRunning=0 frequencyHz=40.0 flow=0.00 PT01=18.00 PT05=15.12 MV1Feedback=20.00 DO1=0 DO2=0 DO3=0 makeupRunning=0 DO4=0 DI0=1 DI1=0 DI2=0 DI3=0 water=80.0
[Process] DO0=0 pumpRunning=0 frequencyHz=40.0 flow=0.00 PT01=18.00 PT05=15.12 MV1Feedback=20.00 DO1=0 DO2=0 DO3=0 makeupRunning=0 DO4=0 DI0=1 DI1=0 DI2=0 DI3=0 water=80.0
[Process] DO0=0 pumpRunning=0 frequencyHz=40.0 flow=0.00 PT01=18.00 PT05=15.12 MV1Feedback=20.00 DO1=0 DO2=0 DO3=0 makeupRunning=0 DO4=0 DI0=1 DI1=0 DI2=0 DI3=0 water=80.0
[Process] DO0=0 pumpRunning=0 frequencyHz=40.0 flow=0.00 PT01=18.00 PT05=15.12 MV1Feedback=20.00 DO1=0 DO2=0 DO3=0 makeupRunning=0 DO4=0 DI0=1 DI1=0 DI2=0 DI3=0 water=80.0
[Process] DO0=0 pumpRunning=0 frequencyHz=40.0 flow=0.00 PT01=18.00 PT05=15.12 MV1Feedback=20.00 DO1=0 DO2=0 DO3=0 makeupRunning=0 DO4=0 DI0=1 DI1=0 DI2=0 DI3=0 water=80.0
[Process] DO0=0 pumpRunning=0 frequencyHz=40.0 flow=0.00 PT01=18.00 PT05=15.12 MV1Feedback=20.00 DO1=0 DO2=0 DO3=0 makeupRunning=0 DO4=0 DI0=1 DI1=0 DI2=0 DI3=0 water=80.0
[Process] DO0=0 pumpRunning=0 frequencyHz=40.0 flow=0.00 PT01=18.00 PT05=15.12 MV1Feedback=20.00 DO1=0 DO2=0 DO3=0 makeupRunning=0 DO4=0 DI0=1 DI1=0 DI2=0 DI3=0 water=80.0
[Process] DO0=0 pumpRunning=0 frequencyHz=40.0 flow=0.00 PT01=18.00 PT05=15.12 MV1Feedback=20.00 DO1=0 DO2=0 DO3=0 makeupRunning=0 DO4=0 DI0=1 DI1=0 DI2=0 DI3=0 water=80.0
[Process] DO0=0 pumpRunning=0 frequencyHz=40.0 flow=0.00 PT01=18.00 PT05=15.12 MV1Feedback=20.00 DO1=0 DO2=0 DO3=0 makeupRunning=0 DO4=0 DI0=1 DI1=0 DI2=0 DI3=0 water=80.0
[Process] DO0=0 pumpRunning=0 frequencyHz=40.0 flow=0.00 PT01=18.00 PT05=15.12 MV1Feedback=20.00 DO1=0 DO2=0 DO3=0 makeupRunning=0 DO4=0 DI0=1 DI1=0 DI2=0 DI3=0 water=80.0
[Process] DO0=0 pumpRunning=0 frequencyHz=40.0 flow=0.00 PT01=18.00 PT05=15.12 MV1Feedback=20.00 DO1=0 DO2=0 DO3=0 makeupRunning=0 DO4=0 DI0=1 DI1=0 DI2=0 DI3=0 water=80.0
[Process] DO0=0 pumpRunning=0 frequencyHz=40.0 flow=0.00 PT01=18.00 PT05=15.12 MV1Feedback=20.00 DO1=0 DO2=0 DO3=0 makeupRunning=0 DO4=0 DI0=1 DI1=0 DI2=0 DI3=0 water=80.0
[Process] DO0=0 pumpRunning=0 frequencyHz=40.0 flow=0.00 PT01=18.00 PT05=15.12 MV1Feedback=20.00 DO1=0 DO2=0 DO3=0 makeupRunning=0 DO4=0 DI0=1 DI1=0 DI2=0 DI3=0 water=80.0
[Process] DO0=0 pumpRunning=0 frequencyHz=40.0 flow=0.00 PT01=18.00 PT05=15.12 MV1Feedback=20.00 DO1=0 DO2=0 DO3=0 makeupRunning=0 DO4=0 DI0=1 DI1=0 DI2=0 DI3=0 water=80.0
[Process] DO0=0 pumpRunning=0 frequencyHz=40.0 flow=0.00 PT01=18.00 PT05=15.12 MV1Feedback=20.00 DO1=0 DO2=0 DO3=0 makeupRunning=0 DO4=0 DI0=1 DI1=0 DI2=0 DI3=0 water=80.0
[Process] DO0=0 pumpRunning=0 frequencyHz=40.0 flow=0.00 PT01=18.00 PT05=15.12 MV1Feedback=20.00 DO1=0 DO2=0 DO3=0 makeupRunning=0 DO4=0 DI0=1 DI1=0 DI2=0 DI3=0 water=80.0
[Process] DO0=0 pumpRunning=0 frequencyHz=40.0 flow=0.00 PT01=18.00 PT05=15.12 MV1Feedback=20.00 DO1=0 DO2=0 DO3=0 makeupRunning=0 DO4=0 DI0=1 DI1=0 DI2=0 DI3=0 water=80.0
[Process] DO0=0 pumpRunning=0 frequencyHz=40.0 flow=0.00 PT01=18.00 PT05=15.12 MV1Feedback=20.00 DO1=0 DO2=0 DO3=0 makeupRunning=0 DO4=0 DI0=1 DI1=0 DI2=0 DI3=0 water=80.0
[Process] DO0=0 pumpRunning=0 frequencyHz=40.0 flow=0.00 PT01=18.00 PT05=15.12 MV1Feedback=20.00 DO1=0 DO2=0 DO3=0 makeupRunning=0 DO4=0 DI0=1 DI1=0 DI2=0 DI3=0 water=80.0
[Process] DO0=0 pumpRunning=0 frequencyHz=40.0 flow=0.00 PT01=18.00 PT05=15.12 MV1Feedback=20.00 DO1=0 DO2=0 DO3=0 makeupRunning=0 DO4=0 DI0=1 DI1=0 DI2=0 DI3=0 water=80.0
[17:50:34] ADAM-6224 DI1 漏液檢出 = 1：漏液；Core 應產生「漏液檢出」警報，流量降為 65% 且系統水量下降
[Process] DO0=0 pumpRunning=0 frequencyHz=40.0 flow=0.00 PT01=18.00 PT05=15.12 MV1Feedback=20.00 DO1=0 DO2=0 DO3=0 makeupRunning=0 DO4=0 DI0=1 DI1=1 DI2=0 DI3=0 water=79.9
[Process] DO0=0 pumpRunning=0 frequencyHz=40.0 flow=0.00 PT01=17.97 PT05=15.09 MV1Feedback=20.00 DO1=0 DO2=0 DO3=0 makeupRunning=0 DO4=0 DI0=1 DI1=1 DI2=0 DI3=0 water=79.5
[Process] DO0=0 pumpRunning=0 frequencyHz=40.0 flow=0.00 PT01=17.91 PT05=15.05 MV1Feedback=20.00 DO1=0 DO2=0 DO3=0 makeupRunning=0 DO4=0 DI0=1 DI1=1 DI2=0 DI3=0 water=79.1
[Process] DO0=0 pumpRunning=0 frequencyHz=40.0 flow=0.00 PT01=17.84 PT05=14.99 MV1Feedback=20.00 DO1=0 DO2=0 DO3=0 makeupRunning=0 DO4=0 DI0=1 DI1=1 DI2=0 DI3=0 water=78.7
[Process] DO0=0 pumpRunning=0 frequencyHz=40.0 flow=0.00 PT01=17.77 PT05=14.92 MV1Feedback=20.00 DO1=0 DO2=0 DO3=0 makeupRunning=0 DO4=0 DI0=1 DI1=1 DI2=0 DI3=0 water=78.3
[Process] DO0=0 pumpRunning=0 frequencyHz=40.0 flow=0.00 PT01=17.68 PT05=14.85 MV1Feedback=20.00 DO1=0 DO2=0 DO3=0 makeupRunning=0 DO4=0 DI0=1 DI1=1 DI2=0 DI3=0 water=77.9
[17:50:40] ADAM-6224 DI1 漏液檢出 = 0：漏液解除
[Process] DO0=0 pumpRunning=0 frequencyHz=40.0 flow=0.00 PT01=17.60 PT05=14.78 MV1Feedback=20.00 DO1=0 DO2=0 DO3=0 makeupRunning=0 DO4=0 DI0=1 DI1=0 DI2=0 DI3=0 water=77.6
[Process] DO0=0 pumpRunning=0 frequencyHz=40.0 flow=0.00 PT01=17.54 PT05=14.74 MV1Feedback=20.00 DO1=0 DO2=0 DO3=0 makeupRunning=0 DO4=0 DI0=1 DI1=0 DI2=0 DI3=0 water=77.6
[Process] DO0=0 pumpRunning=0 frequencyHz=40.0 flow=0.00 PT01=17.51 PT05=14.71 MV1Feedback=20.00 DO1=0 DO2=0 DO3=0 makeupRunning=0 DO4=0 DI0=1 DI1=0 DI2=0 DI3=0 water=77.6
[Process] DO0=0 pumpRunning=0 frequencyHz=40.0 flow=0.00 PT01=17.49 PT05=14.69 MV1Feedback=20.00 DO1=0 DO2=0 DO3=0 makeupRunning=0 DO4=0 DI0=1 DI1=0 DI2=0 DI3=0 water=77.6
[Process] DO0=0 pumpRunning=0 frequencyHz=40.0 flow=0.00 PT01=17.48 PT05=14.68 MV1Feedback=20.00 DO1=0 DO2=0 DO3=0 makeupRunning=0 DO4=0 DI0=1 DI1=0 DI2=0 DI3=0 water=77.6
[Process] DO0=0 pumpRunning=0 frequencyHz=40.0 flow=0.00 PT01=17.47 PT05=14.67 MV1Feedback=20.00 DO1=0 DO2=0 DO3=0 makeupRunning=0 DO4=0 DI0=1 DI1=0 DI2=0 DI3=0 water=77.6
[17:50:46] ADAM-6224 DI1 漏液檢出 = 1：漏液；Core 應產生「漏液檢出」警報，流量降為 65% 且系統水量下降
[Process] DO0=0 pumpRunning=0 frequencyHz=40.0 flow=0.00 PT01=17.46 PT05=14.67 MV1Feedback=20.00 DO1=0 DO2=0 DO3=0 makeupRunning=0 DO4=0 DI0=1 DI1=1 DI2=0 DI3=0 water=77.5
[Process] DO0=0 pumpRunning=0 frequencyHz=40.0 flow=0.00 PT01=17.43 PT05=14.64 MV1Feedback=20.00 DO1=0 DO2=0 DO3=0 makeupRunning=0 DO4=0 DI0=1 DI1=1 DI2=0 DI3=0 water=77.1
[Process] DO0=0 pumpRunning=0 frequencyHz=40.0 flow=0.00 PT01=17.38 PT05=14.60 MV1Feedback=20.00 DO1=0 DO2=0 DO3=0 makeupRunning=0 DO4=0 DI0=1 DI1=1 DI2=0 DI3=0 water=76.7
[Process] DO0=0 pumpRunning=0 frequencyHz=40.0 flow=0.00 PT01=17.31 PT05=14.54 MV1Feedback=20.00 DO1=0 DO2=0 DO3=0 makeupRunning=0 DO4=0 DI0=1 DI1=1 DI2=0 DI3=0 water=76.3
[Process] DO0=0 pumpRunning=0 frequencyHz=40.0 flow=0.00 PT01=17.23 PT05=14.47 MV1Feedback=20.00 DO1=0 DO2=0 DO3=0 makeupRunning=0 DO4=0 DI0=1 DI1=1 DI2=0 DI3=0 water=75.9
[Process] DO0=0 pumpRunning=0 frequencyHz=40.0 flow=0.00 PT01=17.14 PT05=14.40 MV1Feedback=20.00 DO1=0 DO2=0 DO3=0 makeupRunning=0 DO4=0 DI0=1 DI1=1 DI2=0 DI3=0 water=75.5
[17:50:52] ADAM-6224 DI1 漏液檢出 = 0：漏液解除
[Process] DO0=0 pumpRunning=0 frequencyHz=40.0 flow=0.00 PT01=17.06 PT05=14.33 MV1Feedback=20.00 DO1=0 DO2=0 DO3=0 makeupRunning=0 DO4=0 DI0=1 DI1=0 DI2=0 DI3=0 water=75.2
[Process] DO0=0 pumpRunning=0 frequencyHz=40.0 flow=0.00 PT01=17.00 PT05=14.28 MV1Feedback=20.00 DO1=0 DO2=0 DO3=0 makeupRunning=0 DO4=0 DI0=1 DI1=0 DI2=0 DI3=0 water=75.2
[Process] DO0=0 pumpRunning=0 frequencyHz=40.0 flow=0.00 PT01=16.97 PT05=14.25 MV1Feedback=20.00 DO1=0 DO2=0 DO3=0 makeupRunning=0 DO4=0 DI0=1 DI1=0 DI2=0 DI3=0 water=75.2
[Process] DO0=0 pumpRunning=0 frequencyHz=40.0 flow=0.00 PT01=16.95 PT05=14.24 MV1Feedback=20.00 DO1=0 DO2=0 DO3=0 makeupRunning=0 DO4=0 DI0=1 DI1=0 DI2=0 DI3=0 water=75.2
[Process] DO0=0 pumpRunning=0 frequencyHz=40.0 flow=0.00 PT01=16.94 PT05=14.23 MV1Feedback=20.00 DO1=0 DO2=0 DO3=0 makeupRunning=0 DO4=0 DI0=1 DI1=0 DI2=0 DI3=0 water=75.2
[Process] DO0=0 pumpRunning=0 frequencyHz=40.0 flow=0.00 PT01=16.93 PT05=14.22 MV1Feedback=20.00 DO1=0 DO2=0 DO3=0 makeupRunning=0 DO4=0 DI0=1 DI1=0 DI2=0 DI3=0 water=75.2
[Process] DO0=0 pumpRunning=0 frequencyHz=40.0 flow=0.00 PT01=16.93 PT05=14.22 MV1Feedback=20.00 DO1=0 DO2=0 DO3=0 makeupRunning=0 DO4=0 DI0=1 DI1=0 DI2=0 DI3=0 water=75.2
[Process] DO0=0 pumpRunning=0 frequencyHz=40.0 flow=0.00 PT01=16.92 PT05=14.22 MV1Feedback=20.00 DO1=0 DO2=0 DO3=0 makeupRunning=0 DO4=0 DI0=1 DI1=0 DI2=0 DI3=0 water=75.2
[Process] DO0=0 pumpRunning=0 frequencyHz=40.0 flow=0.00 PT01=16.92 PT05=14.21 MV1Feedback=20.00 DO1=0 DO2=0 DO3=0 makeupRunning=0 DO4=0 DI0=1 DI1=0 DI2=0 DI3=0 water=75.2
[Process] DO0=0 pumpRunning=0 frequencyHz=40.0 flow=0.00 PT01=16.92 PT05=14.21 MV1Feedback=20.00 DO1=0 DO2=0 DO3=0 makeupRunning=0 DO4=0 DI0=1 DI1=0 DI2=0 DI3=0 water=75.2
[Process] DO0=0 pumpRunning=0 frequencyHz=40.0 flow=0.00 PT01=16.92 PT05=14.21 MV1Feedback=20.00 DO1=0 DO2=0 DO3=0 makeupRunning=0 DO4=0 DI0=1 DI1=0 DI2=0 DI3=0 water=75.2
[Process] DO0=0 pumpRunning=0 frequencyHz=40.0 flow=0.00 PT01=16.92 PT05=14.21 MV1Feedback=20.00 DO1=0 DO2=0 DO3=0 makeupRunning=0 DO4=0 DI0=1 DI1=0 DI2=0 DI3=0 water=75.2
[Process] DO0=0 pumpRunning=0 frequencyHz=40.0 flow=0.00 PT01=16.92 PT05=14.21 MV1Feedback=20.00 DO1=0 DO2=0 DO3=0 makeupRunning=0 DO4=0 DI0=1 DI1=0 DI2=0 DI3=0 water=75.2
[Process] DO0=0 pumpRunning=0 frequencyHz=40.0 flow=0.00 PT01=16.92 PT05=14.21 MV1Feedback=20.00 DO1=0 DO2=0 DO3=0 makeupRunning=0 DO4=0 DI0=1 DI1=0 DI2=0 DI3=0 water=75.2
[Process] DO0=0 pumpRunning=0 frequencyHz=40.0 flow=0.00 PT01=16.92 PT05=14.21 MV1Feedback=20.00 DO1=0 DO2=0 DO3=0 makeupRunning=0 DO4=0 DI0=1 DI1=0 DI2=0 DI3=0 water=75.2
[Process] DO0=0 pumpRunning=0 frequencyHz=40.0 flow=0.00 PT01=16.92 PT05=14.21 MV1Feedback=20.00 DO1=0 DO2=0 DO3=0 makeupRunning=0 DO4=0 DI0=1 DI1=0 DI2=0 DI3=0 water=75.2
[Process] DO0=0 pumpRunning=0 frequencyHz=40.0 flow=0.00 PT01=16.92 PT05=14.21 MV1Feedback=20.00 DO1=0 DO2=0 DO3=0 makeupRunning=0 DO4=0 DI0=1 DI1=0 DI2=0 DI3=0 water=75.2
[Process] DO0=0 pumpRunning=0 frequencyHz=40.0 flow=0.00 PT01=16.92 PT05=14.21 MV1Feedback=20.00 DO1=0 DO2=0 DO3=0 makeupRunning=0 DO4=0 DI0=1 DI1=0 DI2=0 DI3=0 water=75.2
[Process] DO0=0 pumpRunning=0 frequencyHz=40.0 flow=0.00 PT01=16.92 PT05=14.21 MV1Feedback=20.00 DO1=0 DO2=0 DO3=0 makeupRunning=0 DO4=0 DI0=1 DI1=0 DI2=0 DI3=0 water=75.2
[17:51:11] ADAM-6224 DI2 補水泵 OL = 1：補水泵過載跳脫；Core 應產生「補水泵 OL」警報，補水泵停止
[Process] DO0=0 pumpRunning=0 frequencyHz=40.0 flow=0.00 PT01=16.92 PT05=14.21 MV1Feedback=20.00 DO1=0 DO2=0 DO3=0 makeupRunning=0 DO4=0 DI0=1 DI1=0 DI2=1 DI3=0 water=75.2
[Process] DO0=0 pumpRunning=0 frequencyHz=40.0 flow=0.00 PT01=16.92 PT05=14.21 MV1Feedback=20.00 DO1=0 DO2=0 DO3=0 makeupRunning=0 DO4=0 DI0=1 DI1=0 DI2=1 DI3=0 water=75.2
[Process] DO0=0 pumpRunning=0 frequencyHz=40.0 flow=0.00 PT01=16.92 PT05=14.21 MV1Feedback=20.00 DO1=0 DO2=0 DO3=0 makeupRunning=0 DO4=0 DI0=1 DI1=0 DI2=1 DI3=0 water=75.2
[Process] DO0=0 pumpRunning=0 frequencyHz=40.0 flow=0.00 PT01=16.92 PT05=14.21 MV1Feedback=20.00 DO1=0 DO2=0 DO3=0 makeupRunning=0 DO4=0 DI0=1 DI1=0 DI2=1 DI3=0 water=75.2
[Process] DO0=0 pumpRunning=0 frequencyHz=40.0 flow=0.00 PT01=16.92 PT05=14.21 MV1Feedback=20.00 DO1=0 DO2=0 DO3=0 makeupRunning=0 DO4=0 DI0=1 DI1=0 DI2=1 DI3=0 water=75.2
[Process] DO0=0 pumpRunning=0 frequencyHz=40.0 flow=0.00 PT01=16.92 PT05=14.21 MV1Feedback=20.00 DO1=0 DO2=0 DO3=0 makeupRunning=0 DO4=0 DI0=1 DI1=0 DI2=1 DI3=0 water=75.2
[17:51:17] ADAM-6224 DI2 補水泵 OL = 0：補水泵 OL 解除
[Process] DO0=0 pumpRunning=0 frequencyHz=40.0 flow=0.00 PT01=16.92 PT05=14.21 MV1Feedback=20.00 DO1=0 DO2=0 DO3=0 makeupRunning=0 DO4=0 DI0=1 DI1=0 DI2=0 DI3=0 water=75.2
[Process] DO0=0 pumpRunning=0 frequencyHz=40.0 flow=0.00 PT01=16.92 PT05=14.21 MV1Feedback=20.00 DO1=0 DO2=0 DO3=0 makeupRunning=0 DO4=0 DI0=1 DI1=0 DI2=0 DI3=0 water=75.2
[Process] DO0=0 pumpRunning=0 frequencyHz=40.0 flow=0.00 PT01=16.92 PT05=14.21 MV1Feedback=20.00 DO1=0 DO2=0 DO3=0 makeupRunning=0 DO4=0 DI0=1 DI1=0 DI2=0 DI3=0 water=75.2
[Process] DO0=0 pumpRunning=0 frequencyHz=40.0 flow=0.00 PT01=16.92 PT05=14.21 MV1Feedback=20.00 DO1=0 DO2=0 DO3=0 makeupRunning=0 DO4=0 DI0=1 DI1=0 DI2=0 DI3=0 water=75.2
[Process] DO0=0 pumpRunning=0 frequencyHz=40.0 flow=0.00 PT01=16.92 PT05=14.21 MV1Feedback=20.00 DO1=0 DO2=0 DO3=0 makeupRunning=0 DO4=0 DI0=1 DI1=0 DI2=0 DI3=0 water=75.2
[Process] DO0=0 pumpRunning=0 frequencyHz=40.0 flow=0.00 PT01=16.92 PT05=14.21 MV1Feedback=20.00 DO1=0 DO2=0 DO3=0 makeupRunning=0 DO4=0 DI0=1 DI1=0 DI2=0 DI3=0 water=75.2
[17:51:24] ADAM-6224 DI2 補水泵 OL = 1：補水泵過載跳脫；Core 應產生「補水泵 OL」警報，補水泵停止
[Process] DO0=0 pumpRunning=0 frequencyHz=40.0 flow=0.00 PT01=16.92 PT05=14.21 MV1Feedback=20.00 DO1=0 DO2=0 DO3=0 makeupRunning=0 DO4=0 DI0=1 DI1=0 DI2=1 DI3=0 water=75.2
[Process] DO0=0 pumpRunning=0 frequencyHz=40.0 flow=0.00 PT01=16.92 PT05=14.21 MV1Feedback=20.00 DO1=0 DO2=0 DO3=0 makeupRunning=0 DO4=0 DI0=1 DI1=0 DI2=1 DI3=0 water=75.2
[Process] DO0=0 pumpRunning=0 frequencyHz=40.0 flow=0.00 PT01=16.92 PT05=14.21 MV1Feedback=20.00 DO1=0 DO2=0 DO3=0 makeupRunning=0 DO4=0 DI0=1 DI1=0 DI2=1 DI3=0 water=75.2
[Process] DO0=0 pumpRunning=0 frequencyHz=40.0 flow=0.00 PT01=16.92 PT05=14.21 MV1Feedback=20.00 DO1=0 DO2=0 DO3=0 makeupRunning=0 DO4=0 DI0=1 DI1=0 DI2=1 DI3=0 water=75.2
[Process] DO0=0 pumpRunning=0 frequencyHz=40.0 flow=0.00 PT01=16.92 PT05=14.21 MV1Feedback=20.00 DO1=0 DO2=0 DO3=0 makeupRunning=0 DO4=0 DI0=1 DI1=0 DI2=1 DI3=0 water=75.2
[Process] DO0=0 pumpRunning=0 frequencyHz=40.0 flow=0.00 PT01=16.92 PT05=14.21 MV1Feedback=20.00 DO1=0 DO2=0 DO3=0 makeupRunning=0 DO4=0 DI0=1 DI1=0 DI2=1 DI3=0 water=75.2
[17:51:30] ADAM-6224 DI2 補水泵 OL = 0：補水泵 OL 解除
[Process] DO0=0 pumpRunning=0 frequencyHz=40.0 flow=0.00 PT01=16.92 PT05=14.21 MV1Feedback=20.00 DO1=0 DO2=0 DO3=0 makeupRunning=0 DO4=0 DI0=1 DI1=0 DI2=0 DI3=0 water=75.2
[Process] DO0=0 pumpRunning=0 frequencyHz=40.0 flow=0.00 PT01=16.92 PT05=14.21 MV1Feedback=20.00 DO1=0 DO2=0 DO3=0 makeupRunning=0 DO4=0 DI0=1 DI1=0 DI2=0 DI3=0 water=75.2
[Process] DO0=0 pumpRunning=0 frequencyHz=40.0 flow=0.00 PT01=16.92 PT05=14.21 MV1Feedback=20.00 DO1=0 DO2=0 DO3=0 makeupRunning=0 DO4=0 DI0=1 DI1=0 DI2=0 DI3=0 water=75.2
[Process] DO0=0 pumpRunning=0 frequencyHz=40.0 flow=0.00 PT01=16.92 PT05=14.21 MV1Feedback=20.00 DO1=0 DO2=0 DO3=0 makeupRunning=0 DO4=0 DI0=1 DI1=0 DI2=0 DI3=0 water=75.2
[Process] DO0=0 pumpRunning=0 frequencyHz=40.0 flow=0.00 PT01=16.92 PT05=14.21 MV1Feedback=20.00 DO1=0 DO2=0 DO3=0 makeupRunning=0 DO4=0 DI0=1 DI1=0 DI2=0 DI3=0 water=75.2
[Process] DO0=0 pumpRunning=0 frequencyHz=40.0 flow=0.00 PT01=16.92 PT05=14.21 MV1Feedback=20.00 DO1=0 DO2=0 DO3=0 makeupRunning=0 DO4=0 DI0=1 DI1=0 DI2=0 DI3=0 water=75.2
[Process] DO0=0 pumpRunning=0 frequencyHz=40.0 flow=0.00 PT01=16.92 PT05=14.21 MV1Feedback=20.00 DO1=0 DO2=0 DO3=0 makeupRunning=0 DO4=0 DI0=1 DI1=0 DI2=0 DI3=0 water=75.2
[Process] DO0=0 pumpRunning=0 frequencyHz=40.0 flow=0.00 PT01=16.92 PT05=14.21 MV1Feedback=20.00 DO1=0 DO2=0 DO3=0 makeupRunning=0 DO4=0 DI0=1 DI1=0 DI2=0 DI3=0 water=75.2
[Process] DO0=0 pumpRunning=0 frequencyHz=40.0 flow=0.00 PT01=16.92 PT05=14.21 MV1Feedback=20.00 DO1=0 DO2=0 DO3=0 makeupRunning=0 DO4=0 DI0=1 DI1=0 DI2=0 DI3=0 water=75.2
[17:51:39] ADAM-6224 DI0 相位正常 = 0：相位異常；Core 應產生「相位異常」警報並強制 DO0/DO3 OFF，泵浦無法運轉
[Process] DO0=0 pumpRunning=0 frequencyHz=40.0 flow=0.00 PT01=16.92 PT05=14.21 MV1Feedback=20.00 DO1=0 DO2=0 DO3=0 makeupRunning=0 DO4=0 DI0=0 DI1=0 DI2=0 DI3=0 water=75.2
[Process] DO0=0 pumpRunning=0 frequencyHz=40.0 flow=0.00 PT01=16.92 PT05=14.21 MV1Feedback=20.00 DO1=0 DO2=0 DO3=0 makeupRunning=0 DO4=0 DI0=0 DI1=0 DI2=0 DI3=0 water=75.2
[Process] DO0=0 pumpRunning=0 frequencyHz=40.0 flow=0.00 PT01=16.92 PT05=14.21 MV1Feedback=20.00 DO1=0 DO2=0 DO3=0 makeupRunning=0 DO4=0 DI0=0 DI1=0 DI2=0 DI3=0 water=75.2
[Process] DO0=0 pumpRunning=0 frequencyHz=40.0 flow=0.00 PT01=16.92 PT05=14.21 MV1Feedback=20.00 DO1=0 DO2=0 DO3=0 makeupRunning=0 DO4=0 DI0=0 DI1=0 DI2=0 DI3=0 water=75.2
[Process] DO0=0 pumpRunning=0 frequencyHz=40.0 flow=0.00 PT01=16.92 PT05=14.21 MV1Feedback=20.00 DO1=0 DO2=0 DO3=0 makeupRunning=0 DO4=0 DI0=0 DI1=0 DI2=0 DI3=0 water=75.2
[Process] DO0=0 pumpRunning=0 frequencyHz=40.0 flow=0.00 PT01=16.92 PT05=14.21 MV1Feedback=20.00 DO1=0 DO2=0 DO3=0 makeupRunning=0 DO4=0 DI0=0 DI1=0 DI2=0 DI3=0 water=75.2
[17:51:45] ADAM-6224 DI0 相位正常 = 1：相位恢復正常；Core 重新允許 DO0/DO3
[Process] DO0=0 pumpRunning=0 frequencyHz=40.0 flow=0.00 PT01=16.92 PT05=14.21 MV1Feedback=20.00 DO1=0 DO2=0 DO3=0 makeupRunning=0 DO4=0 DI0=1 DI1=0 DI2=0 DI3=0 water=75.2
[Process] DO0=0 pumpRunning=0 frequencyHz=40.0 flow=0.00 PT01=16.92 PT05=14.21 MV1Feedback=20.00 DO1=0 DO2=0 DO3=0 makeupRunning=0 DO4=0 DI0=1 DI1=0 DI2=0 DI3=0 water=75.2
[Process] DO0=0 pumpRunning=0 frequencyHz=40.0 flow=0.00 PT01=16.92 PT05=14.21 MV1Feedback=20.00 DO1=0 DO2=0 DO3=0 makeupRunning=0 DO4=0 DI0=1 DI1=0 DI2=0 DI3=0 water=75.2
[Process] DO0=0 pumpRunning=0 frequencyHz=40.0 flow=0.00 PT01=16.92 PT05=14.21 MV1Feedback=20.00 DO1=0 DO2=0 DO3=0 makeupRunning=0 DO4=0 DI0=1 DI1=0 DI2=0 DI3=0 water=75.2
[Process] DO0=0 pumpRunning=0 frequencyHz=40.0 flow=0.00 PT01=16.92 PT05=14.21 MV1Feedback=20.00 DO1=0 DO2=0 DO3=0 makeupRunning=0 DO4=0 DI0=1 DI1=0 DI2=0 DI3=0 water=75.2
[Process] DO0=0 pumpRunning=0 frequencyHz=40.0 flow=0.00 PT01=16.92 PT05=14.21 MV1Feedback=20.00 DO1=0 DO2=0 DO3=0 makeupRunning=0 DO4=0 DI0=1 DI1=0 DI2=0 DI3=0 water=75.2
[17:51:51] ADAM-6224 DI0 相位正常 = 0：相位異常；Core 應產生「相位異常」警報並強制 DO0/DO3 OFF，泵浦無法運轉
[Process] DO0=0 pumpRunning=0 frequencyHz=40.0 flow=0.00 PT01=16.92 PT05=14.21 MV1Feedback=20.00 DO1=0 DO2=0 DO3=0 makeupRunning=0 DO4=0 DI0=0 DI1=0 DI2=0 DI3=0 water=75.2
[Process] DO0=0 pumpRunning=0 frequencyHz=40.0 flow=0.00 PT01=16.92 PT05=14.21 MV1Feedback=20.00 DO1=0 DO2=0 DO3=0 makeupRunning=0 DO4=0 DI0=0 DI1=0 DI2=0 DI3=0 water=75.2
[Process] DO0=0 pumpRunning=0 frequencyHz=40.0 flow=0.00 PT01=16.92 PT05=14.21 MV1Feedback=20.00 DO1=0 DO2=0 DO3=0 makeupRunning=0 DO4=0 DI0=0 DI1=0 DI2=0 DI3=0 water=75.2
[Process] DO0=0 pumpRunning=0 frequencyHz=40.0 flow=0.00 PT01=16.92 PT05=14.21 MV1Feedback=20.00 DO1=0 DO2=0 DO3=0 makeupRunning=0 DO4=0 DI0=0 DI1=0 DI2=0 DI3=0 water=75.2
[Process] DO0=0 pumpRunning=0 frequencyHz=40.0 flow=0.00 PT01=16.92 PT05=14.21 MV1Feedback=20.00 DO1=0 DO2=0 DO3=0 makeupRunning=0 DO4=0 DI0=0 DI1=0 DI2=0 DI3=0 water=75.2
[Process] DO0=0 pumpRunning=0 frequencyHz=40.0 flow=0.00 PT01=16.92 PT05=14.21 MV1Feedback=20.00 DO1=0 DO2=0 DO3=0 makeupRunning=0 DO4=0 DI0=0 DI1=0 DI2=0 DI3=0 water=75.2
[17:51:57] ADAM-6224 DI0 相位正常 = 1：相位恢復正常；Core 重新允許 DO0/DO3
[Process] DO0=0 pumpRunning=0 frequencyHz=40.0 flow=0.00 PT01=16.92 PT05=14.21 MV1Feedback=20.00 DO1=0 DO2=0 DO3=0 makeupRunning=0 DO4=0 DI0=1 DI1=0 DI2=0 DI3=0 water=75.2
[Process] DO0=0 pumpRunning=0 frequencyHz=40.0 flow=0.00 PT01=16.92 PT05=14.21 MV1Feedback=20.00 DO1=0 DO2=0 DO3=0 makeupRunning=0 DO4=0 DI0=1 DI1=0 DI2=0 DI3=0 water=75.2
[Process] DO0=0 pumpRunning=0 frequencyHz=40.0 flow=0.00 PT01=16.92 PT05=14.21 MV1Feedback=20.00 DO1=0 DO2=0 DO3=0 makeupRunning=0 DO4=0 DI0=1 DI1=0 DI2=0 DI3=0 water=75.2
[Process] DO0=0 pumpRunning=0 frequencyHz=40.0 flow=0.00 PT01=16.92 PT05=14.21 MV1Feedback=20.00 DO1=0 DO2=0 DO3=0 makeupRunning=0 DO4=0 DI0=1 DI1=0 DI2=0 DI3=0 water=75.2
[Process] DO0=0 pumpRunning=0 frequencyHz=40.0 flow=0.00 PT01=16.92 PT05=14.21 MV1Feedback=20.00 DO1=0 DO2=0 DO3=0 makeupRunning=0 DO4=0 DI0=1 DI1=0 DI2=0 DI3=0 water=75.2
[Process] DO0=0 pumpRunning=0 frequencyHz=40.0 flow=0.00 PT01=16.92 PT05=14.21 MV1Feedback=20.00 DO1=0 DO2=0 DO3=0 makeupRunning=0 DO4=0 DI0=1 DI1=0 DI2=0 DI3=0 water=75.2
[Process] DO0=0 pumpRunning=0 frequencyHz=40.0 flow=0.00 PT01=16.92 PT05=14.21 MV1Feedback=20.00 DO1=0 DO2=0 DO3=0 makeupRunning=0 DO4=0 DI0=1 DI1=0 DI2=0 DI3=0 water=75.2
[Process] DO0=0 pumpRunning=0 frequencyHz=40.0 flow=0.00 PT01=16.92 PT05=14.21 MV1Feedback=20.00 DO1=0 DO2=0 DO3=0 makeupRunning=0 DO4=0 DI0=1 DI1=0 DI2=0 DI3=0 water=75.2
[Process] DO0=0 pumpRunning=0 frequencyHz=40.0 flow=0.00 PT01=16.92 PT05=14.21 MV1Feedback=20.00 DO1=0 DO2=0 DO3=0 makeupRunning=0 DO4=0 DI0=1 DI1=0 DI2=0 DI3=0 water=75.2
[Process] DO0=0 pumpRunning=0 frequencyHz=40.0 flow=0.00 PT01=16.92 PT05=14.21 MV1Feedback=20.00 DO1=0 DO2=0 DO3=0 makeupRunning=0 DO4=0 DI0=1 DI1=0 DI2=0 DI3=0 water=75.2
[Process] DO0=0 pumpRunning=0 frequencyHz=40.0 flow=0.00 PT01=16.92 PT05=14.21 MV1Feedback=20.00 DO1=0 DO2=0 DO3=0 makeupRunning=0 DO4=0 DI0=1 DI1=0 DI2=0 DI3=0 water=75.2
[Process] DO0=0 pumpRunning=0 frequencyHz=40.0 flow=0.00 PT01=16.92 PT05=14.21 MV1Feedback=20.00 DO1=0 DO2=0 DO3=0 makeupRunning=0 DO4=0 DI0=1 DI1=0 DI2=0 DI3=0 water=75.2
[Process] DO0=0 pumpRunning=0 frequencyHz=40.0 flow=0.00 PT01=16.92 PT05=14.21 MV1Feedback=20.00 DO1=0 DO2=0 DO3=0 makeupRunning=0 DO4=0 DI0=1 DI1=0 DI2=0 DI3=0 water=75.2
[Process] DO0=0 pumpRunning=0 frequencyHz=40.0 flow=0.00 PT01=16.92 PT05=14.21 MV1Feedback=20.00 DO1=0 DO2=0 DO3=0 makeupRunning=0 DO4=0 DI0=1 DI1=0 DI2=0 DI3=0 water=75.2
[Process] DO0=0 pumpRunning=0 frequencyHz=40.0 flow=0.00 PT01=16.92 PT05=14.21 MV1Feedback=20.00 DO1=0 DO2=0 DO3=0 makeupRunning=0 DO4=0 DI0=1 DI1=0 DI2=0 DI3=0 water=75.2
[Process] DO0=0 pumpRunning=0 frequencyHz=40.0 flow=0.00 PT01=16.92 PT05=14.21 MV1Feedback=20.00 DO1=0 DO2=0 DO3=0 makeupRunning=0 DO4=0 DI0=1 DI1=0 DI2=0 DI3=0 water=75.2
[Process] DO0=0 pumpRunning=0 frequencyHz=40.0 flow=0.00 PT01=16.92 PT05=14.21 MV1Feedback=20.00 DO1=0 DO2=0 DO3=0 makeupRunning=0 DO4=0 DI0=1 DI1=0 DI2=0 DI3=0 water=75.2
[Process] DO0=0 pumpRunning=0 frequencyHz=40.0 flow=0.00 PT01=16.92 PT05=14.21 MV1Feedback=20.00 DO1=0 DO2=0 DO3=0 makeupRunning=0 DO4=0 DI0=1 DI1=0 DI2=0 DI3=0 water=75.2
[Process] DO0=0 pumpRunning=0 frequencyHz=40.0 flow=0.00 PT01=16.92 PT05=14.21 MV1Feedback=20.00 DO1=0 DO2=0 DO3=0 makeupRunning=0 DO4=0 DI0=1 DI1=0 DI2=0 DI3=0 water=75.2
[Process] DO0=0 pumpRunning=0 frequencyHz=40.0 flow=0.00 PT01=16.92 PT05=14.21 MV1Feedback=20.00 DO1=0 DO2=0 DO3=0 makeupRunning=0 DO4=0 DI0=1 DI1=0 DI2=0 DI3=0 water=75.2
[Process] DO0=0 pumpRunning=0 frequencyHz=40.0 flow=0.00 PT01=16.92 PT05=14.21 MV1Feedback=20.00 DO1=0 DO2=0 DO3=0 makeupRunning=0 DO4=0 DI0=1 DI1=0 DI2=0 DI3=0 water=75.2
[Process] DO0=0 pumpRunning=0 frequencyHz=40.0 flow=0.00 PT01=16.92 PT05=14.21 MV1Feedback=20.00 DO1=0 DO2=0 DO3=0 makeupRunning=0 DO4=0 DI0=1 DI1=0 DI2=0 DI3=0 water=75.2
[Process] DO0=0 pumpRunning=0 frequencyHz=40.0 flow=0.00 PT01=16.92 PT05=14.21 MV1Feedback=20.00 DO1=0 DO2=0 DO3=0 makeupRunning=0 DO4=0 DI0=1 DI1=0 DI2=0 DI3=0 water=75.2
[Process] DO0=0 pumpRunning=0 frequencyHz=40.0 flow=0.00 PT01=16.92 PT05=14.21 MV1Feedback=20.00 DO1=0 DO2=0 DO3=0 makeupRunning=0 DO4=0 DI0=1 DI1=0 DI2=0 DI3=0 water=75.2
[Process] DO0=0 pumpRunning=0 frequencyHz=40.0 flow=0.00 PT01=16.92 PT05=14.21 MV1Feedback=20.00 DO1=0 DO2=0 DO3=0 makeupRunning=0 DO4=0 DI0=1 DI1=0 DI2=0 DI3=0 water=75.2
[Process] DO0=0 pumpRunning=0 frequencyHz=40.0 flow=0.00 PT01=16.92 PT05=14.21 MV1Feedback=20.00 DO1=0 DO2=0 DO3=0 makeupRunning=0 DO4=0 DI0=1 DI1=0 DI2=0 DI3=0 water=75.2
[Process] DO0=0 pumpRunning=0 frequencyHz=40.0 flow=0.00 PT01=16.92 PT05=14.21 MV1Feedback=20.00 DO1=0 DO2=0 DO3=0 makeupRunning=0 DO4=0 DI0=1 DI1=0 DI2=0 DI3=0 water=75.2
[Process] DO0=0 pumpRunning=0 frequencyHz=40.0 flow=0.00 PT01=16.92 PT05=14.21 MV1Feedback=20.00 DO1=0 DO2=0 DO3=0 makeupRunning=0 DO4=0 DI0=1 DI1=0 DI2=0 DI3=0 water=75.2
[Process] DO0=0 pumpRunning=0 frequencyHz=40.0 flow=0.00 PT01=16.92 PT05=14.21 MV1Feedback=20.00 DO1=0 DO2=0 DO3=0 makeupRunning=0 DO4=0 DI0=1 DI1=0 DI2=0 DI3=0 water=75.2
[Process] DO0=0 pumpRunning=0 frequencyHz=40.0 flow=0.00 PT01=16.92 PT05=14.21 MV1Feedback=20.00 DO1=0 DO2=0 DO3=0 makeupRunning=0 DO4=0 DI0=1 DI1=0 DI2=0 DI3=0 water=75.2
[Process] DO0=0 pumpRunning=0 frequencyHz=40.0 flow=0.00 PT01=16.92 PT05=14.21 MV1Feedback=20.00 DO1=0 DO2=0 DO3=0 makeupRunning=0 DO4=0 DI0=1 DI1=0 DI2=0 DI3=0 water=75.2
[Process] DO0=0 pumpRunning=0 frequencyHz=40.0 flow=0.00 PT01=16.92 PT05=14.21 MV1Feedback=20.00 DO1=0 DO2=0 DO3=0 makeupRunning=0 DO4=0 DI0=1 DI1=0 DI2=0 DI3=0 water=75.2
[Process] DO0=0 pumpRunning=0 frequencyHz=40.0 flow=0.00 PT01=16.92 PT05=14.21 MV1Feedback=20.00 DO1=0 DO2=0 DO3=0 makeupRunning=0 DO4=0 DI0=1 DI1=0 DI2=0 DI3=0 water=75.2
[Process] DO0=0 pumpRunning=0 frequencyHz=40.0 flow=0.00 PT01=16.92 PT05=14.21 MV1Feedback=20.00 DO1=0 DO2=0 DO3=0 makeupRunning=0 DO4=0 DI0=1 DI1=0 DI2=0 DI3=0 water=75.2
[Process] DO0=0 pumpRunning=0 frequencyHz=40.0 flow=0.00 PT01=16.92 PT05=14.21 MV1Feedback=20.00 DO1=0 DO2=0 DO3=0 makeupRunning=0 DO4=0 DI0=1 DI1=0 DI2=0 DI3=0 water=75.2
[Process] DO0=0 pumpRunning=0 frequencyHz=40.0 flow=0.00 PT01=16.92 PT05=14.21 MV1Feedback=20.00 DO1=0 DO2=0 DO3=0 makeupRunning=0 DO4=0 DI0=1 DI1=0 DI2=0 DI3=0 water=75.2
[17:52:33] ADAM-6224 DI1 漏液檢出 = 1：漏液；Core 應產生「漏液檢出」警報，流量降為 65% 且系統水量下降
[Process] DO0=0 pumpRunning=0 frequencyHz=40.0 flow=0.00 PT01=16.90 PT05=14.20 MV1Feedback=20.00 DO1=0 DO2=0 DO3=0 makeupRunning=0 DO4=0 DI0=1 DI1=1 DI2=0 DI3=0 water=74.9
[Process] DO0=0 pumpRunning=0 frequencyHz=40.0 flow=0.00 PT01=16.86 PT05=14.16 MV1Feedback=20.00 DO1=0 DO2=0 DO3=0 makeupRunning=0 DO4=0 DI0=1 DI1=1 DI2=0 DI3=0 water=74.5
[Process] DO0=0 pumpRunning=0 frequencyHz=40.0 flow=0.00 PT01=16.79 PT05=14.11 MV1Feedback=20.00 DO1=0 DO2=0 DO3=0 makeupRunning=0 DO4=0 DI0=1 DI1=1 DI2=0 DI3=0 water=74.1
[Process] DO0=0 pumpRunning=0 frequencyHz=40.0 flow=0.00 PT01=16.72 PT05=14.04 MV1Feedback=20.00 DO1=0 DO2=0 DO3=0 makeupRunning=0 DO4=0 DI0=1 DI1=1 DI2=0 DI3=0 water=73.7
[Process] DO0=0 pumpRunning=0 frequencyHz=40.0 flow=0.00 PT01=16.64 PT05=13.98 MV1Feedback=20.00 DO1=0 DO2=0 DO3=0 makeupRunning=0 DO4=0 DI0=1 DI1=1 DI2=0 DI3=0 water=73.3
[Process] DO0=0 pumpRunning=0 frequencyHz=40.0 flow=0.00 PT01=16.55 PT05=13.90 MV1Feedback=20.00 DO1=0 DO2=0 DO3=0 makeupRunning=0 DO4=0 DI0=1 DI1=1 DI2=0 DI3=0 water=72.9
[Process] DO0=0 pumpRunning=0 frequencyHz=40.0 flow=0.00 PT01=16.47 PT05=13.83 MV1Feedback=20.00 DO1=0 DO2=0 DO3=0 makeupRunning=0 DO4=0 DI0=1 DI1=1 DI2=0 DI3=0 water=72.5
[17:52:41] ADAM-6224 DI1 漏液檢出 = 0：漏液解除
[Process] DO0=0 pumpRunning=0 frequencyHz=40.0 flow=0.00 PT01=16.39 PT05=13.77 MV1Feedback=20.00 DO1=0 DO2=0 DO3=0 makeupRunning=0 DO4=0 DI0=1 DI1=0 DI2=0 DI3=0 water=72.3
[Process] DO0=0 pumpRunning=0 frequencyHz=40.0 flow=0.00 PT01=16.34 PT05=13.73 MV1Feedback=20.00 DO1=0 DO2=0 DO3=0 makeupRunning=0 DO4=0 DI0=1 DI1=0 DI2=0 DI3=0 water=72.3
[Process] DO0=0 pumpRunning=0 frequencyHz=40.0 flow=0.00 PT01=16.31 PT05=13.70 MV1Feedback=20.00 DO1=0 DO2=0 DO3=0 makeupRunning=0 DO4=0 DI0=1 DI1=0 DI2=0 DI3=0 water=72.3
[Process] DO0=0 pumpRunning=0 frequencyHz=40.0 flow=0.00 PT01=16.30 PT05=13.69 MV1Feedback=20.00 DO1=0 DO2=0 DO3=0 makeupRunning=0 DO4=0 DI0=1 DI1=0 DI2=0 DI3=0 water=72.3
[Process] DO0=0 pumpRunning=0 frequencyHz=40.0 flow=0.00 PT01=16.29 PT05=13.68 MV1Feedback=20.00 DO1=0 DO2=0 DO3=0 makeupRunning=0 DO4=0 DI0=1 DI1=0 DI2=0 DI3=0 water=72.3
[Process] DO0=0 pumpRunning=0 frequencyHz=40.0 flow=0.00 PT01=16.28 PT05=13.68 MV1Feedback=20.00 DO1=0 DO2=0 DO3=0 makeupRunning=0 DO4=0 DI0=1 DI1=0 DI2=0 DI3=0 water=72.3
[Process] DO0=0 pumpRunning=0 frequencyHz=40.0 flow=0.00 PT01=16.28 PT05=13.67 MV1Feedback=20.00 DO1=0 DO2=0 DO3=0 makeupRunning=0 DO4=0 DI0=1 DI1=0 DI2=0 DI3=0 water=72.3
[Process] DO0=0 pumpRunning=0 frequencyHz=40.0 flow=0.00 PT01=16.27 PT05=13.67 MV1Feedback=20.00 DO1=0 DO2=0 DO3=0 makeupRunning=0 DO4=0 DI0=1 DI1=0 DI2=0 DI3=0 water=72.3
[Process] DO0=0 pumpRunning=0 frequencyHz=40.0 flow=0.00 PT01=16.27 PT05=13.67 MV1Feedback=20.00 DO1=0 DO2=0 DO3=0 makeupRunning=0 DO4=0 DI0=1 DI1=0 DI2=0 DI3=0 water=72.3
[Process] DO0=0 pumpRunning=0 frequencyHz=40.0 flow=0.00 PT01=16.27 PT05=13.67 MV1Feedback=20.00 DO1=0 DO2=0 DO3=0 makeupRunning=0 DO4=0 DI0=1 DI1=0 DI2=0 DI3=0 water=72.3
[Process] DO0=0 pumpRunning=0 frequencyHz=40.0 flow=0.00 PT01=16.27 PT05=13.67 MV1Feedback=20.00 DO1=0 DO2=0 DO3=0 makeupRunning=0 DO4=0 DI0=1 DI1=0 DI2=0 DI3=0 water=72.3
[Process] DO0=0 pumpRunning=0 frequencyHz=40.0 flow=0.00 PT01=16.27 PT05=13.67 MV1Feedback=20.00 DO1=0 DO2=0 DO3=0 makeupRunning=0 DO4=0 DI0=1 DI1=0 DI2=0 DI3=0 water=72.3
[Process] DO0=0 pumpRunning=0 frequencyHz=40.0 flow=0.00 PT01=16.27 PT05=13.67 MV1Feedback=20.00 DO1=0 DO2=0 DO3=0 makeupRunning=0 DO4=0 DI0=1 DI1=0 DI2=0 DI3=0 water=72.3
[Process] DO0=0 pumpRunning=0 frequencyHz=40.0 flow=0.00 PT01=16.27 PT05=13.67 MV1Feedback=20.00 DO1=0 DO2=0 DO3=0 makeupRunning=0 DO4=0 DI0=1 DI1=0 DI2=0 DI3=0 water=72.3
[Process] DO0=0 pumpRunning=0 frequencyHz=40.0 flow=0.00 PT01=16.27 PT05=13.67 MV1Feedback=20.00 DO1=0 DO2=0 DO3=0 makeupRunning=0 DO4=0 DI0=1 DI1=0 DI2=0 DI3=0 water=72.3
[Process] DO0=0 pumpRunning=0 frequencyHz=40.0 flow=0.00 PT01=16.27 PT05=13.67 MV1Feedback=20.00 DO1=0 DO2=0 DO3=0 makeupRunning=0 DO4=0 DI0=1 DI1=0 DI2=0 DI3=0 water=72.3
[Process] DO0=0 pumpRunning=0 frequencyHz=40.0 flow=0.00 PT01=16.27 PT05=13.67 MV1Feedback=20.00 DO1=0 DO2=0 DO3=0 makeupRunning=0 DO4=0 DI0=1 DI1=0 DI2=0 DI3=0 water=72.3
[Process] DO0=0 pumpRunning=0 frequencyHz=40.0 flow=0.00 PT01=16.27 PT05=13.67 MV1Feedback=20.00 DO1=0 DO2=0 DO3=0 makeupRunning=0 DO4=0 DI0=1 DI1=0 DI2=0 DI3=0 water=72.3
[Process] DO0=0 pumpRunning=0 frequencyHz=40.0 flow=0.00 PT01=16.27 PT05=13.67 MV1Feedback=20.00 DO1=0 DO2=0 DO3=0 makeupRunning=0 DO4=0 DI0=1 DI1=0 DI2=0 DI3=0 water=72.3
[Process] DO0=0 pumpRunning=0 frequencyHz=40.0 flow=0.00 PT01=16.27 PT05=13.67 MV1Feedback=20.00 DO1=0 DO2=0 DO3=0 makeupRunning=0 DO4=0 DI0=1 DI1=0 DI2=0 DI3=0 water=72.3
[Process] DO0=0 pumpRunning=0 frequencyHz=40.0 flow=0.00 PT01=16.27 PT05=13.67 MV1Feedback=20.00 DO1=0 DO2=0 DO3=0 makeupRunning=0 DO4=0 DI0=1 DI1=0 DI2=0 DI3=0 water=72.3
[Process] DO0=0 pumpRunning=0 frequencyHz=40.0 flow=0.00 PT01=16.27 PT05=13.67 MV1Feedback=20.00 DO1=0 DO2=0 DO3=0 makeupRunning=0 DO4=0 DI0=1 DI1=0 DI2=0 DI3=0 water=72.3
[Process] DO0=0 pumpRunning=0 frequencyHz=40.0 flow=0.00 PT01=16.27 PT05=13.67 MV1Feedback=20.00 DO1=0 DO2=0 DO3=0 makeupRunning=0 DO4=0 DI0=1 DI1=0 DI2=0 DI3=0 water=72.3
[Process] DO0=0 pumpRunning=0 frequencyHz=40.0 flow=0.00 PT01=16.27 PT05=13.67 MV1Feedback=20.00 DO1=0 DO2=0 DO3=0 makeupRunning=0 DO4=0 DI0=1 DI1=0 DI2=0 DI3=0 water=72.3
[Process] DO0=0 pumpRunning=0 frequencyHz=40.0 flow=0.00 PT01=16.27 PT05=13.67 MV1Feedback=20.00 DO1=0 DO2=0 DO3=0 makeupRunning=0 DO4=0 DI0=1 DI1=0 DI2=0 DI3=0 water=72.3
[Process] DO0=0 pumpRunning=0 frequencyHz=40.0 flow=0.00 PT01=16.27 PT05=13.67 MV1Feedback=20.00 DO1=0 DO2=0 DO3=0 makeupRunning=0 DO4=0 DI0=1 DI1=0 DI2=0 DI3=0 water=72.3
[Process] DO0=0 pumpRunning=0 frequencyHz=40.0 flow=0.00 PT01=16.27 PT05=13.67 MV1Feedback=20.00 DO1=0 DO2=0 DO3=0 makeupRunning=0 DO4=0 DI0=1 DI1=0 DI2=0 DI3=0 water=72.3
[Process] DO0=0 pumpRunning=0 frequencyHz=40.0 flow=0.00 PT01=16.27 PT05=13.67 MV1Feedback=20.00 DO1=0 DO2=0 DO3=0 makeupRunning=0 DO4=0 DI0=1 DI1=0 DI2=0 DI3=0 water=72.3
[Process] DO0=0 pumpRunning=0 frequencyHz=40.0 flow=0.00 PT01=16.27 PT05=13.67 MV1Feedback=20.00 DO1=0 DO2=0 DO3=0 makeupRunning=0 DO4=0 DI0=1 DI1=0 DI2=0 DI3=0 water=72.3
[Process] DO0=0 pumpRunning=0 frequencyHz=40.0 flow=0.00 PT01=16.27 PT05=13.67 MV1Feedback=20.00 DO1=0 DO2=0 DO3=0 makeupRunning=0 DO4=0 DI0=1 DI1=0 DI2=0 DI3=0 water=72.3
[Process] DO0=0 pumpRunning=0 frequencyHz=40.0 flow=0.00 PT01=16.27 PT05=13.67 MV1Feedback=20.00 DO1=0 DO2=0 DO3=0 makeupRunning=0 DO4=0 DI0=1 DI1=0 DI2=0 DI3=0 water=72.3
[Process] DO0=0 pumpRunning=0 frequencyHz=40.0 flow=0.00 PT01=16.27 PT05=13.67 MV1Feedback=20.00 DO1=0 DO2=0 DO3=0 makeupRunning=0 DO4=0 DI0=1 DI1=0 DI2=0 DI3=0 water=72.3
[Process] DO0=0 pumpRunning=0 frequencyHz=40.0 flow=0.00 PT01=16.27 PT05=13.67 MV1Feedback=20.00 DO1=0 DO2=0 DO3=0 makeupRunning=0 DO4=0 DI0=1 DI1=0 DI2=0 DI3=0 water=72.3
[Process] DO0=0 pumpRunning=0 frequencyHz=40.0 flow=0.00 PT01=16.27 PT05=13.67 MV1Feedback=20.00 DO1=0 DO2=0 DO3=0 makeupRunning=0 DO4=0 DI0=1 DI1=0 DI2=0 DI3=0 water=72.3
[Process] DO0=0 pumpRunning=0 frequencyHz=40.0 flow=0.00 PT01=16.27 PT05=13.67 MV1Feedback=20.00 DO1=0 DO2=0 DO3=0 makeupRunning=0 DO4=0 DI0=1 DI1=0 DI2=0 DI3=0 water=72.3
[Process] DO0=0 pumpRunning=0 frequencyHz=40.0 flow=0.00 PT01=16.27 PT05=13.67 MV1Feedback=20.00 DO1=0 DO2=0 DO3=0 makeupRunning=0 DO4=0 DI0=1 DI1=0 DI2=0 DI3=0 water=72.3
[Process] DO0=0 pumpRunning=0 frequencyHz=40.0 flow=0.00 PT01=16.27 PT05=13.67 MV1Feedback=20.00 DO1=0 DO2=0 DO3=0 makeupRunning=0 DO4=0 DI0=1 DI1=0 DI2=0 DI3=0 water=72.3
[Process] DO0=0 pumpRunning=0 frequencyHz=40.0 flow=0.00 PT01=16.27 PT05=13.67 MV1Feedback=20.00 DO1=0 DO2=0 DO3=0 makeupRunning=0 DO4=0 DI0=1 DI1=0 DI2=0 DI3=0 water=72.3
[Process] DO0=0 pumpRunning=0 frequencyHz=40.0 flow=0.00 PT01=16.27 PT05=13.67 MV1Feedback=20.00 DO1=0 DO2=0 DO3=0 makeupRunning=0 DO4=0 DI0=1 DI1=0 DI2=0 DI3=0 water=72.3
[Process] DO0=0 pumpRunning=0 frequencyHz=40.0 flow=0.00 PT01=16.27 PT05=13.67 MV1Feedback=20.00 DO1=0 DO2=0 DO3=0 makeupRunning=0 DO4=0 DI0=1 DI1=0 DI2=0 DI3=0 water=72.3
[Process] DO0=0 pumpRunning=0 frequencyHz=40.0 flow=0.00 PT01=16.27 PT05=13.67 MV1Feedback=20.00 DO1=0 DO2=0 DO3=0 makeupRunning=0 DO4=0 DI0=1 DI1=0 DI2=0 DI3=0 water=72.3
[Process] DO0=0 pumpRunning=0 frequencyHz=40.0 flow=0.00 PT01=16.27 PT05=13.67 MV1Feedback=20.00 DO1=0 DO2=0 DO3=0 makeupRunning=0 DO4=0 DI0=1 DI1=0 DI2=0 DI3=0 water=72.3
[Process] DO0=0 pumpRunning=0 frequencyHz=40.0 flow=0.00 PT01=16.27 PT05=13.67 MV1Feedback=20.00 DO1=0 DO2=0 DO3=0 makeupRunning=0 DO4=0 DI0=1 DI1=0 DI2=0 DI3=0 water=72.3
[Process] DO0=0 pumpRunning=0 frequencyHz=40.0 flow=0.00 PT01=16.27 PT05=13.67 MV1Feedback=20.00 DO1=0 DO2=0 DO3=0 makeupRunning=0 DO4=0 DI0=1 DI1=0 DI2=0 DI3=0 water=72.3
[Process] DO0=0 pumpRunning=0 frequencyHz=40.0 flow=0.00 PT01=16.27 PT05=13.67 MV1Feedback=20.00 DO1=0 DO2=0 DO3=0 makeupRunning=0 DO4=0 DI0=1 DI1=0 DI2=0 DI3=0 water=72.3
[Process] DO0=0 pumpRunning=0 frequencyHz=40.0 flow=0.00 PT01=16.27 PT05=13.67 MV1Feedback=20.00 DO1=0 DO2=0 DO3=0 makeupRunning=0 DO4=0 DI0=1 DI1=0 DI2=0 DI3=0 water=72.3
[Process] DO0=0 pumpRunning=0 frequencyHz=40.0 flow=0.00 PT01=16.27 PT05=13.67 MV1Feedback=20.00 DO1=0 DO2=0 DO3=0 makeupRunning=0 DO4=0 DI0=1 DI1=0 DI2=0 DI3=0 water=72.3
[Process] DO0=0 pumpRunning=0 frequencyHz=40.0 flow=0.00 PT01=16.27 PT05=13.67 MV1Feedback=20.00 DO1=0 DO2=0 DO3=0 makeupRunning=0 DO4=0 DI0=1 DI1=0 DI2=0 DI3=0 water=72.3
[Process] DO0=0 pumpRunning=0 frequencyHz=40.0 flow=0.00 PT01=16.27 PT05=13.67 MV1Feedback=20.00 DO1=0 DO2=0 DO3=0 makeupRunning=0 DO4=0 DI0=1 DI1=0 DI2=0 DI3=0 water=72.3
[17:53:30] ADAM-6224 DI1 漏液檢出 = 1：漏液；Core 應產生「漏液檢出」警報，流量降為 65% 且系統水量下降
[Process] DO0=0 pumpRunning=0 frequencyHz=40.0 flow=0.00 PT01=16.26 PT05=13.66 MV1Feedback=20.00 DO1=0 DO2=0 DO3=0 makeupRunning=0 DO4=0 DI0=1 DI1=1 DI2=0 DI3=0 water=72.1
[Process] DO0=0 pumpRunning=0 frequencyHz=40.0 flow=0.00 PT01=16.22 PT05=13.63 MV1Feedback=20.00 DO1=0 DO2=0 DO3=0 makeupRunning=0 DO4=0 DI0=1 DI1=1 DI2=0 DI3=0 water=71.7
[Process] DO0=0 pumpRunning=0 frequencyHz=40.0 flow=0.00 PT01=16.16 PT05=13.57 MV1Feedback=20.00 DO1=0 DO2=0 DO3=0 makeupRunning=0 DO4=0 DI0=1 DI1=1 DI2=0 DI3=0 water=71.3
[Process] DO0=0 pumpRunning=0 frequencyHz=40.0 flow=0.00 PT01=16.09 PT05=13.51 MV1Feedback=20.00 DO1=0 DO2=0 DO3=0 makeupRunning=0 DO4=0 DI0=1 DI1=1 DI2=0 DI3=0 water=70.9
[Process] DO0=0 pumpRunning=0 frequencyHz=40.0 flow=0.00 PT01=16.01 PT05=13.44 MV1Feedback=20.00 DO1=0 DO2=0 DO3=0 makeupRunning=0 DO4=0 DI0=1 DI1=1 DI2=0 DI3=0 water=70.5
[Process] DO0=0 pumpRunning=0 frequencyHz=40.0 flow=0.00 PT01=15.92 PT05=13.37 MV1Feedback=20.00 DO1=0 DO2=0 DO3=0 makeupRunning=0 DO4=0 DI0=1 DI1=1 DI2=0 DI3=0 water=70.1
[Process] DO0=0 pumpRunning=0 frequencyHz=40.0 flow=0.00 PT01=15.83 PT05=13.30 MV1Feedback=20.00 DO1=0 DO2=0 DO3=0 makeupRunning=0 DO4=0 DI0=1 DI1=1 DI2=0 DI3=0 water=69.7
[17:53:37] ADAM-6224 DI1 漏液檢出 = 0：漏液解除
[Process] DO0=0 pumpRunning=0 frequencyHz=40.0 flow=0.00 PT01=15.76 PT05=13.24 MV1Feedback=20.00 DO1=0 DO2=0 DO3=0 makeupRunning=0 DO4=0 DI0=1 DI1=0 DI2=0 DI3=0 water=69.6
[Process] DO0=0 pumpRunning=0 frequencyHz=40.0 flow=0.00 PT01=15.72 PT05=13.21 MV1Feedback=20.00 DO1=0 DO2=0 DO3=0 makeupRunning=0 DO4=0 DI0=1 DI1=0 DI2=0 DI3=0 water=69.6
[Process] DO0=0 pumpRunning=0 frequencyHz=40.0 flow=0.00 PT01=15.70 PT05=13.18 MV1Feedback=20.00 DO1=0 DO2=0 DO3=0 makeupRunning=0 DO4=0 DI0=1 DI1=0 DI2=0 DI3=0 water=69.6
[Process] DO0=0 pumpRunning=0 frequencyHz=40.0 flow=0.00 PT01=15.68 PT05=13.17 MV1Feedback=20.00 DO1=0 DO2=0 DO3=0 makeupRunning=0 DO4=0 DI0=1 DI1=0 DI2=0 DI3=0 water=69.6
[Process] DO0=0 pumpRunning=0 frequencyHz=40.0 flow=0.00 PT01=15.67 PT05=13.16 MV1Feedback=20.00 DO1=0 DO2=0 DO3=0 makeupRunning=0 DO4=0 DI0=1 DI1=0 DI2=0 DI3=0 water=69.6
[Process] DO0=0 pumpRunning=0 frequencyHz=40.0 flow=0.00 PT01=15.67 PT05=13.16 MV1Feedback=20.00 DO1=0 DO2=0 DO3=0 makeupRunning=0 DO4=0 DI0=1 DI1=0 DI2=0 DI3=0 water=69.6
[Process] DO0=0 pumpRunning=0 frequencyHz=40.0 flow=0.00 PT01=15.66 PT05=13.16 MV1Feedback=20.00 DO1=0 DO2=0 DO3=0 makeupRunning=0 DO4=0 DI0=1 DI1=0 DI2=0 DI3=0 water=69.6
[Process] DO0=0 pumpRunning=0 frequencyHz=40.0 flow=0.00 PT01=15.66 PT05=13.16 MV1Feedback=20.00 DO1=0 DO2=0 DO3=0 makeupRunning=0 DO4=0 DI0=1 DI1=0 DI2=0 DI3=0 water=69.6
[Process] DO0=0 pumpRunning=0 frequencyHz=40.0 flow=0.00 PT01=15.66 PT05=13.16 MV1Feedback=20.00 DO1=0 DO2=0 DO3=0 makeupRunning=0 DO4=0 DI0=1 DI1=0 DI2=0 DI3=0 water=69.6
[Process] DO0=0 pumpRunning=0 frequencyHz=40.0 flow=0.00 PT01=15.66 PT05=13.16 MV1Feedback=20.00 DO1=0 DO2=0 DO3=0 makeupRunning=0 DO4=0 DI0=1 DI1=0 DI2=0 DI3=0 water=69.6
[Process] DO0=0 pumpRunning=0 frequencyHz=40.0 flow=0.00 PT01=15.66 PT05=13.15 MV1Feedback=20.00 DO1=0 DO2=0 DO3=0 makeupRunning=0 DO4=0 DI0=1 DI1=0 DI2=0 DI3=0 water=69.6
[Process] DO0=0 pumpRunning=0 frequencyHz=40.0 flow=0.00 PT01=15.66 PT05=13.15 MV1Feedback=20.00 DO1=0 DO2=0 DO3=0 makeupRunning=0 DO4=0 DI0=1 DI1=0 DI2=0 DI3=0 water=69.6
[Process] DO0=0 pumpRunning=0 frequencyHz=40.0 flow=0.00 PT01=15.66 PT05=13.15 MV1Feedback=20.00 DO1=0 DO2=0 DO3=0 makeupRunning=0 DO4=0 DI0=1 DI1=0 DI2=0 DI3=0 water=69.6
[Process] DO0=0 pumpRunning=0 frequencyHz=40.0 flow=0.00 PT01=15.66 PT05=13.15 MV1Feedback=20.00 DO1=0 DO2=0 DO3=0 makeupRunning=0 DO4=0 DI0=1 DI1=0 DI2=0 DI3=0 water=69.6
[Process] DO0=0 pumpRunning=0 frequencyHz=40.0 flow=0.00 PT01=15.66 PT05=13.15 MV1Feedback=20.00 DO1=0 DO2=0 DO3=0 makeupRunning=0 DO4=0 DI0=1 DI1=0 DI2=0 DI3=0 water=69.6
[Process] DO0=0 pumpRunning=0 frequencyHz=40.0 flow=0.00 PT01=15.66 PT05=13.15 MV1Feedback=20.00 DO1=0 DO2=0 DO3=0 makeupRunning=0 DO4=0 DI0=1 DI1=0 DI2=0 DI3=0 water=69.6
[Process] DO0=0 pumpRunning=0 frequencyHz=40.0 flow=0.00 PT01=15.66 PT05=13.15 MV1Feedback=20.00 DO1=0 DO2=0 DO3=0 makeupRunning=0 DO4=0 DI0=1 DI1=0 DI2=0 DI3=0 water=69.6
[Process] DO0=0 pumpRunning=0 frequencyHz=40.0 flow=0.00 PT01=15.66 PT05=13.15 MV1Feedback=20.00 DO1=0 DO2=0 DO3=0 makeupRunning=0 DO4=0 DI0=1 DI1=0 DI2=0 DI3=0 water=69.6
[Process] DO0=0 pumpRunning=0 frequencyHz=40.0 flow=0.00 PT01=15.66 PT05=13.15 MV1Feedback=20.00 DO1=0 DO2=0 DO3=0 makeupRunning=0 DO4=0 DI0=1 DI1=0 DI2=0 DI3=0 water=69.6
[Process] DO0=0 pumpRunning=0 frequencyHz=40.0 flow=0.00 PT01=15.66 PT05=13.15 MV1Feedback=20.00 DO1=0 DO2=0 DO3=0 makeupRunning=0 DO4=0 DI0=1 DI1=0 DI2=0 DI3=0 water=69.6
[Process] DO0=0 pumpRunning=0 frequencyHz=40.0 flow=0.00 PT01=15.66 PT05=13.15 MV1Feedback=20.00 DO1=0 DO2=0 DO3=0 makeupRunning=0 DO4=0 DI0=1 DI1=0 DI2=0 DI3=0 water=69.6
[Process] DO0=0 pumpRunning=0 frequencyHz=40.0 flow=0.00 PT01=15.66 PT05=13.15 MV1Feedback=20.00 DO1=0 DO2=0 DO3=0 makeupRunning=0 DO4=0 DI0=1 DI1=0 DI2=0 DI3=0 water=69.6
[Process] DO0=0 pumpRunning=0 frequencyHz=40.0 flow=0.00 PT01=15.66 PT05=13.15 MV1Feedback=20.00 DO1=0 DO2=0 DO3=0 makeupRunning=0 DO4=0 DI0=1 DI1=0 DI2=0 DI3=0 water=69.6
[Process] DO0=0 pumpRunning=0 frequencyHz=40.0 flow=0.00 PT01=15.66 PT05=13.15 MV1Feedback=20.00 DO1=0 DO2=0 DO3=0 makeupRunning=0 DO4=0 DI0=1 DI1=0 DI2=0 DI3=0 water=69.6
[Process] DO0=0 pumpRunning=0 frequencyHz=40.0 flow=0.00 PT01=15.66 PT05=13.15 MV1Feedback=20.00 DO1=0 DO2=0 DO3=0 makeupRunning=0 DO4=0 DI0=1 DI1=0 DI2=0 DI3=0 water=69.6
[Process] DO0=0 pumpRunning=0 frequencyHz=40.0 flow=0.00 PT01=15.66 PT05=13.15 MV1Feedback=20.00 DO1=0 DO2=0 DO3=0 makeupRunning=0 DO4=0 DI0=1 DI1=0 DI2=0 DI3=0 water=69.6
[Process] DO0=0 pumpRunning=0 frequencyHz=40.0 flow=0.00 PT01=15.66 PT05=13.15 MV1Feedback=20.00 DO1=0 DO2=0 DO3=0 makeupRunning=0 DO4=0 DI0=1 DI1=0 DI2=0 DI3=0 water=69.6
[Process] DO0=0 pumpRunning=0 frequencyHz=40.0 flow=0.00 PT01=15.66 PT05=13.15 MV1Feedback=20.00 DO1=0 DO2=0 DO3=0 makeupRunning=0 DO4=0 DI0=1 DI1=0 DI2=0 DI3=0 water=69.6
[Process] DO0=0 pumpRunning=0 frequencyHz=40.0 flow=0.00 PT01=15.66 PT05=13.15 MV1Feedback=20.00 DO1=0 DO2=0 DO3=0 makeupRunning=0 DO4=0 DI0=1 DI1=0 DI2=0 DI3=0 water=69.6
[Process] DO0=0 pumpRunning=0 frequencyHz=40.0 flow=0.00 PT01=15.66 PT05=13.15 MV1Feedback=20.00 DO1=0 DO2=0 DO3=0 makeupRunning=0 DO4=0 DI0=1 DI1=0 DI2=0 DI3=0 water=69.6
[Process] DO0=0 pumpRunning=0 frequencyHz=40.0 flow=0.00 PT01=15.66 PT05=13.15 MV1Feedback=20.00 DO1=0 DO2=0 DO3=0 makeupRunning=0 DO4=0 DI0=1 DI1=0 DI2=0 DI3=0 water=69.6
[Process] DO0=0 pumpRunning=0 frequencyHz=40.0 flow=0.00 PT01=15.66 PT05=13.15 MV1Feedback=20.00 DO1=0 DO2=0 DO3=0 makeupRunning=0 DO4=0 DI0=1 DI1=0 DI2=0 DI3=0 water=69.6
[Process] DO0=0 pumpRunning=0 frequencyHz=40.0 flow=0.00 PT01=15.66 PT05=13.15 MV1Feedback=20.00 DO1=0 DO2=0 DO3=0 makeupRunning=0 DO4=0 DI0=1 DI1=0 DI2=0 DI3=0 water=69.6
[Process] DO0=0 pumpRunning=0 frequencyHz=40.0 flow=0.00 PT01=15.66 PT05=13.15 MV1Feedback=20.00 DO1=0 DO2=0 DO3=0 makeupRunning=0 DO4=0 DI0=1 DI1=0 DI2=0 DI3=0 water=69.6
[Process] DO0=0 pumpRunning=0 frequencyHz=40.0 flow=0.00 PT01=15.66 PT05=13.15 MV1Feedback=20.00 DO1=0 DO2=0 DO3=0 makeupRunning=0 DO4=0 DI0=1 DI1=0 DI2=0 DI3=0 water=69.6
[Process] DO0=0 pumpRunning=0 frequencyHz=40.0 flow=0.00 PT01=15.66 PT05=13.15 MV1Feedback=20.00 DO1=0 DO2=0 DO3=0 makeupRunning=0 DO4=0 DI0=1 DI1=0 DI2=0 DI3=0 water=69.6
[Process] DO0=0 pumpRunning=0 frequencyHz=40.0 flow=0.00 PT01=15.66 PT05=13.15 MV1Feedback=20.00 DO1=0 DO2=0 DO3=0 makeupRunning=0 DO4=0 DI0=1 DI1=0 DI2=0 DI3=0 water=69.6
[Process] DO0=0 pumpRunning=0 frequencyHz=40.0 flow=0.00 PT01=15.66 PT05=13.15 MV1Feedback=20.00 DO1=0 DO2=0 DO3=0 makeupRunning=0 DO4=0 DI0=1 DI1=0 DI2=0 DI3=0 water=69.6
[Process] DO0=0 pumpRunning=0 frequencyHz=40.0 flow=0.00 PT01=15.66 PT05=13.15 MV1Feedback=20.00 DO1=0 DO2=0 DO3=0 makeupRunning=0 DO4=0 DI0=1 DI1=0 DI2=0 DI3=0 water=69.6
[Process] DO0=0 pumpRunning=0 frequencyHz=40.0 flow=0.00 PT01=15.66 PT05=13.15 MV1Feedback=20.00 DO1=0 DO2=0 DO3=0 makeupRunning=0 DO4=0 DI0=1 DI1=0 DI2=0 DI3=0 water=69.6
[Process] DO0=0 pumpRunning=0 frequencyHz=40.0 flow=0.00 PT01=15.66 PT05=13.15 MV1Feedback=20.00 DO1=0 DO2=0 DO3=0 makeupRunning=0 DO4=0 DI0=1 DI1=0 DI2=0 DI3=0 water=69.6
[Process] DO0=0 pumpRunning=0 frequencyHz=40.0 flow=0.00 PT01=15.66 PT05=13.15 MV1Feedback=20.00 DO1=0 DO2=0 DO3=0 makeupRunning=0 DO4=0 DI0=1 DI1=0 DI2=0 DI3=0 water=69.6
[Process] DO0=0 pumpRunning=0 frequencyHz=40.0 flow=0.00 PT01=15.66 PT05=13.15 MV1Feedback=20.00 DO1=0 DO2=0 DO3=0 makeupRunning=0 DO4=0 DI0=1 DI1=0 DI2=0 DI3=0 water=69.6
[Process] DO0=0 pumpRunning=0 frequencyHz=40.0 flow=0.00 PT01=15.66 PT05=13.15 MV1Feedback=20.00 DO1=0 DO2=0 DO3=0 makeupRunning=0 DO4=0 DI0=1 DI1=0 DI2=0 DI3=0 water=69.6
[Process] DO0=0 pumpRunning=0 frequencyHz=40.0 flow=0.00 PT01=15.66 PT05=13.15 MV1Feedback=20.00 DO1=0 DO2=0 DO3=0 makeupRunning=0 DO4=0 DI0=1 DI1=0 DI2=0 DI3=0 water=69.6
[Process] DO0=0 pumpRunning=0 frequencyHz=40.0 flow=0.00 PT01=15.66 PT05=13.15 MV1Feedback=20.00 DO1=0 DO2=0 DO3=0 makeupRunning=0 DO4=0 DI0=1 DI1=0 DI2=0 DI3=0 water=69.6
[Process] DO0=0 pumpRunning=0 frequencyHz=40.0 flow=0.00 PT01=15.66 PT05=13.15 MV1Feedback=20.00 DO1=0 DO2=0 DO3=0 makeupRunning=0 DO4=0 DI0=1 DI1=0 DI2=0 DI3=0 water=69.6
[Process] DO0=0 pumpRunning=0 frequencyHz=40.0 flow=0.00 PT01=15.66 PT05=13.15 MV1Feedback=20.00 DO1=0 DO2=0 DO3=0 makeupRunning=0 DO4=0 DI0=1 DI1=0 DI2=0 DI3=0 water=69.6
[Process] DO0=0 pumpRunning=0 frequencyHz=40.0 flow=0.00 PT01=15.66 PT05=13.15 MV1Feedback=20.00 DO1=0 DO2=0 DO3=0 makeupRunning=0 DO4=0 DI0=1 DI1=0 DI2=0 DI3=0 water=69.6
[Process] DO0=0 pumpRunning=0 frequencyHz=40.0 flow=0.00 PT01=15.66 PT05=13.15 MV1Feedback=20.00 DO1=0 DO2=0 DO3=0 makeupRunning=0 DO4=0 DI0=1 DI1=0 DI2=0 DI3=0 water=69.6
[Process] DO0=0 pumpRunning=0 frequencyHz=40.0 flow=0.00 PT01=15.66 PT05=13.15 MV1Feedback=20.00 DO1=0 DO2=0 DO3=0 makeupRunning=0 DO4=0 DI0=1 DI1=0 DI2=0 DI3=0 water=69.6
[Process] DO0=0 pumpRunning=0 frequencyHz=40.0 flow=0.00 PT01=15.66 PT05=13.15 MV1Feedback=20.00 DO1=0 DO2=0 DO3=0 makeupRunning=0 DO4=0 DI0=1 DI1=0 DI2=0 DI3=0 water=69.6
[Process] DO0=0 pumpRunning=0 frequencyHz=40.0 flow=0.00 PT01=15.66 PT05=13.15 MV1Feedback=20.00 DO1=0 DO2=0 DO3=0 makeupRunning=0 DO4=0 DI0=1 DI1=0 DI2=0 DI3=0 water=69.6
[Process] DO0=0 pumpRunning=0 frequencyHz=40.0 flow=0.00 PT01=15.66 PT05=13.15 MV1Feedback=20.00 DO1=0 DO2=0 DO3=0 makeupRunning=0 DO4=0 DI0=1 DI1=0 DI2=0 DI3=0 water=69.6
[Process] DO0=0 pumpRunning=0 frequencyHz=40.0 flow=0.00 PT01=15.66 PT05=13.15 MV1Feedback=20.00 DO1=0 DO2=0 DO3=0 makeupRunning=0 DO4=0 DI0=1 DI1=0 DI2=0 DI3=0 water=69.6
[Process] DO0=0 pumpRunning=0 frequencyHz=40.0 flow=0.00 PT01=15.66 PT05=13.15 MV1Feedback=20.00 DO1=0 DO2=0 DO3=0 makeupRunning=0 DO4=0 DI0=1 DI1=0 DI2=0 DI3=0 water=69.6
[Process] DO0=0 pumpRunning=0 frequencyHz=40.0 flow=0.00 PT01=15.66 PT05=13.15 MV1Feedback=20.00 DO1=0 DO2=0 DO3=0 makeupRunning=0 DO4=0 DI0=1 DI1=0 DI2=0 DI3=0 water=69.6
[Process] DO0=0 pumpRunning=0 frequencyHz=40.0 flow=0.00 PT01=15.66 PT05=13.15 MV1Feedback=20.00 DO1=0 DO2=0 DO3=0 makeupRunning=0 DO4=0 DI0=1 DI1=0 DI2=0 DI3=0 water=69.6
[Process] DO0=0 pumpRunning=0 frequencyHz=40.0 flow=0.00 PT01=15.66 PT05=13.15 MV1Feedback=20.00 DO1=0 DO2=0 DO3=0 makeupRunning=0 DO4=0 DI0=1 DI1=0 DI2=0 DI3=0 water=69.6
[Process] DO0=0 pumpRunning=0 frequencyHz=40.0 flow=0.00 PT01=15.66 PT05=13.15 MV1Feedback=20.00 DO1=0 DO2=0 DO3=0 makeupRunning=0 DO4=0 DI0=1 DI1=0 DI2=0 DI3=0 water=69.6
[Process] DO0=0 pumpRunning=0 frequencyHz=40.0 flow=0.00 PT01=15.66 PT05=13.15 MV1Feedback=20.00 DO1=0 DO2=0 DO3=0 makeupRunning=0 DO4=0 DI0=1 DI1=0 DI2=0 DI3=0 water=69.6
[Process] DO0=0 pumpRunning=0 frequencyHz=40.0 flow=0.00 PT01=15.66 PT05=13.15 MV1Feedback=20.00 DO1=0 DO2=0 DO3=0 makeupRunning=0 DO4=0 DI0=1 DI1=0 DI2=0 DI3=0 water=69.6
[Process] DO0=0 pumpRunning=0 frequencyHz=40.0 flow=0.00 PT01=15.66 PT05=13.15 MV1Feedback=20.00 DO1=0 DO2=0 DO3=0 makeupRunning=0 DO4=0 DI0=1 DI1=0 DI2=0 DI3=0 water=69.6
[Process] DO0=0 pumpRunning=0 frequencyHz=40.0 flow=0.00 PT01=15.66 PT05=13.15 MV1Feedback=20.00 DO1=0 DO2=0 DO3=0 makeupRunning=0 DO4=0 DI0=1 DI1=0 DI2=0 DI3=0 water=69.6
[Process] DO0=0 pumpRunning=0 frequencyHz=40.0 flow=0.00 PT01=15.66 PT05=13.15 MV1Feedback=20.00 DO1=0 DO2=0 DO3=0 makeupRunning=0 DO4=0 DI0=1 DI1=0 DI2=0 DI3=0 water=69.6
[AdamDeviceServer] ADAM-6256 stopped
[AdamDeviceServer] ADAM-6217 A stopped
[AdamDeviceServer] ADAM-6217 B stopped
[AdamDeviceServer] ADAM-6224 stopped
[AdamDeviceServer] ADAM-6022 stopped
